Archive member included to satisfy reference by file (symbol)

c:/program files (x86)/gnu tools arm embedded/7 2018-q2-update/bin/../lib/gcc/arm-none-eabi/7.3.1/../../../../arm-none-eabi/lib/thumb/v7e-m/fpv4-sp/hard\libc_nano.a(lib_a-exit.o)
                              c:/program files (x86)/gnu tools arm embedded/7 2018-q2-update/bin/../lib/gcc/arm-none-eabi/7.3.1/../../../../arm-none-eabi/lib/thumb/v7e-m/fpv4-sp/hard/crt0.o (exit)
c:/program files (x86)/gnu tools arm embedded/7 2018-q2-update/bin/../lib/gcc/arm-none-eabi/7.3.1/../../../../arm-none-eabi/lib/thumb/v7e-m/fpv4-sp/hard\libc_nano.a(lib_a-impure.o)
                              c:/program files (x86)/gnu tools arm embedded/7 2018-q2-update/bin/../lib/gcc/arm-none-eabi/7.3.1/../../../../arm-none-eabi/lib/thumb/v7e-m/fpv4-sp/hard\libc_nano.a(lib_a-exit.o) (_global_impure_ptr)
c:/program files (x86)/gnu tools arm embedded/7 2018-q2-update/bin/../lib/gcc/arm-none-eabi/7.3.1/../../../../arm-none-eabi/lib/thumb/v7e-m/fpv4-sp/hard\libc_nano.a(lib_a-init.o)
                              c:/program files (x86)/gnu tools arm embedded/7 2018-q2-update/bin/../lib/gcc/arm-none-eabi/7.3.1/../../../../arm-none-eabi/lib/thumb/v7e-m/fpv4-sp/hard/crt0.o (__libc_init_array)
c:/program files (x86)/gnu tools arm embedded/7 2018-q2-update/bin/../lib/gcc/arm-none-eabi/7.3.1/../../../../arm-none-eabi/lib/thumb/v7e-m/fpv4-sp/hard\libc_nano.a(lib_a-memcpy-stub.o)
                              build/flash.o (memcpy)
c:/program files (x86)/gnu tools arm embedded/7 2018-q2-update/bin/../lib/gcc/arm-none-eabi/7.3.1/../../../../arm-none-eabi/lib/thumb/v7e-m/fpv4-sp/hard\libc_nano.a(lib_a-memset.o)
                              c:/program files (x86)/gnu tools arm embedded/7 2018-q2-update/bin/../lib/gcc/arm-none-eabi/7.3.1/../../../../arm-none-eabi/lib/thumb/v7e-m/fpv4-sp/hard/crt0.o (memset)
c:/program files (x86)/gnu tools arm embedded/7 2018-q2-update/bin/../lib/gcc/arm-none-eabi/7.3.1/../../../../arm-none-eabi/lib/thumb/v7e-m/fpv4-sp/hard\libc_nano.a(lib_a-sprintf.o)
                              build/tasks.o (sprintf)
c:/program files (x86)/gnu tools arm embedded/7 2018-q2-update/bin/../lib/gcc/arm-none-eabi/7.3.1/../../../../arm-none-eabi/lib/thumb/v7e-m/fpv4-sp/hard\libc_nano.a(lib_a-strcpy.o)
                              build/tasks.o (strcpy)
c:/program files (x86)/gnu tools arm embedded/7 2018-q2-update/bin/../lib/gcc/arm-none-eabi/7.3.1/../../../../arm-none-eabi/lib/thumb/v7e-m/fpv4-sp/hard\libc_nano.a(lib_a-strlen.o)
                              build/tasks.o (strlen)
c:/program files (x86)/gnu tools arm embedded/7 2018-q2-update/bin/../lib/gcc/arm-none-eabi/7.3.1/../../../../arm-none-eabi/lib/thumb/v7e-m/fpv4-sp/hard\libc_nano.a(lib_a-nano-svfprintf.o)
                              c:/program files (x86)/gnu tools arm embedded/7 2018-q2-update/bin/../lib/gcc/arm-none-eabi/7.3.1/../../../../arm-none-eabi/lib/thumb/v7e-m/fpv4-sp/hard\libc_nano.a(lib_a-sprintf.o) (_svfprintf_r)
c:/program files (x86)/gnu tools arm embedded/7 2018-q2-update/bin/../lib/gcc/arm-none-eabi/7.3.1/../../../../arm-none-eabi/lib/thumb/v7e-m/fpv4-sp/hard\libc_nano.a(lib_a-nano-vfprintf_i.o)
                              c:/program files (x86)/gnu tools arm embedded/7 2018-q2-update/bin/../lib/gcc/arm-none-eabi/7.3.1/../../../../arm-none-eabi/lib/thumb/v7e-m/fpv4-sp/hard\libc_nano.a(lib_a-nano-svfprintf.o) (_printf_i)
c:/program files (x86)/gnu tools arm embedded/7 2018-q2-update/bin/../lib/gcc/arm-none-eabi/7.3.1/../../../../arm-none-eabi/lib/thumb/v7e-m/fpv4-sp/hard\libc_nano.a(lib_a-memchr.o)
                              c:/program files (x86)/gnu tools arm embedded/7 2018-q2-update/bin/../lib/gcc/arm-none-eabi/7.3.1/../../../../arm-none-eabi/lib/thumb/v7e-m/fpv4-sp/hard\libc_nano.a(lib_a-nano-svfprintf.o) (memchr)
c:/program files (x86)/gnu tools arm embedded/7 2018-q2-update/bin/../lib/gcc/arm-none-eabi/7.3.1/../../../../arm-none-eabi/lib/thumb/v7e-m/fpv4-sp/hard\libc_nano.a(lib_a-memmove.o)
                              c:/program files (x86)/gnu tools arm embedded/7 2018-q2-update/bin/../lib/gcc/arm-none-eabi/7.3.1/../../../../arm-none-eabi/lib/thumb/v7e-m/fpv4-sp/hard\libc_nano.a(lib_a-nano-svfprintf.o) (memmove)
c:/program files (x86)/gnu tools arm embedded/7 2018-q2-update/bin/../lib/gcc/arm-none-eabi/7.3.1/../../../../arm-none-eabi/lib/thumb/v7e-m/fpv4-sp/hard\libc_nano.a(lib_a-nano-freer.o)
                              c:/program files (x86)/gnu tools arm embedded/7 2018-q2-update/bin/../lib/gcc/arm-none-eabi/7.3.1/../../../../arm-none-eabi/lib/thumb/v7e-m/fpv4-sp/hard\libc_nano.a(lib_a-nano-svfprintf.o) (_free_r)
c:/program files (x86)/gnu tools arm embedded/7 2018-q2-update/bin/../lib/gcc/arm-none-eabi/7.3.1/../../../../arm-none-eabi/lib/thumb/v7e-m/fpv4-sp/hard\libc_nano.a(lib_a-nano-mallocr.o)
[...]
Memory Configuration

Name             Origin             Length             Attributes
RAM              0x20000000         0x00008000         xrw
FLASH            0x08000000         0x00020000         xr
*default*        0x00000000         0xffffffff

Linker script and memory map

LOAD c:/program files (x86)/gnu tools arm embedded/7 2018-q2-update/bin/../lib/gcc/arm-none-eabi/7.3.1/thumb/v7e-m/fpv4-sp/hard/crti.o
LOAD c:/program files (x86)/gnu tools arm embedded/7 2018-q2-update/bin/../lib/gcc/arm-none-eabi/7.3.1/thumb/v7e-m/fpv4-sp/hard/crtbegin.o
LOAD c:/program files (x86)/gnu tools arm embedded/7 2018-q2-update/bin/../lib/gcc/arm-none-eabi/7.3.1/../../../../arm-none-eabi/lib/thumb/v7e-m/fpv4-sp/hard/crt0.o
LOAD build/main.o
LOAD build/adc.o
LOAD build/calibration.o
LOAD build/EM_test.o
LOAD build/flash.o
LOAD build/global.o
LOAD build/icmu.o
LOAD build/led.o
LOAD build/limit_pos_detection.o
LOAD build/nvic.o
LOAD build/parameter_identification.o
LOAD build/performance_test.o
LOAD build/pid.o
LOAD build/profile_joint.o
LOAD build/pwm.o
LOAD build/scope.o
LOAD build/security.o
LOAD build/spi_IChaus.o
LOAD build/spi_MEncoder.o
LOAD build/stm32_math_sin.o
LOAD build/uart.o
LOAD build/app_freertos.o
LOAD build/stm32g4xx_it.o
LOAD build/stm32g4xx_hal_msp.o
LOAD build/sensorless.o
LOAD build/stm32g4xx_hal.o
LOAD build/stm32g4xx_hal_rcc.o
LOAD build/stm32g4xx_hal_rcc_ex.o
LOAD build/stm32g4xx_hal_flash.o
LOAD build/stm32g4xx_hal_flash_ex.o
LOAD build/stm32g4xx_hal_flash_ramfunc.o
LOAD build/stm32g4xx_hal_gpio.o
LOAD build/stm32g4xx_hal_exti.o
LOAD build/stm32g4xx_hal_dma.o
LOAD build/stm32g4xx_hal_dma_ex.o
LOAD build/stm32g4xx_hal_pwr.o
LOAD build/stm32g4xx_hal_pwr_ex.o
LOAD build/stm32g4xx_hal_cortex.o
LOAD build/stm32g4xx_hal_tim.o
LOAD build/stm32g4xx_hal_tim_ex.o
LOAD build/stm32g4xx_hal_adc.o
LOAD build/stm32g4xx_hal_adc_ex.o
LOAD build/stm32g4xx_hal_uart.o
LOAD build/stm32g4xx_hal_uart_ex.o
LOAD build/stm32g4xx_hal_usart.o
LOAD build/stm32g4xx_hal_usart_ex.o
LOAD build/stm32g4xx_hal_spi.o
LOAD build/stm32g4xx_hal_spi_ex.o
LOAD build/system_stm32g4xx.o
LOAD build/croutine.o
LOAD build/event_groups.o
LOAD build/list.o
LOAD build/queue.o
LOAD build/stream_buffer.o
LOAD build/tasks.o
LOAD build/timers.o
LOAD build/cmsis_os.o
LOAD build/heap_4.o
LOAD build/port.o
LOAD build/startup_stm32g431xx.o
LOAD build/stm32_math.o
LOAD c:/program files (x86)/gnu tools arm embedded/7 2018-q2-update/bin/../lib/gcc/arm-none-eabi/7.3.1/../../../../arm-none-eabi/lib/thumb/v7e-m/fpv4-sp/hard\libc_nano.a
LOAD c:/program files (x86)/gnu tools arm embedded/7 2018-q2-update/bin/../lib/gcc/arm-none-eabi/7.3.1/../../../../arm-none-eabi/lib/thumb/v7e-m/fpv4-sp/hard\libm.a
LOAD c:/program files (x86)/gnu tools arm embedded/7 2018-q2-update/bin/../lib/gcc/arm-none-eabi/7.3.1/../../../../arm-none-eabi/lib/thumb/v7e-m/fpv4-sp/hard\libnosys.a
START GROUP
LOAD c:/program files (x86)/gnu tools arm embedded/7 2018-q2-update/bin/../lib/gcc/arm-none-eabi/7.3.1/thumb/v7e-m/fpv4-sp/hard\libgcc.a
LOAD c:/program files (x86)/gnu tools arm embedded/7 2018-q2-update/bin/../lib/gcc/arm-none-eabi/7.3.1/../../../../arm-none-eabi/lib/thumb/v7e-m/fpv4-sp/hard\libc_nano.a
END GROUP
START GROUP
LOAD c:/program files (x86)/gnu tools arm embedded/7 2018-q2-update/bin/../lib/gcc/arm-none-eabi/7.3.1/thumb/v7e-m/fpv4-sp/hard\libgcc.a
LOAD c:/program files (x86)/gnu tools arm embedded/7 2018-q2-update/bin/../lib/gcc/arm-none-eabi/7.3.1/../../../../arm-none-eabi/lib/thumb/v7e-m/fpv4-sp/hard\libc_nano.a
END GROUP
LOAD c:/program files (x86)/gnu tools arm embedded/7 2018-q2-update/bin/../lib/gcc/arm-none-eabi/7.3.1/thumb/v7e-m/fpv4-sp/hard/crtend.o
LOAD c:/program files (x86)/gnu tools arm embedded/7 2018-q2-update/bin/../lib/gcc/arm-none-eabi/7.3.1/thumb/v7e-m/fpv4-sp/hard/crtn.o
                0x20008000                _estack = (ORIGIN (RAM) + LENGTH (RAM))
                0x00000000                _Min_Heap_Size = 0x0
                0x00000400                _Min_Stack_Size = 0x400

.isr_vector     0x08000000      0x1d8
                0x08000000                . = ALIGN (0x4)
 *(.isr_vector)
 .isr_vector    0x08000000      0x1d8 build/startup_stm32g431xx.o
                0x08000000                g_pfnVectors
                0x080001d8                . = ALIGN (0x4)

.text           0x080001e0     0xbe44
                0x080001e0                . = ALIGN (0x4)
 *(.text)
 .text          0x080001e0       0x40 c:/program files (x86)/gnu tools arm embedded/7 2018-q2-update/bin/../lib/gcc/arm-none-eabi/7.3.1/thumb/v7e-m/fpv4-sp/hard/crtbegin.o
 .text          0x08000220       0xb2 build/stm32_math.o
                0x08000220                Q16_Int
                0x0800022a                Int_Q16
                0x08000230                Q16_MUL
                0x0800023e                Q15_MUL
                0x0800024c                Q15_PARK
                0x08000252                SQRT_INT
                0x080002b6                MUL_DIV
                0x080002c0                ASM_MUL
                0x080002c6                Uint32_DIV
 *fill*         0x080002d2        0x2 
 .text          0x080002d4      0x378 c:/program files (x86)/gnu tools arm embedded/7 2018-q2-update/bin/../lib/gcc/arm-none-eabi/7.3.1/thumb/v7e-m/fpv4-sp/hard\libgcc.a(_arm_addsubdf3.o)
                0x080002d4                __aeabi_drsub
                0x080002dc                __aeabi_dsub
                0x080002dc                __subdf3
                0x080002e0                __aeabi_dadd
                0x080002e0                __adddf3
                0x08000558                __floatunsidf
                0x08000558                __aeabi_ui2d
                0x08000578                __floatsidf
                0x08000578                __aeabi_i2d
                0x0800059c                __aeabi_f2d
                0x0800059c                __extendsfdf2
                0x080005e0                __floatundidf
                0x080005e0                __aeabi_ul2d
                0x080005f0                __floatdidf
                0x080005f0                __aeabi_l2d
 .text          0x0800064c      0x424 c:/program files (x86)/gnu tools arm embedded/7 2018-q2-update/bin/../lib/gcc/arm-none-eabi/7.3.1/thumb/v7e-m/fpv4-sp/hard\libgcc.a(_arm_muldivdf3.o)
                0x0800064c                __aeabi_dmul
                0x0800064c                __muldf3
                0x080008a0                __divdf3
                0x080008a0                __aeabi_ddiv
 .text          0x08000a70      0x110 c:/program files (x86)/gnu tools arm embedded/7 2018-q2-update/bin/../lib/gcc/arm-none-eabi/7.3.1/thumb/v7e-m/fpv4-sp/hard\libgcc.a(_arm_cmpdf2.o)
                0x08000a70                __gtdf2
                0x08000a70                __gedf2
                0x08000a78                __ltdf2
                0x08000a78                __ledf2
                0x08000a80                __nedf2
                0x08000a80                __eqdf2
                0x08000a80                __cmpdf2
                0x08000afc                __aeabi_cdrcmple
                0x08000b0c                __aeabi_cdcmpeq
                0x08000b0c                __aeabi_cdcmple
                0x08000b1c                __aeabi_dcmpeq
                0x08000b30                __aeabi_dcmplt
                0x08000b44                __aeabi_dcmple
                0x08000b58                __aeabi_dcmpge
                0x08000b6c                __aeabi_dcmpgt
 .text          0x08000b80       0x2c c:/program files (x86)/gnu tools arm embedded/7 2018-q2-update/bin/../lib/gcc/arm-none-eabi/7.3.1/thumb/v7e-m/fpv4-sp/hard\libgcc.a(_arm_unorddf2.o)
                0x08000b80                __unorddf2
                0x08000b80                __aeabi_dcmpun
 .text          0x08000bac       0x50 c:/program files (x86)/gnu tools arm embedded/7 2018-q2-update/bin/../lib/gcc/arm-none-eabi/7.3.1/thumb/v7e-m/fpv4-sp/hard\libgcc.a(_arm_fixdfsi.o)
                0x08000bac                __aeabi_d2iz
                0x08000bac                __fixdfsi
 .text          0x08000bfc       0x40 c:/program files (x86)/gnu tools arm embedded/7 2018-q2-update/bin/../lib/gcc/arm-none-eabi/7.3.1/thumb/v7e-m/fpv4-sp/hard\libgcc.a(_arm_fixunsdfsi.o)
                0x08000bfc                __aeabi_d2uiz
                0x08000bfc                __fixunsdfsi
 .text          0x08000c3c       0xa0 c:/program files (x86)/gnu tools arm embedded/7 2018-q2-update/bin/../lib/gcc/arm-none-eabi/7.3.1/thumb/v7e-m/fpv4-sp/hard\libgcc.a(_arm_truncdfsf2.o)
                0x08000c3c                __truncdfsf2
                0x08000c3c                __aeabi_d2f
 .text          0x08000cdc       0xa0 c:/program files (x86)/gnu tools arm embedded/7 2018-q2-update/bin/../lib/gcc/arm-none-eabi/7.3.1/thumb/v7e-m/fpv4-sp/hard\libgcc.a(_aeabi_ldivmod.o)
                0x08000cdc                __aeabi_ldivmod
 .text          0x08000d7c       0x30 c:/program files (x86)/gnu tools arm embedded/7 2018-q2-update/bin/../lib/gcc/arm-none-eabi/7.3.1/thumb/v7e-m/fpv4-sp/hard\libgcc.a(_aeabi_uldivmod.o)
                0x08000d7c                __aeabi_uldivmod
 .text          0x08000dac      0x2cc c:/program files (x86)/gnu tools arm embedded/7 2018-q2-update/bin/../lib/gcc/arm-none-eabi/7.3.1/thumb/v7e-m/fpv4-sp/hard\libgcc.a(_udivmoddi4.o)
                0x08000dac                __udivmoddi4
 .text          0x08001078        0x4 c:/program files (x86)/gnu tools arm embedded/7 2018-q2-update/bin/../lib/gcc/arm-none-eabi/7.3.1/thumb/v7e-m/fpv4-sp/hard\libgcc.a(_dvmd_tls.o)
                0x08001078                __aeabi_idiv0
                0x08001078                __aeabi_ldiv0
 *(.text*)
 .text.SystemClock_Config
                0x0800107c       0x8a build/main.o
                0x0800107c                SystemClock_Config
 *fill*         0x08001106        0x2 
 .text.startup.main
                0x08001108      0x2a4 build/main.o
                0x08001108                main
 .text.Error_Handler
                0x080013ac        0x4 build/main.o
                0x080013ac                Error_Handler
 .text.MX_ADC1_Init
                0x080013b0      0x100 build/adc.o
                0x080013b0                MX_ADC1_Init
 .text.MX_ADC2_Init
                0x080014b0      0x128 build/adc.o
                0x080014b0                MX_ADC2_Init
 .text.start_temperature_adc
                0x080015d8       0x8c build/adc.o
                0x080015d8                start_temperature_adc
 .text.get_average_force_data
                0x08001664       0x98 build/adc.o
                0x08001664                get_average_force_data
 .text.ADC1_2_IRQHandler
                0x080016fc       0x20 build/adc.o
                0x080016fc                ADC1_2_IRQHandler
 .text.pos_linearity_ini
                0x0800171c       0x4c build/adc.o
                0x0800171c                pos_linearity_ini
 .text.Pos_Correct
                0x08001768      0x14c build/adc.o
                0x08001768                Pos_Correct
 .text.Get_Pos_Rod
                0x080018b4      0x120 build/adc.o
                0x080018b4                Get_Pos_Rod
 .text.pos_linearity_set_default
                0x080019d4       0x70 build/adc.o
                0x080019d4                pos_linearity_set_default
 .text.delay_ms
                0x08001a44       0x30 build/calibration.o
                0x08001a44                delay_ms
 .text.CurrentDemarcate
                0x08001a74       0xb8 build/calibration.o
                0x08001a74                CurrentDemarcate
 .text.Flash_Write
                0x08001b2c       0x90 build/flash.o
                0x08001b2c                Flash_Write
 .text.Flash_Read
                0x08001bbc       0x16 build/flash.o
                0x08001bbc                Flash_Read
 *fill*         0x08001bd2        0x2 
 .text.Flash_ReadCmdmap
                0x08001bd4       0x58 build/flash.o
                0x08001bd4                Flash_ReadCmdmap
 .text.Flash_SaveCmdmap
                0x08001c2c       0x2c build/flash.o
                0x08001c2c                Flash_SaveCmdmap
 .text.Flash_SaveUserCmdmap
                0x08001c58       0x2c build/flash.o
                0x08001c58                Flash_SaveUserCmdmap
 *fill*         0x08001c84        0x4 
 .text.Flash_Init
                0x08001c88      0x5c0 build/flash.o
                0x08001c88                Flash_Init
 .text.clear_flash_erro
                0x08002248        0xc build/flash.o
                0x08002248                clear_flash_erro
 .text.DMA1_Channel3_IRQHandler
                0x08002254       0x24 build/icmu.o
                0x08002254                DMA1_Channel3_IRQHandler
 .text.DMA1_Channel4_IRQHandler
                0x08002278       0x88 build/icmu.o
                0x08002278                DMA1_Channel4_IRQHandler
 .text.icmu_sdtransmission_test
                0x08002300       0x20 build/icmu.o
                0x08002300                icmu_sdtransmission_test
 .text.clear_eeprom_erro
                0x08002320        0xc build/icmu.o
                0x08002320                clear_eeprom_erro
 .text.icmu_eerpom_erro_detect
                0x0800232c       0x20 build/icmu.o
                0x0800232c                icmu_eerpom_erro_detect
 .text.LED_Init
                0x0800234c       0xcc build/led.o
                0x0800234c                LED_Init
 .text.detect_limitPos
                0x08002418      0x308 build/limit_pos_detection.o
                0x08002418                detect_limitPos
 .text.clear_limit_event
                0x08002720       0x14 build/limit_pos_detection.o
                0x08002720                clear_limit_event
 .text.NVIC_Configuration
                0x08002734        0x6 build/nvic.o
                0x08002734                NVIC_Configuration
 .text.measure_R
                0x0800273a        0x2 build/parameter_identification.o
                0x0800273a                measure_R
 .text.ini_waveSinGenrator
                0x0800273c       0x28 build/performance_test.o
                0x0800273c                ini_waveSinGenrator
 *fill*         0x08002764        0x4 
 .text.setPara_waveSinGenrator
                0x08002768       0xd0 build/performance_test.o
                0x08002768                setPara_waveSinGenrator
 .text.stop_posWaveSin
                0x08002838        0x8 build/performance_test.o
                0x08002838                stop_posWaveSin
 .text.PID_ini  0x08002840        0xe build/pid.o
                0x08002840                PID_ini
 *fill*         0x0800284e        0x2 
 .text.PID_control
                0x08002850      0x108 build/pid.o
                0x08002850                PID_control
 .text.force_PID_out
                0x08002958       0x30 build/pid.o
                0x08002958                force_PID_out
 .text.PositionPID
                0x08002988       0xd8 build/pid.o
                0x08002988                PositionPID
 .text.Gripper_control
                0x08002a60      0x158 build/pid.o
                0x08002a60                Gripper_control
 .text.phase_current_from_adcval
                0x08002bb8       0x24 build/pid.o
                0x08002bb8                phase_current_from_adcval
 .text.GetCurrent
                0x08002bdc      0x200 build/pid.o
                0x08002bdc                GetCurrent
 *fill*         0x08002ddc        0x4 
 .text.ServoPro_Fast
                0x08002de0      0x80c build/pid.o
                0x08002de0                ServoPro_Fast
 .text.Loop3_EnableManage
                0x080035ec       0xd8 build/pid.o
                0x080035ec                Loop3_EnableManage
 .text.work_var_updata
                0x080036c4      0x140 build/pid.o
                0x080036c4                work_var_updata
 .text.EXTI3_IRQHandler
                0x08003804      0x530 build/pid.o
                0x08003804                EXTI3_IRQHandler
 .text.Profile_ParaSet
                0x08003d34       0xb0 build/profile_joint.o
                0x08003d34                Profile_ParaSet
 .text.Profile  0x08003de4     0x10d8 build/profile_joint.o
                0x08003de4                Profile
 .text.recPosCmd
                0x08004ebc      0x110 build/profile_joint.o
                0x08004ebc                recPosCmd
 .text.target_position_arrived
                0x08004fcc       0x12 build/profile_joint.o
                0x08004fcc                target_position_arrived
 *fill*         0x08004fde        0x2 
 .text.SWI_EXTI_Config
                0x08004fe0       0x34 build/pwm.o
                0x08004fe0                SWI_EXTI_Config
 .text.MX_TIM1_Init
                0x08005014      0x1a8 build/pwm.o
                0x08005014                MX_TIM1_Init
 .text.PWM_Init
                0x080051bc        0xe build/pwm.o
                0x080051bc                PWM_Init
 *fill*         0x080051ca        0x2 
 .text.PWM_Disable
                0x080051cc       0x40 build/pwm.o
                0x080051cc                PWM_Disable
 .text.Calculate_CCR
                0x0800520c      0x1f8 build/pwm.o
                0x0800520c                Calculate_CCR
 .text.PWM_OutPut_Open
                0x08005404       0x50 build/pwm.o
                0x08005404                PWM_OutPut_Open
 .text.PWM_Enable
                0x08005454       0x40 build/pwm.o
                0x08005454                PWM_Enable
 .text.ScopeProDebug
                0x08005494       0xa8 build/scope.o
                0x08005494                ScopeProDebug
 .text.ScopeProDebug_2
                0x0800553c       0x68 build/scope.o
                0x0800553c                ScopeProDebug_2
 .text.ReturnCLibADC_Frame
                0x080055a4       0x4c build/scope.o
                0x080055a4                ReturnCLibADC_Frame
 .text.Return_state_frame
                0x080055f0       0xa0 build/scope.o
                0x080055f0                Return_state_frame
 .text.Return_OldFrame_state
                0x08005690       0xa0 build/scope.o
                0x08005690                Return_OldFrame_state
 .text.Return_OldFrame_data
                0x08005730       0xd4 build/scope.o
                0x08005730                Return_OldFrame_data
 .text.generate_errorCode
                0x08005804      0x1e0 build/security.o
                0x08005804                generate_errorCode
 .text.ClearError
                0x080059e4       0x18 build/security.o
                0x080059e4                ClearError
 .text.Stroke_protection
                0x080059fc       0x58 build/security.o
                0x080059fc                Stroke_protection
 .text.motor_fault_check
                0x08005a54       0x60 build/security.o
                0x08005a54                motor_fault_check
 .text.user_param_protected
                0x08005ab4       0x30 build/security.o
                0x08005ab4                user_param_protected
 .text.MTPro    0x08005ae4        0x2 build/spi_MEncoder.o
                0x08005ae4                MTPro
 *fill*         0x08005ae6        0x2 
 .text.GetElectricAngle
                0x08005ae8      0x13c build/spi_MEncoder.o
                0x08005ae8                GetElectricAngle
 .text.sim_ElectricAngle
                0x08005c24      0x1bc build/spi_MEncoder.o
                0x08005c24                sim_ElectricAngle
 .text.Encode_Single_to_Multi_R
                0x08005de0       0x60 build/spi_MEncoder.o
                0x08005de0                Encode_Single_to_Multi_R
 .text.Math_Trig_Functions_512
                0x08005e40       0xa0 build/stm32_math_sin.o
                0x08005e40                Math_Trig_Functions_512
 .text.Math_Sin_EN360
                0x08005ee0       0x20 build/stm32_math_sin.o
                0x08005ee0                Math_Sin_EN360
 .text.Math_Cos_EN360
                0x08005f00       0x20 build/stm32_math_sin.o
                0x08005f00                Math_Cos_EN360
 .text.UART_PushFrame
                0x08005f20       0x90 build/uart.o
                0x08005f20                UART_PushFrame
 .text.MX_USART1_UART_Init
                0x08005fb0       0xa4 build/uart.o
                0x08005fb0                MX_USART1_UART_Init
 .text.UART_PushFrame_Old
                0x08006054       0x8c build/uart.o
                0x08006054                UART_PushFrame_Old
 .text.UART_ParseFrame
                0x080060e0      0x4c8 build/uart.o
                0x080060e0                UART_ParseFrame
 .text.UART_CheckReceive
                0x080065a8       0xb4 build/uart.o
                0x080065a8                UART_CheckReceive
 .text.Rx_Send_Modbus
                0x0800665c       0x74 build/uart.o
                0x0800665c                Rx_Send_Modbus
 .text.ModBusCRC16
                0x080066d0       0x2c build/uart.o
                0x080066d0                ModBusCRC16
 .text.ModBusCRC16Send
                0x080066fc       0x32 build/uart.o
                0x080066fc                ModBusCRC16Send
 *fill*         0x0800672e        0x2 
 .text.Rx_Pro_Modbus
                0x08006730      0x39c build/uart.o
                0x08006730                Rx_Pro_Modbus
 .text.UART_CheckReceive_1
                0x08006acc      0x140 build/uart.o
                0x08006acc                UART_CheckReceive_1
 .text.getRunTimeCounterValue
                0x08006c0c        0x4 build/app_freertos.o
                0x08006c0c                getRunTimeCounterValue
 .text.NMI_Handler
                0x08006c10        0x2 build/stm32g4xx_it.o
                0x08006c10                NMI_Handler
 .text.HardFault_Handler
                0x08006c12        0x2 build/stm32g4xx_it.o
                0x08006c12                HardFault_Handler
 .text.MemManage_Handler
                0x08006c14        0x2 build/stm32g4xx_it.o
                0x08006c14                MemManage_Handler
 .text.BusFault_Handler
                0x08006c16        0x2 build/stm32g4xx_it.o
                0x08006c16                BusFault_Handler
 .text.UsageFault_Handler
                0x08006c18        0x2 build/stm32g4xx_it.o
                0x08006c18                UsageFault_Handler
 .text.DebugMon_Handler
                0x08006c1a        0x2 build/stm32g4xx_it.o
                0x08006c1a                DebugMon_Handler
 .text.SysTick_Handler
                0x08006c1c        0x4 build/stm32g4xx_it.o
                0x08006c1c                SysTick_Handler
 .text.DMA1_Channel1_IRQHandler
                0x08006c20        0xc build/stm32g4xx_it.o
                0x08006c20                DMA1_Channel1_IRQHandler
 .text.USART1_IRQHandler
                0x08006c2c        0xc build/stm32g4xx_it.o
                0x08006c2c                USART1_IRQHandler
 .text.HAL_MspInit
                0x08006c38       0x34 build/stm32g4xx_hal_msp.o
                0x08006c38                HAL_MspInit
 .text.HAL_ADC_MspInit
                0x08006c6c      0x10c build/stm32g4xx_hal_msp.o
                0x08006c6c                HAL_ADC_MspInit
 .text.HAL_TIM_Base_MspInit
                0x08006d78       0xb0 build/stm32g4xx_hal_msp.o
                0x08006d78                HAL_TIM_Base_MspInit
 .text.HAL_TIM_MspPostInit
                0x08006e28       0xc8 build/stm32g4xx_hal_msp.o
                0x08006e28                HAL_TIM_MspPostInit
 .text.HAL_UART_MspInit
                0x08006ef0      0x108 build/stm32g4xx_hal_msp.o
                0x08006ef0                HAL_UART_MspInit
 .text.wrap_pm_pi
                0x08006ff8       0x40 build/sensorless.o
                0x08006ff8                wrap_pm_pi
 .text.fast_atan2
                0x08007038       0xdc build/sensorless.o
                0x08007038                fast_atan2
 .text.init_motor
                0x08007114       0x78 build/sensorless.o
                0x08007114                init_motor
 .text.update_current_meas
                0x0800718c        0xe build/sensorless.o
                0x0800718c                update_current_meas
 .text.update_current_control
                0x0800719a        0xa build/sensorless.o
                0x0800719a                update_current_control
 .text.non_linear_flux_observer
                0x080071a4      0x17c build/sensorless.o
                0x080071a4                non_linear_flux_observer
 .text.encode_sample
                0x08007320      0x108 build/sensorless.o
                0x08007320                encode_sample
 .text.sensorless_sensor_phase_switch
                0x08007428       0x8c build/sensorless.o
                0x08007428                sensorless_sensor_phase_switch
 .text.HAL_InitTick
                0x080074b4       0x4c build/stm32g4xx_hal.o
                0x080074b4                HAL_InitTick
 .text.HAL_Init
                0x08007500       0x1e build/stm32g4xx_hal.o
                0x08007500                HAL_Init
 *fill*         0x0800751e        0x2 
 .text.HAL_IncTick
                0x08007520       0x18 build/stm32g4xx_hal.o
                0x08007520                HAL_IncTick
 .text.HAL_GetTick
                0x08007538        0xc build/stm32g4xx_hal.o
                0x08007538                HAL_GetTick
 .text.HAL_RCC_OscConfig
                0x08007544      0x41c build/stm32g4xx_hal_rcc.o
                0x08007544                HAL_RCC_OscConfig
 .text.HAL_RCC_GetSysClockFreq
                0x08007960       0x70 build/stm32g4xx_hal_rcc.o
                0x08007960                HAL_RCC_GetSysClockFreq
 .text.HAL_RCC_ClockConfig
                0x080079d0      0x1e8 build/stm32g4xx_hal_rcc.o
                0x080079d0                HAL_RCC_ClockConfig
 .text.HAL_RCC_GetPCLK1Freq
                0x08007bb8       0x24 build/stm32g4xx_hal_rcc.o
                0x08007bb8                HAL_RCC_GetPCLK1Freq
 .text.HAL_RCC_GetPCLK2Freq
                0x08007bdc       0x24 build/stm32g4xx_hal_rcc.o
                0x08007bdc                HAL_RCC_GetPCLK2Freq
 .text.HAL_RCCEx_PeriphCLKConfig
                0x08007c00      0x278 build/stm32g4xx_hal_rcc_ex.o
                0x08007c00                HAL_RCCEx_PeriphCLKConfig
 .text.FLASH_Program_Fast
                0x08007e78       0x2c build/stm32g4xx_hal_flash.o
 .text.HAL_FLASH_Unlock
                0x08007ea4       0x24 build/stm32g4xx_hal_flash.o
                0x08007ea4                HAL_FLASH_Unlock
 .text.HAL_FLASH_Lock
                0x08007ec8       0x18 build/stm32g4xx_hal_flash.o
                0x08007ec8                HAL_FLASH_Lock
 .text.FLASH_WaitForLastOperation
                0x08007ee0       0x40 build/stm32g4xx_hal_flash.o
                0x08007ee0                FLASH_WaitForLastOperation
 .text.HAL_FLASH_Program
                0x08007f20       0xa4 build/stm32g4xx_hal_flash.o
                0x08007f20                HAL_FLASH_Program
 .text.FLASH_MassErase
                0x08007fc4       0x20 build/stm32g4xx_hal_flash_ex.o
 .text.FLASH_PageErase
                0x08007fe4       0x28 build/stm32g4xx_hal_flash_ex.o
                0x08007fe4                FLASH_PageErase
 .text.FLASH_FlushCaches
                0x0800800c       0x60 build/stm32g4xx_hal_flash_ex.o
                0x0800800c                FLASH_FlushCaches
 .text.HAL_FLASHEx_Erase
                0x0800806c       0xd4 build/stm32g4xx_hal_flash_ex.o
                0x0800806c                HAL_FLASHEx_Erase
 .text.HAL_GPIO_Init
                0x08008140      0x198 build/stm32g4xx_hal_gpio.o
                0x08008140                HAL_GPIO_Init
 .text.HAL_GPIO_WritePin
                0x080082d8        0xa build/stm32g4xx_hal_gpio.o
                0x080082d8                HAL_GPIO_WritePin
 *fill*         0x080082e2        0x2 
 .text.HAL_EXTI_GenerateSWI
                0x080082e4       0x1c build/stm32g4xx_hal_exti.o
                0x080082e4                HAL_EXTI_GenerateSWI
 .text.DMA_SetConfig
                0x08008300       0x34 build/stm32g4xx_hal_dma.o
 .text.DMA_CalcDMAMUXChannelBaseAndMask
                0x08008334       0x48 build/stm32g4xx_hal_dma.o
 .text.HAL_DMA_Init
                0x0800837c       0xe0 build/stm32g4xx_hal_dma.o
                0x0800837c                HAL_DMA_Init
 .text.HAL_DMA_Start_IT
                0x0800845c       0x84 build/stm32g4xx_hal_dma.o
                0x0800845c                HAL_DMA_Start_IT
 .text.HAL_DMA_Abort
                0x080084e0       0x66 build/stm32g4xx_hal_dma.o
                0x080084e0                HAL_DMA_Abort
 .text.HAL_DMA_Abort_IT
                0x08008546       0x78 build/stm32g4xx_hal_dma.o
                0x08008546                HAL_DMA_Abort_IT
 .text.HAL_DMA_IRQHandler
                0x080085be       0x94 build/stm32g4xx_hal_dma.o
                0x080085be                HAL_DMA_IRQHandler
 *fill*         0x08008652        0x2 
 .text.HAL_PWREx_ControlVoltageScaling
                0x08008654       0xb4 build/stm32g4xx_hal_pwr_ex.o
                0x08008654                HAL_PWREx_ControlVoltageScaling
 .text.HAL_PWREx_DisableUCPDDeadBattery
                0x08008708       0x10 build/stm32g4xx_hal_pwr_ex.o
                0x08008708                HAL_PWREx_DisableUCPDDeadBattery
 .text.HAL_NVIC_SetPriorityGrouping
                0x08008718       0x24 build/stm32g4xx_hal_cortex.o
                0x08008718                HAL_NVIC_SetPriorityGrouping
 .text.HAL_NVIC_SetPriority
                0x0800873c       0x68 build/stm32g4xx_hal_cortex.o
                0x0800873c                HAL_NVIC_SetPriority
 .text.HAL_NVIC_EnableIRQ
                0x080087a4       0x1c build/stm32g4xx_hal_cortex.o
                0x080087a4                HAL_NVIC_EnableIRQ
 .text.HAL_SYSTICK_Config
                0x080087c0       0x2c build/stm32g4xx_hal_cortex.o
                0x080087c0                HAL_SYSTICK_Config
 .text.TIM_OC1_SetConfig
                0x080087ec       0x98 build/stm32g4xx_hal_tim.o
 .text.TIM_OC3_SetConfig
                0x08008884       0x88 build/stm32g4xx_hal_tim.o
 .text.TIM_OC4_SetConfig
                0x0800890c       0x8c build/stm32g4xx_hal_tim.o
 .text.TIM_OC5_SetConfig
                0x08008998       0x68 build/stm32g4xx_hal_tim.o
 .text.TIM_OC6_SetConfig
                0x08008a00       0x68 build/stm32g4xx_hal_tim.o
 .text.HAL_TIM_OC_MspInit
                0x08008a68        0x2 build/stm32g4xx_hal_tim.o
                0x08008a68                HAL_TIM_OC_MspInit
 .text.HAL_TIM_PWM_MspInit
                0x08008a6a        0x2 build/stm32g4xx_hal_tim.o
                0x08008a6a                HAL_TIM_PWM_MspInit
 .text.TIM_Base_SetConfig
                0x08008a6c       0xc8 build/stm32g4xx_hal_tim.o
                0x08008a6c                TIM_Base_SetConfig
 .text.HAL_TIM_Base_Init
                0x08008b34       0x60 build/stm32g4xx_hal_tim.o
                0x08008b34                HAL_TIM_Base_Init
 .text.HAL_TIM_OC_Init
                0x08008b94       0x60 build/stm32g4xx_hal_tim.o
                0x08008b94                HAL_TIM_OC_Init
 .text.HAL_TIM_PWM_Init
                0x08008bf4       0x60 build/stm32g4xx_hal_tim.o
                0x08008bf4                HAL_TIM_PWM_Init
 .text.TIM_OC2_SetConfig
                0x08008c54       0x8c build/stm32g4xx_hal_tim.o
                0x08008c54                TIM_OC2_SetConfig
 .text.HAL_TIM_OC_ConfigChannel
                0x08008ce0       0x6a build/stm32g4xx_hal_tim.o
                0x08008ce0                HAL_TIM_OC_ConfigChannel
 .text.HAL_TIM_PWM_ConfigChannel
                0x08008d4a      0x106 build/stm32g4xx_hal_tim.o
                0x08008d4a                HAL_TIM_PWM_ConfigChannel
 .text.TIM_ETR_SetConfig
                0x08008e50       0x14 build/stm32g4xx_hal_tim.o
                0x08008e50                TIM_ETR_SetConfig
 .text.HAL_TIM_ConfigClockSource
                0x08008e64      0x16c build/stm32g4xx_hal_tim.o
                0x08008e64                HAL_TIM_ConfigClockSource
 .text.TIM_CCxChannelCmd
                0x08008fd0       0x1c build/stm32g4xx_hal_tim.o
                0x08008fd0                TIM_CCxChannelCmd
 .text.HAL_TIM_OC_Start
                0x08008fec      0x108 build/stm32g4xx_hal_tim.o
                0x08008fec                HAL_TIM_OC_Start
 .text.HAL_TIM_PWM_Start
                0x080090f4        0x4 build/stm32g4xx_hal_tim.o
                0x080090f4                HAL_TIM_PWM_Start
 .text.TIM_CCxNChannelCmd
                0x080090f8       0x1c build/stm32g4xx_hal_tim_ex.o
 .text.HAL_TIMEx_OCN_Start
                0x08009114       0xb4 build/stm32g4xx_hal_tim_ex.o
                0x08009114                HAL_TIMEx_OCN_Start
 .text.HAL_TIMEx_PWMN_Start
                0x080091c8        0x4 build/stm32g4xx_hal_tim_ex.o
                0x080091c8                HAL_TIMEx_PWMN_Start
 .text.HAL_TIMEx_MasterConfigSynchronization
                0x080091cc       0x8c build/stm32g4xx_hal_tim_ex.o
                0x080091cc                HAL_TIMEx_MasterConfigSynchronization
 .text.HAL_TIMEx_ConfigBreakDeadTime
                0x08009258       0x94 build/stm32g4xx_hal_tim_ex.o
                0x08009258                HAL_TIMEx_ConfigBreakDeadTime
 .text.LL_ADC_SetChannelSamplingTime
                0x080092ec       0x22 build/stm32g4xx_hal_adc.o
 .text.LL_ADC_IsEnabled
                0x0800930e        0x8 build/stm32g4xx_hal_adc.o
 .text.LL_ADC_REG_IsConversionOngoing
                0x08009316        0x8 build/stm32g4xx_hal_adc.o
 *fill*         0x0800931e        0x2 
 .text.HAL_ADC_Init
                0x08009320      0x1e4 build/stm32g4xx_hal_adc.o
                0x08009320                HAL_ADC_Init
 .text.HAL_ADC_ConvCpltCallback
                0x08009504        0x2 build/stm32g4xx_hal_adc.o
                0x08009504                HAL_ADC_ConvCpltCallback
 .text.HAL_ADC_ConvHalfCpltCallback
                0x08009506        0x2 build/stm32g4xx_hal_adc.o
                0x08009506                HAL_ADC_ConvHalfCpltCallback
 .text.ADC_DMAHalfConvCplt
                0x08009508        0xa build/stm32g4xx_hal_adc.o
                0x08009508                ADC_DMAHalfConvCplt
 .text.HAL_ADC_ErrorCallback
                0x08009512        0x2 build/stm32g4xx_hal_adc.o
                0x08009512                HAL_ADC_ErrorCallback
 .text.ADC_DMAConvCplt
                0x08009514       0x68 build/stm32g4xx_hal_adc.o
                0x08009514                ADC_DMAConvCplt
 .text.ADC_DMAError
                0x0800957c       0x1a build/stm32g4xx_hal_adc.o
                0x0800957c                ADC_DMAError
 *fill*         0x08009596        0x2 
 .text.HAL_ADC_ConfigChannel
                0x08009598      0x3d4 build/stm32g4xx_hal_adc.o
                0x08009598                HAL_ADC_ConfigChannel
 .text.ADC_Enable
                0x0800996c       0xb4 build/stm32g4xx_hal_adc.o
                0x0800996c                ADC_Enable
 .text.HAL_ADC_Start
                0x08009a20       0xe0 build/stm32g4xx_hal_adc.o
                0x08009a20                HAL_ADC_Start
 .text.HAL_ADC_Start_DMA
                0x08009b00       0xf4 build/stm32g4xx_hal_adc.o
                0x08009b00                HAL_ADC_Start_DMA
 .text.ADC_Disable
                0x08009bf4       0x6e build/stm32g4xx_hal_adc.o
                0x08009bf4                ADC_Disable
 .text.LL_ADC_SetChannelSamplingTime
                0x08009c62       0x22 build/stm32g4xx_hal_adc_ex.o
 .text.LL_ADC_IsEnabled
                0x08009c84        0x8 build/stm32g4xx_hal_adc_ex.o
 .text.LL_ADC_REG_IsConversionOngoing
                0x08009c8c        0x8 build/stm32g4xx_hal_adc_ex.o
 .text.LL_ADC_INJ_IsConversionOngoing
                0x08009c94        0x8 build/stm32g4xx_hal_adc_ex.o
 .text.HAL_ADCEx_Calibration_Start
                0x08009c9c       0x98 build/stm32g4xx_hal_adc_ex.o
                0x08009c9c                HAL_ADCEx_Calibration_Start
 .text.HAL_ADCEx_Calibration_GetValue
                0x08009d34       0x16 build/stm32g4xx_hal_adc_ex.o
                0x08009d34                HAL_ADCEx_Calibration_GetValue
 .text.HAL_ADCEx_Calibration_SetValue
                0x08009d4a       0x74 build/stm32g4xx_hal_adc_ex.o
                0x08009d4a                HAL_ADCEx_Calibration_SetValue
 *fill*         0x08009dbe        0x2 
 .text.HAL_ADCEx_InjectedStart
                0x08009dc0       0xd4 build/stm32g4xx_hal_adc_ex.o
                0x08009dc0                HAL_ADCEx_InjectedStart
 .text.HAL_ADCEx_InjectedStart_IT
                0x08009e94      0x100 build/stm32g4xx_hal_adc_ex.o
                0x08009e94                HAL_ADCEx_InjectedStart_IT
 .text.HAL_ADCEx_InjectedConfigChannel
                0x08009f94      0x4cc build/stm32g4xx_hal_adc_ex.o
                0x08009f94                HAL_ADCEx_InjectedConfigChannel
 .text.HAL_ADCEx_MultiModeConfigChannel
                0x0800a460       0xe0 build/stm32g4xx_hal_adc_ex.o
                0x0800a460                HAL_ADCEx_MultiModeConfigChannel
 .text.UART_EndTxTransfer
                0x0800a540       0x34 build/stm32g4xx_hal_uart.o
 .text.UART_EndRxTransfer
                0x0800a574       0x58 build/stm32g4xx_hal_uart.o
 .text.HAL_UART_TxCpltCallback
                0x0800a5cc        0x2 build/stm32g4xx_hal_uart.o
                0x0800a5cc                HAL_UART_TxCpltCallback
 .text.HAL_UART_RxCpltCallback
                0x0800a5ce        0x2 build/stm32g4xx_hal_uart.o
                0x0800a5ce                HAL_UART_RxCpltCallback
 .text.HAL_UART_RxHalfCpltCallback
                0x0800a5d0        0x2 build/stm32g4xx_hal_uart.o
                0x0800a5d0                HAL_UART_RxHalfCpltCallback
 .text.HAL_UART_ErrorCallback
                0x0800a5d2        0x2 build/stm32g4xx_hal_uart.o
                0x0800a5d2                HAL_UART_ErrorCallback
 .text.UART_DMAError
                0x0800a5d4       0x50 build/stm32g4xx_hal_uart.o
 .text.UART_DMAAbortOnError
                0x0800a624       0x14 build/stm32g4xx_hal_uart.o
 .text.HAL_UARTEx_RxEventCallback
                0x0800a638        0x2 build/stm32g4xx_hal_uart.o
                0x0800a638                HAL_UARTEx_RxEventCallback
 *fill*         0x0800a63a        0x2 
 .text.HAL_UART_IRQHandler
                0x0800a63c      0x2dc build/stm32g4xx_hal_uart.o
                0x0800a63c                HAL_UART_IRQHandler
 .text.UART_DMARxHalfCplt
                0x0800a918       0x20 build/stm32g4xx_hal_uart.o
 .text.UART_DMAReceiveCplt
                0x0800a938       0x8e build/stm32g4xx_hal_uart.o
 *fill*         0x0800a9c6        0x2 
 .text.UART_SetConfig
                0x0800a9c8      0x2ac build/stm32g4xx_hal_uart.o
                0x0800a9c8                UART_SetConfig
 .text.UART_AdvFeatureConfig
                0x0800ac74       0xa8 build/stm32g4xx_hal_uart.o
                0x0800ac74                UART_AdvFeatureConfig
 .text.UART_WaitOnFlagUntilTimeout
                0x0800ad1c       0x88 build/stm32g4xx_hal_uart.o
                0x0800ad1c                UART_WaitOnFlagUntilTimeout
 .text.UART_CheckIdleState
                0x0800ada4       0xb8 build/stm32g4xx_hal_uart.o
                0x0800ada4                UART_CheckIdleState
 .text.UART_Start_Receive_DMA
                0x0800ae5c       0xa0 build/stm32g4xx_hal_uart.o
                0x0800ae5c                UART_Start_Receive_DMA
 .text.UARTEx_SetNbDataToProcess
                0x0800aefc       0x44 build/stm32g4xx_hal_uart_ex.o
 .text.HAL_RS485Ex_Init
                0x0800af40       0x7e build/stm32g4xx_hal_uart_ex.o
                0x0800af40                HAL_RS485Ex_Init
 .text.HAL_UARTEx_WakeupCallback
                0x0800afbe        0x2 build/stm32g4xx_hal_uart_ex.o
                0x0800afbe                HAL_UARTEx_WakeupCallback
 .text.HAL_UARTEx_RxFifoFullCallback
                0x0800afc0        0x2 build/stm32g4xx_hal_uart_ex.o
                0x0800afc0                HAL_UARTEx_RxFifoFullCallback
 .text.HAL_UARTEx_TxFifoEmptyCallback
                0x0800afc2        0x2 build/stm32g4xx_hal_uart_ex.o
                0x0800afc2                HAL_UARTEx_TxFifoEmptyCallback
 .text.HAL_UARTEx_DisableFifoMode
                0x0800afc4       0x36 build/stm32g4xx_hal_uart_ex.o
                0x0800afc4                HAL_UARTEx_DisableFifoMode
 .text.HAL_UARTEx_SetTxFifoThreshold
                0x0800affa       0x48 build/stm32g4xx_hal_uart_ex.o
                0x0800affa                HAL_UARTEx_SetTxFifoThreshold
 .text.HAL_UARTEx_SetRxFifoThreshold
                0x0800b042       0x48 build/stm32g4xx_hal_uart_ex.o
                0x0800b042                HAL_UARTEx_SetRxFifoThreshold
 .text.HAL_UARTEx_ReceiveToIdle_DMA
                0x0800b08a       0x4a build/stm32g4xx_hal_uart_ex.o
                0x0800b08a                HAL_UARTEx_ReceiveToIdle_DMA
 .text.SystemInit
                0x0800b0d4       0x1c build/system_stm32g4xx.o
                0x0800b0d4                SystemInit
 .text.vTaskSwitchContext
                0x0800b0f0       0x90 build/tasks.o
                0x0800b0f0                vTaskSwitchContext
 .text.SVC_Handler
                0x0800b180       0x24 build/port.o
                0x0800b180                SVC_Handler
 *fill*         0x0800b1a4        0xc 
 .text.PendSV_Handler
                0x0800b1b0       0x64 build/port.o
                0x0800b1b0                PendSV_Handler
 .text.Reset_Handler
                0x0800b214       0x50 build/startup_stm32g431xx.o
                0x0800b214                Reset_Handler
 .text.Default_Handler
                0x0800b264        0x2 build/startup_stm32g431xx.o
                0x0800b264                RTC_Alarm_IRQHandler
                0x0800b264                EXTI2_IRQHandler
                0x0800b264                TIM8_TRG_COM_IRQHandler
                0x0800b264                TIM8_CC_IRQHandler
                0x0800b264                TIM1_CC_IRQHandler
                0x0800b264                USB_HP_IRQHandler
                0x0800b264                CORDIC_IRQHandler
                0x0800b264                I2C3_ER_IRQHandler
                0x0800b264                EXTI0_IRQHandler
                0x0800b264                I2C2_EV_IRQHandler
                0x0800b264                FPU_IRQHandler
                0x0800b264                FDCAN1_IT1_IRQHandler
                0x0800b264                TIM1_UP_TIM16_IRQHandler
                0x0800b264                SPI1_IRQHandler
                0x0800b264                TIM6_DAC_IRQHandler
                0x0800b264                TIM8_UP_IRQHandler
                0x0800b264                DMA2_Channel2_IRQHandler
                0x0800b264                USART3_IRQHandler
                0x0800b264                TIM4_IRQHandler
                0x0800b264                DMA2_Channel1_IRQHandler
                0x0800b264                I2C1_EV_IRQHandler
                0x0800b264                DMA1_Channel6_IRQHandler
                0x0800b264                UART4_IRQHandler
                0x0800b264                DMA2_Channel4_IRQHandler
                0x0800b264                TIM3_IRQHandler
                0x0800b264                RCC_IRQHandler
                0x0800b264                Default_Handler
                0x0800b264                RTC_TAMP_LSECSS_IRQHandler
                0x0800b264                FMAC_IRQHandler
                0x0800b264                EXTI15_10_IRQHandler
                0x0800b264                TIM7_IRQHandler
                0x0800b264                UCPD1_IRQHandler
                0x0800b264                I2C3_EV_IRQHandler
                0x0800b264                EXTI9_5_IRQHandler
                0x0800b264                RTC_WKUP_IRQHandler
                0x0800b264                PVD_PVM_IRQHandler
                0x0800b264                SPI2_IRQHandler
                0x0800b264                DMA2_Channel5_IRQHandler
                0x0800b264                CRS_IRQHandler
                0x0800b264                DMA1_Channel5_IRQHandler
                0x0800b264                USB_LP_IRQHandler
                0x0800b264                EXTI4_IRQHandler
                0x0800b264                RNG_IRQHandler
                0x0800b264                TIM1_TRG_COM_TIM17_IRQHandler
                0x0800b264                WWDG_IRQHandler
                0x0800b264                LPUART1_IRQHandler
                0x0800b264                DMA2_Channel6_IRQHandler
                0x0800b264                FDCAN1_IT0_IRQHandler
                0x0800b264                TIM2_IRQHandler
                0x0800b264                COMP1_2_3_IRQHandler
                0x0800b264                EXTI1_IRQHandler
                0x0800b264                USART2_IRQHandler
                0x0800b264                I2C2_ER_IRQHandler
                0x0800b264                DMA1_Channel2_IRQHandler
                0x0800b264                TIM8_BRK_IRQHandler
                0x0800b264                FLASH_IRQHandler
                0x0800b264                SPI3_IRQHandler
                0x0800b264                I2C1_ER_IRQHandler
                0x0800b264                LPTIM1_IRQHandler
                0x0800b264                DMAMUX_OVR_IRQHandler
                0x0800b264                USBWakeUp_IRQHandler
                0x0800b264                SAI1_IRQHandler
                0x0800b264                DMA2_Channel3_IRQHandler
                0x0800b264                COMP4_IRQHandler
                0x0800b264                TIM1_BRK_TIM15_IRQHandler
 *fill*         0x0800b266        0x2 
 .text.__libc_init_array
                0x0800b268       0x48 c:/program files (x86)/gnu tools arm embedded/7 2018-q2-update/bin/../lib/gcc/arm-none-eabi/7.3.1/../../../../arm-none-eabi/lib/thumb/v7e-m/fpv4-sp/hard\libc_nano.a(lib_a-init.o)
                0x0800b268                __libc_init_array
 .text.memcpy   0x0800b2b0       0x16 c:/program files (x86)/gnu tools arm embedded/7 2018-q2-update/bin/../lib/gcc/arm-none-eabi/7.3.1/../../../../arm-none-eabi/lib/thumb/v7e-m/fpv4-sp/hard\libc_nano.a(lib_a-memcpy-stub.o)
                0x0800b2b0                memcpy
 .text.memset   0x0800b2c6       0x10 c:/program files (x86)/gnu tools arm embedded/7 2018-q2-update/bin/../lib/gcc/arm-none-eabi/7.3.1/../../../../arm-none-eabi/lib/thumb/v7e-m/fpv4-sp/hard\libc_nano.a(lib_a-memset.o)
                0x0800b2c6                memset
 *fill*         0x0800b2d6        0x2 
 .text.sqrtl    0x0800b2d8        0x4 c:/program files (x86)/gnu tools arm embedded/7 2018-q2-update/bin/../lib/gcc/arm-none-eabi/7.3.1/../../../../arm-none-eabi/lib/thumb/v7e-m/fpv4-sp/hard\libm.a(lib_a-sqrtl.o)
                0x0800b2d8                sqrtl
 .text.asin     0x0800b2dc       0xb8 c:/program files (x86)/gnu tools arm embedded/7 2018-q2-update/bin/../lib/gcc/arm-none-eabi/7.3.1/../../../../arm-none-eabi/lib/thumb/v7e-m/fpv4-sp/hard\libm.a(lib_a-w_asin.o)
                0x0800b2dc                asin
 .text.log      0x0800b394      0x100 c:/program files (x86)/gnu tools arm embedded/7 2018-q2-update/bin/../lib/gcc/arm-none-eabi/7.3.1/../../../../arm-none-eabi/lib/thumb/v7e-m/fpv4-sp/hard\libm.a(lib_a-w_log.o)
                0x0800b394                log
 .text.sqrt     0x0800b494       0xb8 c:/program files (x86)/gnu tools arm embedded/7 2018-q2-update/bin/../lib/gcc/arm-none-eabi/7.3.1/../../../../arm-none-eabi/lib/thumb/v7e-m/fpv4-sp/hard\libm.a(lib_a-w_sqrt.o)
                0x0800b494                sqrt
 .text.sqrtf    0x0800b54c       0xac c:/program files (x86)/gnu tools arm embedded/7 2018-q2-update/bin/../lib/gcc/arm-none-eabi/7.3.1/../../../../arm-none-eabi/lib/thumb/v7e-m/fpv4-sp/hard\libm.a(lib_a-wf_sqrt.o)
                0x0800b54c                sqrtf
 .text.__ieee754_asin
                0x0800b5f8      0x48c c:/program files (x86)/gnu tools arm embedded/7 2018-q2-update/bin/../lib/gcc/arm-none-eabi/7.3.1/../../../../arm-none-eabi/lib/thumb/v7e-m/fpv4-sp/hard\libm.a(lib_a-e_asin.o)
                0x0800b5f8                __ieee754_asin
 *fill*         0x0800ba84        0x4 
 .text.__ieee754_log
                0x0800ba88      0x3b4 c:/program files (x86)/gnu tools arm embedded/7 2018-q2-update/bin/../lib/gcc/arm-none-eabi/7.3.1/../../../../arm-none-eabi/lib/thumb/v7e-m/fpv4-sp/hard\libm.a(lib_a-e_log.o)
                0x0800ba88                __ieee754_log
 .text.__ieee754_sqrt
                0x0800be3c      0x194 c:/program files (x86)/gnu tools arm embedded/7 2018-q2-update/bin/../lib/gcc/arm-none-eabi/7.3.1/../../../../arm-none-eabi/lib/thumb/v7e-m/fpv4-sp/hard\libm.a(lib_a-e_sqrt.o)
                0x0800be3c                __ieee754_sqrt
 .text.__ieee754_sqrtf
                0x0800bfd0        0x8 c:/program files (x86)/gnu tools arm embedded/7 2018-q2-update/bin/../lib/gcc/arm-none-eabi/7.3.1/../../../../arm-none-eabi/lib/thumb/v7e-m/fpv4-sp/hard\libm.a(lib_a-ef_sqrt.o)
                0x0800bfd0                __ieee754_sqrtf
 .text.fabs     0x0800bfd8       0x14 c:/program files (x86)/gnu tools arm embedded/7 2018-q2-update/bin/../lib/gcc/arm-none-eabi/7.3.1/../../../../arm-none-eabi/lib/thumb/v7e-m/fpv4-sp/hard\libm.a(lib_a-s_fabs.o)
                0x0800bfd8                fabs
 .text.matherr  0x0800bfec        0x4 c:/program files (x86)/gnu tools arm embedded/7 2018-q2-update/bin/../lib/gcc/arm-none-eabi/7.3.1/../../../../arm-none-eabi/lib/thumb/v7e-m/fpv4-sp/hard\libm.a(lib_a-s_matherr.o)
                0x0800bfec                matherr
 .text.nan      0x0800bff0       0x10 c:/program files (x86)/gnu tools arm embedded/7 2018-q2-update/bin/../lib/gcc/arm-none-eabi/7.3.1/../../../../arm-none-eabi/lib/thumb/v7e-m/fpv4-sp/hard\libm.a(lib_a-s_nan.o)
                0x0800bff0                nan
 .text.__errno  0x0800c000        0xc c:/program files (x86)/gnu tools arm embedded/7 2018-q2-update/bin/../lib/gcc/arm-none-eabi/7.3.1/../../../../arm-none-eabi/lib/thumb/v7e-m/fpv4-sp/hard\libc_nano.a(lib_a-errno.o)
                0x0800c000                __errno
 *(.glue_7)
 .glue_7        0x0800c00c        0x0 linker stubs
 *(.glue_7t)
 .glue_7t       0x0800c00c        0x0 linker stubs
 *(.eh_frame)
 .eh_frame      0x0800c00c        0x0 c:/program files (x86)/gnu tools arm embedded/7 2018-q2-update/bin/../lib/gcc/arm-none-eabi/7.3.1/thumb/v7e-m/fpv4-sp/hard/crtbegin.o
 *(.init)
 .init          0x0800c00c        0x4 c:/program files (x86)/gnu tools arm embedded/7 2018-q2-update/bin/../lib/gcc/arm-none-eabi/7.3.1/thumb/v7e-m/fpv4-sp/hard/crti.o
                0x0800c00c                _init
 .init          0x0800c010        0x8 c:/program files (x86)/gnu tools arm embedded/7 2018-q2-update/bin/../lib/gcc/arm-none-eabi/7.3.1/thumb/v7e-m/fpv4-sp/hard/crtn.o
 *(.fini)
 .fini          0x0800c018        0x4 c:/program files (x86)/gnu tools arm embedded/7 2018-q2-update/bin/../lib/gcc/arm-none-eabi/7.3.1/thumb/v7e-m/fpv4-sp/hard/crti.o
                0x0800c018                _fini
 .fini          0x0800c01c        0x8 c:/program files (x86)/gnu tools arm embedded/7 2018-q2-update/bin/../lib/gcc/arm-none-eabi/7.3.1/thumb/v7e-m/fpv4-sp/hard/crtn.o
                0x0800c024                . = ALIGN (0x4)
                0x0800c024                _etext = .

.vfp11_veneer   0x0800c024        0x0
 .vfp11_veneer  0x0800c024        0x0 linker stubs

.v4_bx          0x0800c024        0x0
 .v4_bx         0x0800c024        0x0 linker stubs

.iplt           0x0800c024        0x0
 .iplt          0x0800c024        0x0 c:/program files (x86)/gnu tools arm embedded/7 2018-q2-update/bin/../lib/gcc/arm-none-eabi/7.3.1/thumb/v7e-m/fpv4-sp/hard/crtbegin.o

.rodata         0x0800c024      0x470
                0x0800c024                . = ALIGN (0x4)
 *(.rodata)
 *(.rodata*)
 .rodata.hSin_Cos_Table_512
                0x0800c024      0x400 build/stm32_math_sin.o
                0x0800c024                hSin_Cos_Table_512
 .rodata.CSWTCH.60
                0x0800c424        0x4 build/stm32g4xx_hal_uart.o
 .rodata.CSWTCH.61
                0x0800c428        0xd build/stm32g4xx_hal_uart.o
 *fill*         0x0800c435        0x1 
 .rodata.UARTPrescTable
                0x0800c436       0x18 build/stm32g4xx_hal_uart.o
                0x0800c436                UARTPrescTable
 .rodata.denominator.9623
                0x0800c44e        0x8 build/stm32g4xx_hal_uart_ex.o
 .rodata.numerator.9622
                0x0800c456        0x8 build/stm32g4xx_hal_uart_ex.o
 .rodata.AHBPrescTable
                0x0800c45e       0x10 build/system_stm32g4xx.o
                0x0800c45e                AHBPrescTable
 .rodata.APBPrescTable
                0x0800c46e        0x8 build/system_stm32g4xx.o
                0x0800c46e                APBPrescTable
 *fill*         0x0800c476        0x2 
 .rodata.asin.str1.4
                0x0800c478        0x5 c:/program files (x86)/gnu tools arm embedded/7 2018-q2-update/bin/../lib/gcc/arm-none-eabi/7.3.1/../../../../arm-none-eabi/lib/thumb/v7e-m/fpv4-sp/hard\libm.a(lib_a-w_asin.o)
                                  0x9 (size before relaxing)
 *fill*         0x0800c47d        0x3 
 .rodata.log.str1.4
                0x0800c480        0x4 c:/program files (x86)/gnu tools arm embedded/7 2018-q2-update/bin/../lib/gcc/arm-none-eabi/7.3.1/../../../../arm-none-eabi/lib/thumb/v7e-m/fpv4-sp/hard\libm.a(lib_a-w_log.o)
                                  0x5 (size before relaxing)
 .rodata.sqrt.str1.4
                0x0800c484        0x5 c:/program files (x86)/gnu tools arm embedded/7 2018-q2-update/bin/../lib/gcc/arm-none-eabi/7.3.1/../../../../arm-none-eabi/lib/thumb/v7e-m/fpv4-sp/hard\libm.a(lib_a-w_sqrt.o)
 *fill*         0x0800c489        0x3 
 .rodata.sqrtf.str1.4
                0x0800c48c        0x8 c:/program files (x86)/gnu tools arm embedded/7 2018-q2-update/bin/../lib/gcc/arm-none-eabi/7.3.1/../../../../arm-none-eabi/lib/thumb/v7e-m/fpv4-sp/hard\libm.a(lib_a-wf_sqrt.o)
                                  0x6 (size before relaxing)
                0x0800c494                . = ALIGN (0x4)

.ARM.extab
 *(.ARM.extab* .gnu.linkonce.armextab.*)

.ARM            0x0800c494        0x8
                0x0800c494                __exidx_start = .
 *(.ARM.exidx*)
 .ARM.exidx     0x0800c494        0x8 c:/program files (x86)/gnu tools arm embedded/7 2018-q2-update/bin/../lib/gcc/arm-none-eabi/7.3.1/thumb/v7e-m/fpv4-sp/hard\libgcc.a(_udivmoddi4.o)
                0x0800c49c                __exidx_end = .

.rel.dyn        0x0800c49c        0x0
 .rel.iplt      0x0800c49c        0x0 c:/program files (x86)/gnu tools arm embedded/7 2018-q2-update/bin/../lib/gcc/arm-none-eabi/7.3.1/thumb/v7e-m/fpv4-sp/hard/crtbegin.o

.preinit_array  0x0800c49c        0x0
                0x0800c49c                PROVIDE (__preinit_array_start = .)
 *(.preinit_array*)
                0x0800c49c                PROVIDE (__preinit_array_end = .)

.init_array     0x0800c49c        0x4
                0x0800c49c                PROVIDE (__init_array_start = .)
 *(SORT_BY_NAME(.init_array.*))
 *(.init_array*)
 .init_array    0x0800c49c        0x4 c:/program files (x86)/gnu tools arm embedded/7 2018-q2-update/bin/../lib/gcc/arm-none-eabi/7.3.1/thumb/v7e-m/fpv4-sp/hard/crtbegin.o
                0x0800c4a0                PROVIDE (__init_array_end = .)

.fini_array     0x0800c4a0        0x4
                [!provide]                PROVIDE (__fini_array_start = .)
 *(SORT_BY_NAME(.fini_array.*))
 *(.fini_array*)
 .fini_array    0x0800c4a0        0x4 c:/program files (x86)/gnu tools arm embedded/7 2018-q2-update/bin/../lib/gcc/arm-none-eabi/7.3.1/thumb/v7e-m/fpv4-sp/hard/crtbegin.o
                [!provide]                PROVIDE (__fini_array_end = .)
                0x0800c4a4                _sidata = LOADADDR (.data)

.data           0x20000000      0xa2c load address 0x0800c4a4
                0x20000000                . = ALIGN (0x4)
                0x20000000                _sdata = .
 *(.data)
 *(.data*)
 .data.g_CmdMap_Default
                0x20000000      0x440 build/global.o
                0x20000000                g_CmdMap_Default
 .data.g_CmdMap_User_bWR
                0x20000440      0x100 build/global.o
                0x20000440                g_CmdMap_User_bWR
 .data.g_CmdMap_bWR
                0x20000540      0x220 build/global.o
                0x20000540                g_CmdMap_bWR
 .data.g_UserCmdMap_Default
                0x20000760      0x200 build/global.o
                0x20000760                g_UserCmdMap_Default
 .data.g_pAcc_ref_base_mmPS2
                0x20000960        0x4 build/global.o
                0x20000960                g_pAcc_ref_base_mmPS2
 .data.g_pCur_ref_base_mA
                0x20000964        0x4 build/global.o
                0x20000964                g_pCur_ref_base_mA
 .data.g_pForce_ref_base_mg
                0x20000968        0x4 build/global.o
                0x20000968                g_pForce_ref_base_mg
 .data.g_pMU_0mm_offset
                0x2000096c        0x4 build/global.o
                0x2000096c                g_pMU_0mm_offset
 .data.g_pMU_value_offset
                0x20000970        0x4 build/global.o
                0x20000970                g_pMU_value_offset
 .data.g_pPos_ref_base_um
                0x20000974        0x4 build/global.o
                0x20000974                g_pPos_ref_base_um
 .data.g_pVel_ref_base_PPS
                0x20000978        0x4 build/global.o
                0x20000978                g_pVel_ref_base_PPS
 .data.g_pVel_ref_base_umPS
                0x2000097c        0x4 build/global.o
                0x2000097c                g_pVel_ref_base_umPS
 .data.Test_dirt
                0x20000980        0x4 build/pid.o
                0x20000980                Test_dirt
 .data.phase_current_rev_gain_
                0x20000984        0x4 build/pid.o
                0x20000984                phase_current_rev_gain_
 .data.shunt_conductance1
                0x20000988        0x4 build/pid.o
                0x20000988                shunt_conductance1
 .data.shunt_conductance2
                0x2000098c        0x4 build/pid.o
                0x2000098c                shunt_conductance2
 .data.flag_posReg_strengthen
                0x20000990        0x1 build/profile_joint.o
                0x20000990                flag_posReg_strengthen
 *fill*         0x20000991        0x3 
 .data.g_high_fre_pulse
                0x20000994        0x4 build/pwm.o
                0x20000994                g_high_fre_pulse
 .data.uwTickFreq
                0x20000998        0x4 build/stm32g4xx_hal.o
                0x20000998                uwTickFreq
 .data.uwTickPrio
                0x2000099c        0x4 build/stm32g4xx_hal.o
                0x2000099c                uwTickPrio
 .data.pFlash   0x200009a0       0x20 build/stm32g4xx_hal_flash.o
                0x200009a0                pFlash
 .data.SystemCoreClock
                0x200009c0        0x4 build/system_stm32g4xx.o
                0x200009c0                SystemCoreClock
 .data._impure_ptr
                0x200009c4        0x4 c:/program files (x86)/gnu tools arm embedded/7 2018-q2-update/bin/../lib/gcc/arm-none-eabi/7.3.1/../../../../arm-none-eabi/lib/thumb/v7e-m/fpv4-sp/hard\libc_nano.a(lib_a-impure.o)
                0x200009c4                _impure_ptr
 .data.impure_data
                0x200009c8       0x60 c:/program files (x86)/gnu tools arm embedded/7 2018-q2-update/bin/../lib/gcc/arm-none-eabi/7.3.1/../../../../arm-none-eabi/lib/thumb/v7e-m/fpv4-sp/hard\libc_nano.a(lib_a-impure.o)
 .data.__fdlib_version
                0x20000a28        0x1 c:/program files (x86)/gnu tools arm embedded/7 2018-q2-update/bin/../lib/gcc/arm-none-eabi/7.3.1/../../../../arm-none-eabi/lib/thumb/v7e-m/fpv4-sp/hard\libm.a(lib_a-s_lib_ver.o)
                0x20000a28                __fdlib_version
                0x20000a2c                . = ALIGN (0x4)
 *fill*         0x20000a29        0x3 
                0x20000a2c                _edata = .

.igot.plt       0x20000a2c        0x0 load address 0x0800ced0
 .igot.plt      0x20000a2c        0x0 c:/program files (x86)/gnu tools arm embedded/7 2018-q2-update/bin/../lib/gcc/arm-none-eabi/7.3.1/thumb/v7e-m/fpv4-sp/hard/crtbegin.o
                0x20000a2c                . = ALIGN (0x4)

.bss            0x20000a30     0x1e00 load address 0x0800ced0
                0x20000a30                _sbss = .
                0x20000a30                __bss_start__ = _sbss
 *(.bss)
 .bss           0x20000a30       0x1c c:/program files (x86)/gnu tools arm embedded/7 2018-q2-update/bin/../lib/gcc/arm-none-eabi/7.3.1/thumb/v7e-m/fpv4-sp/hard/crtbegin.o
 *(.bss*)
 .bss.s_Count_Rec
                0x20000a4c        0x4 build/main.o
 .bss.MU_Value_base_0
                0x20000a50        0x4 build/adc.o
                0x20000a50                MU_Value_base_0
 .bss.MU_Value_error_cnt
                0x20000a54        0x2 build/adc.o
                0x20000a54                MU_Value_error_cnt
 .bss.adc_measurements_
                0x20000a56        0x4 build/adc.o
                0x20000a56                adc_measurements_
 *fill*         0x20000a5a        0x2 
 .bss.bus_voltage_
                0x20000a5c        0x4 build/adc.o
                0x20000a5c                bus_voltage_
 .bss.force_Array
                0x20000a60        0x2 build/adc.o
                0x20000a60                force_Array
 *fill*         0x20000a62        0x2 
 .bss.force_Sum
                0x20000a64        0x4 build/adc.o
                0x20000a64                force_Sum
 .bss.index_force_Array
                0x20000a68        0x2 build/adc.o
                0x20000a68                index_force_Array
 .bss.index_pos_array
                0x20000a6a        0x2 build/adc.o
                0x20000a6a                index_pos_array
 .bss.pos_array
                0x20000a6c      0x100 build/adc.o
                0x20000a6c                pos_array
 .bss.pos_filterd
                0x20000b6c        0x2 build/adc.o
                0x20000b6c                pos_filterd
 *fill*         0x20000b6e        0x2 
 .bss.pos_sum   0x20000b70        0x4 build/adc.o
                0x20000b70                pos_sum
 .bss.pos_valid
                0x20000b74        0x2 build/adc.o
                0x20000b74                pos_valid
 *fill*         0x20000b76        0x2 
 .bss.FlashDestination
                0x20000b78        0x4 build/flash.o
                0x20000b78                FlashDestination
 .bss.FlashSource
                0x20000b7c        0x4 build/flash.o
                0x20000b7c                FlashSource
 .bss.EN_0      0x20000b80        0x2 build/global.o
                0x20000b80                EN_0
 .bss.EN_120    0x20000b82        0x2 build/global.o
                0x20000b82                EN_120
 .bss.EN_150    0x20000b84        0x2 build/global.o
                0x20000b84                EN_150
 .bss.EN_180    0x20000b86        0x2 build/global.o
                0x20000b86                EN_180
 .bss.EN_210    0x20000b88        0x2 build/global.o
                0x20000b88                EN_210
 .bss.EN_240    0x20000b8a        0x2 build/global.o
                0x20000b8a                EN_240
 .bss.EN_270    0x20000b8c        0x2 build/global.o
                0x20000b8c                EN_270
 .bss.EN_30     0x20000b8e        0x2 build/global.o
                0x20000b8e                EN_30
 .bss.EN_300    0x20000b90        0x2 build/global.o
                0x20000b90                EN_300
 .bss.EN_330    0x20000b92        0x2 build/global.o
                0x20000b92                EN_330
 .bss.EN_360    0x20000b94        0x2 build/global.o
                0x20000b94                EN_360
 .bss.EN_45     0x20000b96        0x2 build/global.o
                0x20000b96                EN_45
 .bss.EN_60     0x20000b98        0x2 build/global.o
                0x20000b98                EN_60
 .bss.EN_90     0x20000b9a        0x2 build/global.o
                0x20000b9a                EN_90
 .bss.Encode_PPR
                0x20000b9c        0x4 build/global.o
                0x20000b9c                Encode_PPR
 .bss.Encode_PP_Half_R
                0x20000ba0        0x4 build/global.o
                0x20000ba0                Encode_PP_Half_R
 .bss.Flag_1ms  0x20000ba4        0x1 build/global.o
                0x20000ba4                Flag_1ms
 *fill*         0x20000ba5        0x1 
 .bss.Flag_50ms
                0x20000ba6        0x2 build/global.o
                0x20000ba6                Flag_50ms
 .bss.Flag_contact
                0x20000ba8        0x1 build/global.o
                0x20000ba8                Flag_contact
 .bss.Flag_error_MU_SPI
                0x20000ba9        0x1 build/global.o
                0x20000ba9                Flag_error_MU_SPI
 .bss.Flag_error_current_clib
                0x20000baa        0x1 build/global.o
                0x20000baa                Flag_error_current_clib
 .bss.Flag_error_read_flash
                0x20000bab        0x1 build/global.o
                0x20000bab                Flag_error_read_flash
 .bss.Flag_grip_F_OK
                0x20000bac        0x1 build/global.o
                0x20000bac                Flag_grip_F_OK
 .bss.Flag_grip_P_OK
                0x20000bad        0x1 build/global.o
                0x20000bad                Flag_grip_P_OK
 .bss.Flag_rellease_P_OK
                0x20000bae        0x1 build/global.o
                0x20000bae                Flag_rellease_P_OK
 *fill*         0x20000baf        0x1 
 .bss.Gripper_Move
                0x20000bb0        0x2 build/global.o
                0x20000bb0                Gripper_Move
 *fill*         0x20000bb2        0x2 
 .bss.L_Slop_Array
                0x20000bb4      0x2fc build/global.o
                0x20000bb4                L_Slop_Array
 .bss.Motor_forbidden
                0x20000eb0        0x1 build/global.o
                0x20000eb0                Motor_forbidden
 *fill*         0x20000eb1        0x7 
 .bss.Spd_ratio
                0x20000eb8        0x8 build/global.o
                0x20000eb8                Spd_ratio
 .bss.flag_processing_Jtest
                0x20000ec0        0x1 build/global.o
                0x20000ec0                flag_processing_Jtest
 *fill*         0x20000ec1        0x1 
 .bss.force_act
                0x20000ec2        0x2 build/global.o
                0x20000ec2                force_act
 .bss.force_set
                0x20000ec4        0x2 build/global.o
                0x20000ec4                force_set
 *fill*         0x20000ec6        0x2 
 .bss.g_CmdMap  0x20000ec8      0x640 build/global.o
                0x20000ec8                g_CmdMap
 .bss.g_ElectricAngle
                0x20001508        0x4 build/global.o
                0x20001508                g_ElectricAngle
 .bss.g_ElectricAngle_15bit
                0x2000150c        0x4 build/global.o
                0x2000150c                g_ElectricAngle_15bit
 .bss.g_ElectricAngle_15bit_Raw
                0x20001510        0x4 build/global.o
                0x20001510                g_ElectricAngle_15bit_Raw
 .bss.g_ElectricAngle_act
                0x20001514        0x4 build/global.o
                0x20001514                g_ElectricAngle_act
 .bss.g_ElectricAngle_sim
                0x20001518        0x4 build/global.o
                0x20001518                g_ElectricAngle_sim
 .bss.g_MechanicsAngle_15bit
                0x2000151c        0x4 build/global.o
                0x2000151c                g_MechanicsAngle_15bit
 .bss.g_MechanicsAngle_15bit_last
                0x20001520        0x4 build/global.o
                0x20001520                g_MechanicsAngle_15bit_last
 .bss.g_Sector_test
                0x20001524        0x2 build/global.o
                0x20001524                g_Sector_test
 .bss.g_SysStatus
                0x20001526        0x2 build/global.o
                0x20001526                g_SysStatus
 .bss.g_ThreeLoopParaBefLock
                0x20001528       0x20 build/global.o
                0x20001528                g_ThreeLoopParaBefLock
 .bss.g_Timer1CCR
                0x20001548        0x4 build/global.o
                0x20001548                g_Timer1CCR
 .bss.g_Vel_Max_PosPU_pSec
                0x2000154c        0x4 build/global.o
                0x2000154c                g_Vel_Max_PosPU_pSec
 .bss.g_bEnableHB
                0x20001550        0x2 build/global.o
                0x20001550                g_bEnableHB
 *fill*         0x20001552        0x2 
 .bss.g_servo_cmd_period
                0x20001554        0x4 build/global.o
                0x20001554                g_servo_cmd_period
 .bss.g_servo_cmd_period_cnt
                0x20001558        0x4 build/global.o
                0x20001558                g_servo_cmd_period_cnt
 .bss.pos_nm_MU150
                0x2000155c        0x4 build/global.o
                0x2000155c                pos_nm_MU150
 .bss.rod_pos_Muti_Encoder
                0x20001560        0x4 build/global.o
                0x20001560                rod_pos_Muti_Encoder
 .bss.s_count_50ms
                0x20001564        0x2 build/global.o
                0x20001564                s_count_50ms
 .bss.state_Jtest
                0x20001566        0x2 build/global.o
                0x20001566                state_Jtest
 .bss.status_Mode_POSITION_FORCE
                0x20001568        0x1 build/global.o
                0x20001568                status_Mode_POSITION_FORCE
 .bss.Flag_MU_read
                0x20001569        0x1 build/icmu.o
                0x20001569                Flag_MU_read
 *fill*         0x2000156a        0x2 
 .bss.Flag_error_read_eeprom
                0x2000156c        0x4 build/icmu.o
 .bss.MU_Value  0x20001570        0x4 build/icmu.o
                0x20001570                MU_Value
 .bss.read_cnt.11951
                0x20001574        0x4 build/icmu.o
 .bss.spi1_reg_buf
                0x20001578        0x4 build/icmu.o
                0x20001578                spi1_reg_buf
 .bss.g_current_array
                0x2000157c       0x10 build/limit_pos_detection.o
                0x2000157c                g_current_array
 .bss.g_posNotChange
                0x2000158c        0x1 build/limit_pos_detection.o
                0x2000158c                g_posNotChange
 *fill*         0x2000158d        0x1 
 .bss.g_pos_act_array
                0x2000158e       0x10 build/limit_pos_detection.o
                0x2000158e                g_pos_act_array
 .bss.g_pos_act_average
                0x2000159e        0x2 build/limit_pos_detection.o
                0x2000159e                g_pos_act_average
 .bss.g_reachLowerLimit
                0x200015a0        0x1 build/limit_pos_detection.o
                0x200015a0                g_reachLowerLimit
 .bss.g_reachUpperLimit
                0x200015a1        0x1 build/limit_pos_detection.o
                0x200015a1                g_reachUpperLimit
 *fill*         0x200015a2        0x2 
 .bss.repeat_cnt.11857
                0x200015a4        0x4 build/limit_pos_detection.o
 .bss.time_after_power_on.11856
                0x200015a8        0x4 build/limit_pos_detection.o
 .bss.Flag_Set_OpenLen
                0x200015ac        0x1 build/pid.o
                0x200015ac                Flag_Set_OpenLen
 .bss.Grriper_Run
                0x200015ad        0x1 build/pid.o
                0x200015ad                Grriper_Run
 .bss.Grriper_Run_last
                0x200015ae        0x1 build/pid.o
                0x200015ae                Grriper_Run_last
 *fill*         0x200015af        0x1 
 .bss.I_phase   0x200015b0      0x4b0 build/pid.o
                0x200015b0                I_phase
 .bss.Para_Identificaion
                0x20001a60        0x4 build/pid.o
                0x20001a60                Para_Identificaion
 .bss.PlusPosition_flag.12156
                0x20001a64        0x1 build/pid.o
 .bss.PosAtDead_Flag
                0x20001a65        0x1 build/pid.o
                0x20001a65                PosAtDead_Flag
 .bss.PosAtDead_Flag_Last
                0x20001a66        0x1 build/pid.o
                0x20001a66                PosAtDead_Flag_Last
 *fill*         0x20001a67        0x1 
 .bss.T_t       0x20001a68        0x8 build/pid.o
                0x20001a68                T_t
 .bss.T_t_1     0x20001a70        0x8 build/pid.o
                0x20001a70                T_t_1
 .bss.Test_perm
                0x20001a78        0x1 build/pid.o
                0x20001a78                Test_perm
 *fill*         0x20001a79        0x1 
 .bss.delay_cnt.12054
                0x20001a7a        0x2 build/pid.o
 .bss.g_IA      0x20001a7c        0x2 build/pid.o
                0x20001a7c                g_IA
 .bss.g_IA_Raw  0x20001a7e        0x2 build/pid.o
                0x20001a7e                g_IA_Raw
 .bss.g_IB      0x20001a80        0x2 build/pid.o
                0x20001a80                g_IB
 .bss.g_IB_Raw  0x20001a82        0x2 build/pid.o
                0x20001a82                g_IB_Raw
 .bss.g_IC      0x20001a84        0x2 build/pid.o
                0x20001a84                g_IC
 .bss.g_IC_Raw  0x20001a86        0x2 build/pid.o
                0x20001a86                g_IC_Raw
 .bss.g_Id      0x20001a88        0x4 build/pid.o
                0x20001a88                g_Id
 .bss.g_Iq      0x20001a8c        0x4 build/pid.o
                0x20001a8c                g_Iq
 .bss.g_Sector  0x20001a90        0x4 build/pid.o
                0x20001a90                g_Sector
 .bss.g_V_Alpha
                0x20001a94        0x4 build/pid.o
                0x20001a94                g_V_Alpha
 .bss.g_V_Beta  0x20001a98        0x4 build/pid.o
                0x20001a98                g_V_Beta
 .bss.g_Vd      0x20001a9c        0x4 build/pid.o
                0x20001a9c                g_Vd
 .bss.g_Vq      0x20001aa0        0x4 build/pid.o
                0x20001aa0                g_Vq
 .bss.index_I_phase
                0x20001aa4        0x4 build/pid.o
                0x20001aa4                index_I_phase
 .bss.last_alpha
                0x20001aa8        0x4 build/pid.o
                0x20001aa8                last_alpha
 .bss.last_beta
                0x20001aac        0x4 build/pid.o
                0x20001aac                last_beta
 .bss.motor_para_identification_count_Tms
                0x20001ab0        0x4 build/pid.o
                0x20001ab0                motor_para_identification_count_Tms
 .bss.pos_error_to_target
                0x20001ab4        0x4 build/pid.o
                0x20001ab4                pos_error_to_target
 .bss.s_Disable_Delay
                0x20001ab8        0x4 build/pid.o
                0x20001ab8                s_Disable_Delay
 .bss.s_Enable_Delay.12093
                0x20001abc        0x4 build/pid.o
 .bss.s_count.12092
                0x20001ac0        0x4 build/pid.o
 .bss.s_count.12157
                0x20001ac4        0x4 build/pid.o
 .bss.s_test_speed_t_count.12049
                0x20001ac8        0x4 build/pid.o
 .bss.sin_wave_t_us
                0x20001acc        0x4 build/pid.o
                0x20001acc                sin_wave_t_us
 .bss.test.12028
                0x20001ad0        0x2 build/pid.o
 *fill*         0x20001ad2        0x2 
 .bss.A_ref     0x20001ad4        0x4 build/profile_joint.o
                0x20001ad4                A_ref
 .bss.Flag_Profile_Enable
                0x20001ad8        0x4 build/profile_joint.o
                0x20001ad8                Flag_Profile_Enable
 .bss.Flag_Profile_Enable_last
                0x20001adc        0x4 build/profile_joint.o
                0x20001adc                Flag_Profile_Enable_last
 .bss.Profile_frozen_tar_pos
                0x20001ae0        0x4 build/profile_joint.o
                0x20001ae0                Profile_frozen_tar_pos
 .bss.Profile_mode_last
                0x20001ae4        0x4 build/profile_joint.o
                0x20001ae4                Profile_mode_last
 .bss.Profile_moving
                0x20001ae8        0x4 build/profile_joint.o
                0x20001ae8                Profile_moving
 .bss.Profile_v_set
                0x20001aec        0x4 build/profile_joint.o
                0x20001aec                Profile_v_set
 .bss.S_max_2_stop
                0x20001af0        0x4 build/profile_joint.o
                0x20001af0                S_max_2_stop
 .bss.S_samll_stroke
                0x20001af4        0x4 build/profile_joint.o
                0x20001af4                S_samll_stroke
 .bss.S_th1     0x20001af8        0x4 build/profile_joint.o
                0x20001af8                S_th1
 .bss.S_th2     0x20001afc        0x4 build/profile_joint.o
                0x20001afc                S_th2
 .bss.S_v0_2_max
                0x20001b00        0x4 build/profile_joint.o
                0x20001b00                S_v0_2_max
 .bss.V_ref     0x20001b04        0x4 build/profile_joint.o
                0x20001b04                V_ref
 .bss.acc_1_sections
                0x20001b08        0x4 build/profile_joint.o
                0x20001b08                acc_1_sections
 .bss.acc_ref_umPs2
                0x20001b0c        0x4 build/profile_joint.o
                0x20001b0c                acc_ref_umPs2
 .bss.acc_set_f_umPs2
                0x20001b10        0x4 build/profile_joint.o
                0x20001b10                acc_set_f_umPs2
 .bss.dir_f     0x20001b14        0x4 build/profile_joint.o
                0x20001b14                dir_f
 .bss.dis_DaHua
                0x20001b18        0x4 build/profile_joint.o
                0x20001b18                dis_DaHua
 .bss.flag_profile_3_sections
                0x20001b1c        0x1 build/profile_joint.o
                0x20001b1c                flag_profile_3_sections
 .bss.flag_profile_start_reverse
                0x20001b1d        0x1 build/profile_joint.o
                0x20001b1d                flag_profile_start_reverse
 *fill*         0x20001b1e        0x2 
 .bss.g_flag_1  0x20001b20        0x4 build/profile_joint.o
                0x20001b20                g_flag_1
 .bss.g_pos_ini
                0x20001b24        0x4 build/profile_joint.o
                0x20001b24                g_pos_ini
 .bss.g_pos_tag
                0x20001b28        0x4 build/profile_joint.o
                0x20001b28                g_pos_tag
 .bss.g_pos_tag_dlt_abs_f
                0x20001b2c        0x4 build/profile_joint.o
                0x20001b2c                g_pos_tag_dlt_abs_f
 .bss.g_pos_tag_dlt_f
                0x20001b30        0x4 build/profile_joint.o
                0x20001b30                g_pos_tag_dlt_f
 .bss.g_pos_tag_old
                0x20001b34        0x4 build/profile_joint.o
                0x20001b34                g_pos_tag_old
 .bss.ini_count.11949
                0x20001b38        0x2 build/profile_joint.o
 *fill*         0x20001b3a        0x2 
 .bss.p1_f      0x20001b3c        0x4 build/profile_joint.o
                0x20001b3c                p1_f
 .bss.p2_f      0x20001b40        0x4 build/profile_joint.o
                0x20001b40                p2_f
 .bss.p3_f      0x20001b44        0x4 build/profile_joint.o
                0x20001b44                p3_f
 .bss.pos_act_um
                0x20001b48        0x4 build/profile_joint.o
                0x20001b48                pos_act_um
 .bss.pos_interpolation_A_um
                0x20001b4c        0x4 build/profile_joint.o
                0x20001b4c                pos_interpolation_A_um
 .bss.pos_interpolation_B_um
                0x20001b50        0x4 build/profile_joint.o
                0x20001b50                pos_interpolation_B_um
 .bss.pos_ref_um
                0x20001b54        0x4 build/profile_joint.o
                0x20001b54                pos_ref_um
 .bss.profile_flag
                0x20001b58        0x4 build/profile_joint.o
                0x20001b58                profile_flag
 .bss.t1_f      0x20001b5c        0x4 build/profile_joint.o
                0x20001b5c                t1_f
 .bss.t1_tmp_f  0x20001b60        0x4 build/profile_joint.o
                0x20001b60                t1_tmp_f
 .bss.t2_f      0x20001b64        0x4 build/profile_joint.o
                0x20001b64                t2_f
 .bss.t3_f      0x20001b68        0x4 build/profile_joint.o
                0x20001b68                t3_f
 .bss.tCnt_f    0x20001b6c        0x4 build/profile_joint.o
                0x20001b6c                tCnt_f
 .bss.t_at_P_Dec_f
                0x20001b70        0x4 build/profile_joint.o
                0x20001b70                t_at_P_Dec_f
 .bss.time_interpolation_s
                0x20001b74        0x4 build/profile_joint.o
                0x20001b74                time_interpolation_s
 .bss.v0        0x20001b78        0x4 build/profile_joint.o
                0x20001b78                v0
 .bss.v0_abs    0x20001b7c        0x4 build/profile_joint.o
                0x20001b7c                v0_abs
 .bss.vel_interpolation_umPs
                0x20001b80        0x4 build/profile_joint.o
                0x20001b80                vel_interpolation_umPs
 .bss.vel_max_f_umPs
                0x20001b84        0x4 build/profile_joint.o
                0x20001b84                vel_max_f_umPs
 .bss.vel_ref_umPs
                0x20001b88        0x4 build/profile_joint.o
                0x20001b88                vel_ref_umPs
 .bss.vel_tmp_f
                0x20001b8c        0x4 build/profile_joint.o
                0x20001b8c                vel_tmp_f
 .bss.vp_abs    0x20001b90        0x4 build/profile_joint.o
                0x20001b90                vp_abs
 .bss.flag_rev_modbus
                0x20001b94        0x1 build/scope.o
                0x20001b94                flag_rev_modbus
 *fill*         0x20001b95        0x3 
 .bss.g_TxBuf_Pos
                0x20001b98        0x4 build/scope.o
                0x20001b98                g_TxBuf_Pos
 .bss.g_UserDefined_TxBuf
                0x20001b9c       0x50 build/scope.o
                0x20001b9c                g_UserDefined_TxBuf
 .bss.modbus_rly_delay_ms
                0x20001bec        0x2 build/scope.o
                0x20001bec                modbus_rly_delay_ms
 *fill*         0x20001bee        0x2 
 .bss.count_over_AlerrTemperature.11850
                0x20001bf0        0x4 build/security.o
 .bss.count_over_current
                0x20001bf4        0x2 build/security.o
                0x20001bf4                count_over_current
 .bss.count_over_temperature
                0x20001bf6        0x2 build/security.o
                0x20001bf6                count_over_temperature
 .bss.over_current_staff_event_cnt
                0x20001bf8        0x4 build/security.o
 .bss.power_on_time
                0x20001bfc        0x4 build/security.o
                0x20001bfc                power_on_time
 .bss.s_count.11848
                0x20001c00        0x4 build/security.o
 .bss.s_count.11872
                0x20001c04        0x4 build/security.o
 .bss.temperture_hystersis.11849
                0x20001c08        0x4 build/security.o
 .bss.cnt_temp.12057
                0x20001c0c        0x4 build/spi_MEncoder.o
 .bss.count1.12051
                0x20001c10        0x4 build/spi_MEncoder.o
 .bss.flag_first_exe
                0x20001c14        0x4 build/spi_MEncoder.o
                0x20001c14                flag_first_exe
 .bss.g_Encode_offset
                0x20001c18        0x4 build/spi_MEncoder.o
                0x20001c18                g_Encode_offset
 .bss.g_Encode_offset_EN
                0x20001c1c        0x4 build/spi_MEncoder.o
                0x20001c1c                g_Encode_offset_EN
 .bss.single_value_last_raw.12067
                0x20001c20        0x4 build/spi_MEncoder.o
 .bss.sys_mot_test_last.12056
                0x20001c24        0x2 build/spi_MEncoder.o
 .bss.flag_is_writable
                0x20001c26        0x1 build/uart.o
                0x20001c26                flag_is_writable
 *fill*         0x20001c27        0x1 
 .bss.g_UART_RXlen
                0x20001c28        0x2 build/uart.o
                0x20001c28                g_UART_RXlen
 .bss.g_UART_Rx_Modbus
                0x20001c2a       0x80 build/uart.o
                0x20001c2a                g_UART_Rx_Modbus
 .bss.g_UART_Tx_Modbus
                0x20001caa       0x80 build/uart.o
                0x20001caa                g_UART_Tx_Modbus
 .bss.g_UART_Tx_Modbus_len
                0x20001d2a        0x1 build/uart.o
                0x20001d2a                g_UART_Tx_Modbus_len
 .bss.g_bUARTPushingFrames
                0x20001d2b        0x1 build/uart.o
                0x20001d2b                g_bUARTPushingFrames
 .bss.g_fast_debug
                0x20001d2c        0x1 build/uart.o
                0x20001d2c                g_fast_debug
 .bss.g_flag_monitor_from_host
                0x20001d2d        0x1 build/uart.o
                0x20001d2d                g_flag_monitor_from_host
 .bss.g_index_Modbus
                0x20001d2e        0x2 build/uart.o
                0x20001d2e                g_index_Modbus
 .bss.last_usr_mode
                0x20001d30        0x4 build/uart.o
 .bss.uart_recv_buf
                0x20001d34       0x88 build/uart.o
 .bss.HAL_RCC_ADC12_CLK_ENABLED
                0x20001dbc        0x4 build/stm32g4xx_hal_msp.o
 .bss.pxCurrentTCB
                0x20001dc0        0x4 build/tasks.o
                0x20001dc0                pxCurrentTCB
 .bss.pxReadyTasksLists
                0x20001dc4       0x8c build/tasks.o
 .bss.ulTaskSwitchedInTime
                0x20001e50        0x4 build/tasks.o
 .bss.uxSchedulerSuspended
                0x20001e54        0x4 build/tasks.o
 .bss.uxTopReadyPriority
                0x20001e58        0x4 build/tasks.o
 .bss.xYieldPending
                0x20001e5c        0x4 build/tasks.o
 *(COMMON)
 COMMON         0x20001e60      0x138 build/adc.o
                0x20001e60                hadc2
                0x20001ecc                hadc1
                0x20001f38                hdma_adc2
 COMMON         0x20001f98       0x7c build/global.o
                0x20001f98                gSpd_Kp
                0x20001f9c                pos_p_vel_float
                0x20001fa0                g_ZeroCur_MotorA
                0x20001fa4                gSpd_Ki
                0x20001fa8                gSpd_ds
                0x20001fac                Motor_pause_flag
                0x20001fad                Motor_emergercy_stop
                0x20001fb0                gPos_Ki
                0x20001fb4                g_ZeroCur_MotorC
                0x20001fb8                g_ZeroCur_MotorB
                0x20001fbc                gPos_ds
                0x20001fc0                padding
                0x20001fc4                vlaue_icmu_offset_overturn
                0x20001fc8                waveGen
                0x20001ffc                gCur_Kp
                0x20002000                range_icmu_vlaue_need_addMax
                0x20002004                gCur_Ki
                0x20002008                range_icmu_vlaue_at_stroke
                0x2000200c                Flag_error_MU_value_instable
                0x20002010                gPos_Kp
 COMMON         0x20002014      0x124 build/icmu.o
                0x20002014                hspi1
                0x20002078                hdma_spi1_rx
                0x200020d8                hdma_spi1_tx
 COMMON         0x20002138      0x23c build/pid.o
                0x20002138                g_X
                0x2000213c                delta_alpha
                0x20002140                speed2
                0x20002144                pid_last_hall_ture_value1
                0x20002148                g_Iq_filter
                0x2000214c                g_Z
                0x20002150                I_Beta
                0x20002154                pid_hall_ture_value1
                0x20002158                I_Alpha
                0x20002160                pid_force
                0x200021a8                g_Y
                0x200021ac                time4_capture_ch1
                0x200021b0                pid_ID
                0x200021f8                integre_observer_ElectricAngle
                0x200021fc                speed3
                0x20002200                g_Id_filter
                0x20002204                pid_hall_sample_time_point
                0x2000222c                observer_speed
                0x20002230                pid_pos
                0x20002278                delata_beta
                0x20002280                hall_total_time
                0x20002288                L
                0x2000228c                temp_L
                0x20002290                pid_pll
                0x200022d8                pid_spd
                0x20002320                pid_IQ
                0x20002368                anlge_reg
                0x2000236c                speed1
                0x20002370                observer_ElectricAngle
 COMMON         0x20002374       0x58 build/pwm.o
                0x20002374                hall_b
                0x20002378                hall_a
                0x2000237c                htim1
                0x200023c8                hall_c
 COMMON         0x200023cc      0x3d4 build/uart.o
                0x200023cc                struct_hFrame
                0x200024cc                hdma_usart1_tx
                0x2000252c                hdma_usart1_rx
                0x2000258c                huart1
                0x20002620                g_UART_TxBuf
                0x200026a0                uart1_dma_rx_arry
                0x20002720                g_UART_RxBuf
 COMMON         0x200027a0       0x8c build/sensorless.o
                0x200027a0                encoder_sensor_
                0x200027b4                motor_
 COMMON         0x2000282c        0x4 build/stm32g4xx_hal.o
                0x2000282c                uwTick
                0x20002830                . = ALIGN (0x4)
                0x20002830                _ebss = .
                0x20002830                __bss_end__ = _ebss

._user_heap_stack
                0x20002830      0x400 load address 0x0800ced0
                0x20002830                . = ALIGN (0x8)
                0x20002830                PROVIDE (end = .)
                [!provide]                PROVIDE (_end = .)
                0x20002830                . = (. + _Min_Heap_Size)
                0x20002c30                . = (. + _Min_Stack_Size)
 *fill*         0x20002830      0x400 
                0x20002c30                . = ALIGN (0x8)

/DISCARD/
 libc.a(*)
 libm.a(*)
 libgcc.a(*)

.ARM.attributes
                0x00000000       0x30
 *(.ARM.attributes)
 .ARM.attributes
                0x00000000       0x22 c:/program files (x86)/gnu tools arm embedded/7 2018-q2-update/bin/../lib/gcc/arm-none-eabi/7.3.1/thumb/v7e-m/fpv4-sp/hard/crti.o
 .ARM.attributes
                0x00000022       0x34 c:/program files (x86)/gnu tools arm embedded/7 2018-q2-update/bin/../lib/gcc/arm-none-eabi/7.3.1/thumb/v7e-m/fpv4-sp/hard/crtbegin.o
 .ARM.attributes
                0x00000056       0x39 build/main.o
 .ARM.attributes
                0x0000008f       0x39 build/adc.o
 .ARM.attributes
                0x000000c8       0x39 build/calibration.o
 .ARM.attributes
                0x00000101       0x39 build/flash.o
 .ARM.attributes
                0x0000013a       0x39 build/global.o
 .ARM.attributes
                0x00000173       0x39 build/icmu.o
 .ARM.attributes
                0x000001ac       0x39 build/led.o
 .ARM.attributes
                0x000001e5       0x39 build/limit_pos_detection.o
 .ARM.attributes
                0x0000021e       0x39 build/nvic.o
 .ARM.attributes
                0x00000257       0x39 build/parameter_identification.o
 .ARM.attributes
                0x00000290       0x39 build/performance_test.o
 .ARM.attributes
                0x000002c9       0x39 build/pid.o
 .ARM.attributes
                0x00000302       0x39 build/profile_joint.o
 .ARM.attributes
                0x0000033b       0x39 build/pwm.o
 .ARM.attributes
                0x00000374       0x39 build/scope.o
 .ARM.attributes
                0x000003ad       0x39 build/security.o
 .ARM.attributes
                0x000003e6       0x39 build/spi_MEncoder.o
 .ARM.attributes
                0x0000041f       0x39 build/stm32_math_sin.o
 .ARM.attributes
                0x00000458       0x39 build/uart.o
 .ARM.attributes
                0x00000491       0x39 build/app_freertos.o
 .ARM.attributes
                0x000004ca       0x39 build/stm32g4xx_it.o
 .ARM.attributes
                0x00000503       0x39 build/stm32g4xx_hal_msp.o
 .ARM.attributes
                0x0000053c       0x39 build/sensorless.o
 .ARM.attributes
                0x00000575       0x39 build/stm32g4xx_hal.o
 .ARM.attributes
                0x000005ae       0x39 build/stm32g4xx_hal_rcc.o
 .ARM.attributes
                0x000005e7       0x39 build/stm32g4xx_hal_rcc_ex.o
 .ARM.attributes
                0x00000620       0x39 build/stm32g4xx_hal_flash.o
 .ARM.attributes
                0x00000659       0x39 build/stm32g4xx_hal_flash_ex.o
 .ARM.attributes
                0x00000692       0x39 build/stm32g4xx_hal_gpio.o
 .ARM.attributes
                0x000006cb       0x39 build/stm32g4xx_hal_exti.o
 .ARM.attributes
                0x00000704       0x39 build/stm32g4xx_hal_dma.o
 .ARM.attributes
                0x0000073d       0x39 build/stm32g4xx_hal_pwr_ex.o
 .ARM.attributes
                0x00000776       0x39 build/stm32g4xx_hal_cortex.o
 .ARM.attributes
                0x000007af       0x39 build/stm32g4xx_hal_tim.o
 .ARM.attributes
                0x000007e8       0x39 build/stm32g4xx_hal_tim_ex.o
 .ARM.attributes
                0x00000821       0x39 build/stm32g4xx_hal_adc.o
 .ARM.attributes
                0x0000085a       0x39 build/stm32g4xx_hal_adc_ex.o
 .ARM.attributes
                0x00000893       0x39 build/stm32g4xx_hal_uart.o
 .ARM.attributes
                0x000008cc       0x39 build/stm32g4xx_hal_uart_ex.o
 .ARM.attributes
                0x00000905       0x39 build/system_stm32g4xx.o
 .ARM.attributes
                0x0000093e       0x39 build/tasks.o
 .ARM.attributes
                0x00000977       0x39 build/port.o
 .ARM.attributes
                0x000009b0       0x21 build/startup_stm32g431xx.o
 .ARM.attributes
                0x000009d1       0x25 build/stm32_math.o
 .ARM.attributes