Archive member included to satisfy reference by file (symbol)

c:/program files (x86)/gnu tools arm embedded/7 2018-q2-update/bin/../lib/gcc/arm-none-eabi/7.3.1/../../../../arm-none-eabi/lib/thumb/v7e-m/fpv4-sp/hard\libc_nano.a(lib_a-exit.o)
                              c:/program files (x86)/gnu tools arm embedded/7 2018-q2-update/bin/../lib/gcc/arm-none-eabi/7.3.1/../../../../arm-none-eabi/lib/thumb/v7e-m/fpv4-sp/hard/crt0.o (exit)
c:/program files (x86)/gnu tools arm embedded/7 2018-q2-update/bin/../lib/gcc/arm-none-eabi/7.3.1/../../../../arm-none-eabi/lib/thumb/v7e-m/fpv4-sp/hard\libc_nano.a(lib_a-impure.o)
                              c:/program files (x86)/gnu tools arm embedded/7 2018-q2-update/bin/../lib/gcc/arm-none-eabi/7.3.1/../../../../arm-none-eabi/lib/thumb/v7e-m/fpv4-sp/hard\libc_nano.a(lib_a-exit.o) (_global_impure_ptr)
c:/program files (x86)/gnu tools arm embedded/7 2018-q2-update/bin/../lib/gcc/arm-none-eabi/7.3.1/../../../../arm-none-eabi/lib/thumb/v7e-m/fpv4-sp/hard\libc_nano.a(lib_a-init.o)
                              c:/program files (x86)/gnu tools arm embedded/7 2018-q2-update/bin/../lib/gcc/arm-none-eabi/7.3.1/../../../../arm-none-eabi/lib/thumb/v7e-m/fpv4-sp/hard/crt0.o (__libc_init_array)
c:/program files (x86)/gnu tools arm embedded/7 2018-q2-update/bin/../lib/gcc/arm-none-eabi/7.3.1/../../../../arm-none-eabi/lib/thumb/v7e-m/fpv4-sp/hard\libc_nano.a(lib_a-memcpy-stub.o)
                              build/flash.o (memcpy)
c:/program files (x86)/gnu tools arm embedded/7 2018-q2-update/bin/../lib/gcc/arm-none-eabi/7.3.1/../../../../arm-none-eabi/lib/thumb/v7e-m/fpv4-sp/hard\libc_nano.a(lib_a-memset.o)
                              c:/program files (x86)/gnu tools arm embedded/7 2018-q2-update/bin/../lib/gcc/arm-none-eabi/7.3.1/../../../../arm-none-eabi/lib/thumb/v7e-m/fpv4-sp/hard/crt0.o (memset)
c:/program files (x86)/gnu tools arm embedded/7 2018-q2-update/bin/../lib/gcc/arm-none-eabi/7.3.1/../../../../arm-none-eabi/lib/thumb/v7e-m/fpv4-sp/hard\libc_nano.a(lib_a-sprintf.o)
                              build/tasks.o (sprintf)
c:/program files (x86)/gnu tools arm embedded/7 2018-q2-update/bin/../lib/gcc/arm-none-eabi/7.3.1/../../../../arm-none-eabi/lib/thumb/v7e-m/fpv4-sp/hard\libc_nano.a(lib_a-strcpy.o)
                              build/tasks.o (strcpy)
c:/program files (x86)/gnu tools arm embedded/7 2018-q2-update/bin/../lib/gcc/arm-none-eabi/7.3.1/../../../../arm-none-eabi/lib/thumb/v7e-m/fpv4-sp/hard\libc_nano.a(lib_a-strlen.o)
                              build/tasks.o (strlen)
c:/program files (x86)/gnu tools arm embedded/7 2018-q2-update/bin/../lib/gcc/arm-none-eabi/7.3.1/../../../../arm-none-eabi/lib/thumb/v7e-m/fpv4-sp/hard\libc_nano.a(lib_a-nano-svfprintf.o)
                              c:/program files (x86)/gnu tools arm embedded/7 2018-q2-update/bin/../lib/gcc/arm-none-eabi/7.3.1/../../../../arm-none-eabi/lib/thumb/v7e-m/fpv4-sp/hard\libc_nano.a(lib_a-sprintf.o) (_svfprintf_r)
c:/program files (x86)/gnu tools arm embedded/7 2018-q2-update/bin/../lib/gcc/arm-none-eabi/7.3.1/../../../../arm-none-eabi/lib/thumb/v7e-m/fpv4-sp/hard\libc_nano.a(lib_a-nano-vfprintf_i.o)
                              c:/program files (x86)/gnu tools arm embedded/7 2018-q2-update/bin/../lib/gcc/arm-none-eabi/7.3.1/../../../../arm-none-eabi/lib/thumb/v7e-m/fpv4-sp/hard\libc_nano.a(lib_a-nano-svfprintf.o) (_printf_i)
c:/program files (x86)/gnu tools arm embedded/7 2018-q2-update/bin/../lib/gcc/arm-none-eabi/7.3.1/../../../../arm-none-eabi/lib/thumb/v7e-m/fpv4-sp/hard\libc_nano.a(lib_a-memchr.o)
                              c:/program files (x86)/gnu tools arm embedded/7 2018-q2-update/bin/../lib/gcc/arm-none-eabi/7.3.1/../../../../arm-none-eabi/lib/thumb/v7e-m/fpv4-sp/hard\libc_nano.a(lib_a-nano-svfprintf.o) (memchr)
c:/program files (x86)/gnu tools arm embedded/7 2018-q2-update/bin/../lib/gcc/arm-none-eabi/7.3.1/../../../../arm-none-eabi/lib/thumb/v7e-m/fpv4-sp/hard\libc_nano.a(lib_a-memmove.o)
                              c:/program files (x86)/gnu tools arm embedded/7 2018-q2-update/bin/../lib/gcc/arm-none-eabi/7.3.1/../../../../arm-none-eabi/lib/thumb/v7e-m/fpv4-sp/hard\libc_nano.a(lib_a-nano-svfprintf.o) (memmove)
c:/program files (x86)/gnu tools arm embedded/7 2018-q2-update/bin/../lib/gcc/arm-none-eabi/7.3.1/../../../../arm-none-eabi/lib/thumb/v7e-m/fpv4-sp/hard\libc_nano.a(lib_a-nano-freer.o)
                              c:/program files (x86)/gnu tools arm embedded/7 2018-q2-update/bin/../lib/gcc/arm-none-eabi/7.3.1/../../../../arm-none-eabi/lib/thumb/v7e-m/fpv4-sp/hard\libc_nano.a(lib_a-nano-svfprintf.o) (_free_r)
c:/program files (x86)/gnu tools arm embedded/7 2018-q2-update/bin/../lib/gcc/arm-none-eabi/7.3.1/../../../../arm-none-eabi/lib/thumb/v7e-m/fpv4-sp/hard\libc_nano.a(lib_a-nano-mallocr.o)
[...]
Memory Configuration

Name             Origin             Length             Attributes
RAM              0x20000000         0x00008000         xrw
FLASH            0x08000000         0x00020000         xr
*default*        0x00000000         0xffffffff

Linker script and memory map

LOAD c:/program files (x86)/gnu tools arm embedded/7 2018-q2-update/bin/../lib/gcc/arm-none-eabi/7.3.1/thumb/v7e-m/fpv4-sp/hard/crti.o
LOAD c:/program files (x86)/gnu tools arm embedded/7 2018-q2-update/bin/../lib/gcc/arm-none-eabi/7.3.1/thumb/v7e-m/fpv4-sp/hard/crtbegin.o
LOAD c:/program files (x86)/gnu tools arm embedded/7 2018-q2-update/bin/../lib/gcc/arm-none-eabi/7.3.1/../../../../arm-none-eabi/lib/thumb/v7e-m/fpv4-sp/hard/crt0.o
LOAD build/main.o
LOAD build/adc.o
LOAD build/calibration.o
LOAD build/EM_test.o
LOAD build/flash.o
LOAD build/global.o
LOAD build/icmu.o
LOAD build/led.o
LOAD build/limit_pos_detection.o
LOAD build/nvic.o
LOAD build/parameter_identification.o
LOAD build/performance_test.o
LOAD build/pid.o
LOAD build/profile_joint.o
LOAD build/pwm.o
LOAD build/scope.o
LOAD build/security.o
LOAD build/spi_IChaus.o
LOAD build/spi_MEncoder.o
LOAD build/stm32_math_sin.o
LOAD build/uart.o
LOAD build/app_freertos.o
LOAD build/stm32g4xx_it.o
LOAD build/stm32g4xx_hal_msp.o
LOAD build/stm32g4xx_hal.o
LOAD build/stm32g4xx_hal_rcc.o
LOAD build/stm32g4xx_hal_rcc_ex.o
LOAD build/stm32g4xx_hal_flash.o
LOAD build/stm32g4xx_hal_flash_ex.o
LOAD build/stm32g4xx_hal_flash_ramfunc.o
LOAD build/stm32g4xx_hal_gpio.o
LOAD build/stm32g4xx_hal_exti.o
LOAD build/stm32g4xx_hal_dma.o
LOAD build/stm32g4xx_hal_dma_ex.o
LOAD build/stm32g4xx_hal_pwr.o
LOAD build/stm32g4xx_hal_pwr_ex.o
LOAD build/stm32g4xx_hal_cortex.o
LOAD build/stm32g4xx_hal_tim.o
LOAD build/stm32g4xx_hal_tim_ex.o
LOAD build/stm32g4xx_hal_adc.o
LOAD build/stm32g4xx_hal_adc_ex.o
LOAD build/stm32g4xx_hal_uart.o
LOAD build/stm32g4xx_hal_uart_ex.o
LOAD build/stm32g4xx_hal_usart.o
LOAD build/stm32g4xx_hal_usart_ex.o
LOAD build/stm32g4xx_hal_spi.o
LOAD build/stm32g4xx_hal_spi_ex.o
LOAD build/system_stm32g4xx.o
LOAD build/croutine.o
LOAD build/event_groups.o
LOAD build/list.o
LOAD build/queue.o
LOAD build/stream_buffer.o
LOAD build/tasks.o
LOAD build/timers.o
LOAD build/cmsis_os.o
LOAD build/heap_4.o
LOAD build/port.o
LOAD build/startup_stm32g431xx.o
LOAD build/stm32_math.o
LOAD c:/program files (x86)/gnu tools arm embedded/7 2018-q2-update/bin/../lib/gcc/arm-none-eabi/7.3.1/../../../../arm-none-eabi/lib/thumb/v7e-m/fpv4-sp/hard\libc_nano.a
LOAD c:/program files (x86)/gnu tools arm embedded/7 2018-q2-update/bin/../lib/gcc/arm-none-eabi/7.3.1/../../../../arm-none-eabi/lib/thumb/v7e-m/fpv4-sp/hard\libm.a
LOAD c:/program files (x86)/gnu tools arm embedded/7 2018-q2-update/bin/../lib/gcc/arm-none-eabi/7.3.1/../../../../arm-none-eabi/lib/thumb/v7e-m/fpv4-sp/hard\libnosys.a
START GROUP
LOAD c:/program files (x86)/gnu tools arm embedded/7 2018-q2-update/bin/../lib/gcc/arm-none-eabi/7.3.1/thumb/v7e-m/fpv4-sp/hard\libgcc.a
LOAD c:/program files (x86)/gnu tools arm embedded/7 2018-q2-update/bin/../lib/gcc/arm-none-eabi/7.3.1/../../../../arm-none-eabi/lib/thumb/v7e-m/fpv4-sp/hard\libc_nano.a
END GROUP
START GROUP
LOAD c:/program files (x86)/gnu tools arm embedded/7 2018-q2-update/bin/../lib/gcc/arm-none-eabi/7.3.1/thumb/v7e-m/fpv4-sp/hard\libgcc.a
LOAD c:/program files (x86)/gnu tools arm embedded/7 2018-q2-update/bin/../lib/gcc/arm-none-eabi/7.3.1/../../../../arm-none-eabi/lib/thumb/v7e-m/fpv4-sp/hard\libc_nano.a
END GROUP
LOAD c:/program files (x86)/gnu tools arm embedded/7 2018-q2-update/bin/../lib/gcc/arm-none-eabi/7.3.1/thumb/v7e-m/fpv4-sp/hard/crtend.o
LOAD c:/program files (x86)/gnu tools arm embedded/7 2018-q2-update/bin/../lib/gcc/arm-none-eabi/7.3.1/thumb/v7e-m/fpv4-sp/hard/crtn.o
                0x20008000                _estack = (ORIGIN (RAM) + LENGTH (RAM))
                0x00000000                _Min_Heap_Size = 0x0
                0x00000400                _Min_Stack_Size = 0x400

.isr_vector     0x08000000      0x1d8
                0x08000000                . = ALIGN (0x4)
 *(.isr_vector)
 .isr_vector    0x08000000      0x1d8 build/startup_stm32g431xx.o
                0x08000000                g_pfnVectors
                0x080001d8                . = ALIGN (0x4)

.text           0x080001e0     0xcfe4
                0x080001e0                . = ALIGN (0x4)
 *(.text)
 .text          0x080001e0       0x40 c:/program files (x86)/gnu tools arm embedded/7 2018-q2-update/bin/../lib/gcc/arm-none-eabi/7.3.1/thumb/v7e-m/fpv4-sp/hard/crtbegin.o
 .text          0x08000220       0xb2 build/stm32_math.o
                0x08000220                Q16_Int
                0x0800022a                Int_Q16
                0x08000230                Q16_MUL
                0x0800023e                Q15_MUL
                0x0800024c                Q15_PARK
                0x08000252                SQRT_INT
                0x080002b6                MUL_DIV
                0x080002c0                ASM_MUL
                0x080002c6                Uint32_DIV
 *fill*         0x080002d2        0x2 
 .text          0x080002d4      0x378 c:/program files (x86)/gnu tools arm embedded/7 2018-q2-update/bin/../lib/gcc/arm-none-eabi/7.3.1/thumb/v7e-m/fpv4-sp/hard\libgcc.a(_arm_addsubdf3.o)
                0x080002d4                __aeabi_drsub
                0x080002dc                __aeabi_dsub
                0x080002dc                __subdf3
                0x080002e0                __aeabi_dadd
                0x080002e0                __adddf3
                0x08000558                __floatunsidf
                0x08000558                __aeabi_ui2d
                0x08000578                __floatsidf
                0x08000578                __aeabi_i2d
                0x0800059c                __aeabi_f2d
                0x0800059c                __extendsfdf2
                0x080005e0                __floatundidf
                0x080005e0                __aeabi_ul2d
                0x080005f0                __floatdidf
                0x080005f0                __aeabi_l2d
 .text          0x0800064c      0x424 c:/program files (x86)/gnu tools arm embedded/7 2018-q2-update/bin/../lib/gcc/arm-none-eabi/7.3.1/thumb/v7e-m/fpv4-sp/hard\libgcc.a(_arm_muldivdf3.o)
                0x0800064c                __aeabi_dmul
                0x0800064c                __muldf3
                0x080008a0                __divdf3
                0x080008a0                __aeabi_ddiv
 .text          0x08000a70      0x110 c:/program files (x86)/gnu tools arm embedded/7 2018-q2-update/bin/../lib/gcc/arm-none-eabi/7.3.1/thumb/v7e-m/fpv4-sp/hard\libgcc.a(_arm_cmpdf2.o)
                0x08000a70                __gtdf2
                0x08000a70                __gedf2
                0x08000a78                __ltdf2
                0x08000a78                __ledf2
                0x08000a80                __nedf2
                0x08000a80                __eqdf2
                0x08000a80                __cmpdf2
                0x08000afc                __aeabi_cdrcmple
                0x08000b0c                __aeabi_cdcmpeq
                0x08000b0c                __aeabi_cdcmple
                0x08000b1c                __aeabi_dcmpeq
                0x08000b30                __aeabi_dcmplt
                0x08000b44                __aeabi_dcmple
                0x08000b58                __aeabi_dcmpge
                0x08000b6c                __aeabi_dcmpgt
 .text          0x08000b80       0x2c c:/program files (x86)/gnu tools arm embedded/7 2018-q2-update/bin/../lib/gcc/arm-none-eabi/7.3.1/thumb/v7e-m/fpv4-sp/hard\libgcc.a(_arm_unorddf2.o)
                0x08000b80                __unorddf2
                0x08000b80                __aeabi_dcmpun
 .text          0x08000bac       0x50 c:/program files (x86)/gnu tools arm embedded/7 2018-q2-update/bin/../lib/gcc/arm-none-eabi/7.3.1/thumb/v7e-m/fpv4-sp/hard\libgcc.a(_arm_fixdfsi.o)
                0x08000bac                __aeabi_d2iz
                0x08000bac                __fixdfsi
 .text          0x08000bfc       0x40 c:/program files (x86)/gnu tools arm embedded/7 2018-q2-update/bin/../lib/gcc/arm-none-eabi/7.3.1/thumb/v7e-m/fpv4-sp/hard\libgcc.a(_arm_fixunsdfsi.o)
                0x08000bfc                __aeabi_d2uiz
                0x08000bfc                __fixunsdfsi
 .text          0x08000c3c       0xa0 c:/program files (x86)/gnu tools arm embedded/7 2018-q2-update/bin/../lib/gcc/arm-none-eabi/7.3.1/thumb/v7e-m/fpv4-sp/hard\libgcc.a(_arm_truncdfsf2.o)
                0x08000c3c                __truncdfsf2
                0x08000c3c                __aeabi_d2f
 .text          0x08000cdc       0xa0 c:/program files (x86)/gnu tools arm embedded/7 2018-q2-update/bin/../lib/gcc/arm-none-eabi/7.3.1/thumb/v7e-m/fpv4-sp/hard\libgcc.a(_aeabi_ldivmod.o)
                0x08000cdc                __aeabi_ldivmod
 .text          0x08000d7c       0x30 c:/program files (x86)/gnu tools arm embedded/7 2018-q2-update/bin/../lib/gcc/arm-none-eabi/7.3.1/thumb/v7e-m/fpv4-sp/hard\libgcc.a(_aeabi_uldivmod.o)
                0x08000d7c                __aeabi_uldivmod
 .text          0x08000dac      0x2cc c:/program files (x86)/gnu tools arm embedded/7 2018-q2-update/bin/../lib/gcc/arm-none-eabi/7.3.1/thumb/v7e-m/fpv4-sp/hard\libgcc.a(_udivmoddi4.o)
                0x08000dac                __udivmoddi4
 .text          0x08001078        0x4 c:/program files (x86)/gnu tools arm embedded/7 2018-q2-update/bin/../lib/gcc/arm-none-eabi/7.3.1/thumb/v7e-m/fpv4-sp/hard\libgcc.a(_dvmd_tls.o)
                0x08001078                __aeabi_idiv0
                0x08001078                __aeabi_ldiv0
 *(.text*)
 .text.MX_GPIO_Init
                0x0800107c       0x54 build/main.o
 .text.MX_DMA_Init
                0x080010d0       0x5c build/main.o
 .text.Error_Handler
                0x0800112c        0x4 build/main.o
                0x0800112c                Error_Handler
 .text.SystemClock_Config
                0x08001130       0x92 build/main.o
                0x08001130                SystemClock_Config
 *fill*         0x080011c2        0x2 
 .text.main     0x080011c4      0x28c build/main.o
                0x080011c4                main
 .text.MX_ADC1_Init
                0x08001450      0x110 build/adc.o
                0x08001450                MX_ADC1_Init
 .text.MX_ADC2_Init
                0x08001560       0xc4 build/adc.o
                0x08001560                MX_ADC2_Init
 .text.get_average_force_data
                0x08001624       0xc4 build/adc.o
                0x08001624                get_average_force_data
 .text.ADC1_2_IRQHandler
                0x080016e8       0x30 build/adc.o
                0x080016e8                ADC1_2_IRQHandler
 .text.pos_linearity_ini
                0x08001718       0x58 build/adc.o
                0x08001718                pos_linearity_ini
 .text.Pos_Correct
                0x08001770      0x160 build/adc.o
                0x08001770                Pos_Correct
 .text.Get_Pos_Rod
                0x080018d0      0x184 build/adc.o
                0x080018d0                Get_Pos_Rod
 .text.get_temperature_value
                0x08001a54       0x64 build/adc.o
                0x08001a54                get_temperature_value
 .text.start_temperature_adc
                0x08001ab8       0x24 build/adc.o
                0x08001ab8                start_temperature_adc
 .text.pos_linearity_set_default
                0x08001adc       0x84 build/adc.o
                0x08001adc                pos_linearity_set_default
 .text.delay_ms
                0x08001b60       0x32 build/calibration.o
                0x08001b60                delay_ms
 *fill*         0x08001b92        0x2 
 .text.CurrentDemarcate
                0x08001b94       0xd0 build/calibration.o
                0x08001b94                CurrentDemarcate
 .text.Flash_Prepared
                0x08001c64       0x32 build/flash.o
 .text.Flash_Write
                0x08001c96       0x4e build/flash.o
                0x08001c96                Flash_Write
 .text.Flash_Read
                0x08001ce4       0x22 build/flash.o
                0x08001ce4                Flash_Read
 *fill*         0x08001d06        0x2 
 .text.Flash_ReadCmdmap
                0x08001d08       0x58 build/flash.o
                0x08001d08                Flash_ReadCmdmap
 .text.Flash_SaveCmdmap
                0x08001d60       0x30 build/flash.o
                0x08001d60                Flash_SaveCmdmap
 .text.Flash_SaveUserCmdmap
                0x08001d90       0x30 build/flash.o
                0x08001d90                Flash_SaveUserCmdmap
 .text.Flash_Init
                0x08001dc0      0x634 build/flash.o
                0x08001dc0                Flash_Init
 .text.clear_flash_erro
                0x080023f4        0xc build/flash.o
                0x080023f4                clear_flash_erro
 .text.DMA1_Channel3_IRQHandler
                0x08002400       0x28 build/icmu.o
                0x08002400                DMA1_Channel3_IRQHandler
 .text.DMA1_Channel4_IRQHandler
                0x08002428       0x90 build/icmu.o
                0x08002428                DMA1_Channel4_IRQHandler
 .text.icmu_sdtransmission_test
                0x080024b8       0x20 build/icmu.o
                0x080024b8                icmu_sdtransmission_test
 .text.clear_eeprom_erro
                0x080024d8        0xc build/icmu.o
                0x080024d8                clear_eeprom_erro
 .text.icmu_eerpom_erro_detect
                0x080024e4       0x20 build/icmu.o
                0x080024e4                icmu_eerpom_erro_detect
 .text.LED_Init
                0x08002504       0xcc build/led.o
                0x08002504                LED_Init
 .text.detect_limitPos
                0x080025d0      0x3d4 build/limit_pos_detection.o
                0x080025d0                detect_limitPos
 .text.clear_limit_event
                0x080029a4       0x14 build/limit_pos_detection.o
                0x080029a4                clear_limit_event
 .text.NVIC_Configuration
                0x080029b8        0xa build/nvic.o
                0x080029b8                NVIC_Configuration
 .text.measure_R
                0x080029c2        0x2 build/parameter_identification.o
                0x080029c2                measure_R
 .text.ini_waveSinGenrator
                0x080029c4       0x28 build/performance_test.o
                0x080029c4                ini_waveSinGenrator
 *fill*         0x080029ec        0x4 
 .text.setPara_waveSinGenrator
                0x080029f0       0xd0 build/performance_test.o
                0x080029f0                setPara_waveSinGenrator
 .text.stop_posWaveSin
                0x08002ac0        0x8 build/performance_test.o
                0x08002ac0                stop_posWaveSin
 .text.OpenLoop
                0x08002ac8       0xc4 build/pid.o
 *fill*         0x08002b8c        0x4 
 .text.Calculate_CCR_SVP
                0x08002b90      0x268 build/pid.o
 .text.PID_ini  0x08002df8        0xe build/pid.o
                0x08002df8                PID_ini
 *fill*         0x08002e06        0x2 
 .text.PID_control
                0x08002e08      0x144 build/pid.o
                0x08002e08                PID_control
 .text.CurrentPID
                0x08002f4c      0x400 build/pid.o
 .text.ForcePID
                0x0800334c      0x13c build/pid.o
 .text.force_PID_out
                0x08003488       0x34 build/pid.o
                0x08003488                force_PID_out
 .text.SpeedPID
                0x080034bc      0x394 build/pid.o
 .text.PositionPID
                0x08003850      0x100 build/pid.o
                0x08003850                PositionPID
 .text.Gripper_control
                0x08003950      0x1bc build/pid.o
                0x08003950                Gripper_control
 .text.phase_current_from_adcval
                0x08003b0c       0x34 build/pid.o
                0x08003b0c                phase_current_from_adcval
 .text.GetCurrent
                0x08003b40      0x1d4 build/pid.o
                0x08003b40                GetCurrent
 .text.ServoPro_Fast
                0x08003d14       0xbc build/pid.o
                0x08003d14                ServoPro_Fast
 .text.Loop3_EnableManage
                0x08003dd0      0x108 build/pid.o
                0x08003dd0                Loop3_EnableManage
 .text.Pos_Spd_PID
                0x08003ed8      0x1c0 build/pid.o
 .text.work_var_updata
                0x08004098      0x144 build/pid.o
                0x08004098                work_var_updata
 .text.EXTI3_IRQHandler
                0x080041dc       0x18 build/pid.o
                0x080041dc                EXTI3_IRQHandler
 .text.Profile_ParaSet
                0x080041f4       0xbc build/profile_joint.o
                0x080041f4                Profile_ParaSet
 .text.Profile  0x080042b0     0x1418 build/profile_joint.o
                0x080042b0                Profile
 .text.recPosCmd
                0x080056c8      0x124 build/profile_joint.o
                0x080056c8                recPosCmd
 .text.target_position_arrived
                0x080057ec       0x14 build/profile_joint.o
                0x080057ec                target_position_arrived
 .text.SWI_EXTI_Config
                0x08005800       0x34 build/pwm.o
                0x08005800                SWI_EXTI_Config
 .text.MX_TIM1_Init
                0x08005834      0x1d8 build/pwm.o
                0x08005834                MX_TIM1_Init
 .text.PWM_Init
                0x08005a0c        0xc build/pwm.o
                0x08005a0c                PWM_Init
 .text.PWM_Disable
                0x08005a18       0x40 build/pwm.o
                0x08005a18                PWM_Disable
 .text.Calculate_CCR
                0x08005a58      0x20c build/pwm.o
                0x08005a58                Calculate_CCR
 .text.PWM_OutPut_Open
                0x08005c64       0x30 build/pwm.o
                0x08005c64                PWM_OutPut_Open
 .text.PWM_Enable
                0x08005c94       0x44 build/pwm.o
                0x08005c94                PWM_Enable
 .text.ScopeProDebug
                0x08005cd8       0xb0 build/scope.o
                0x08005cd8                ScopeProDebug
 .text.ScopeProDebug_2
                0x08005d88       0x6c build/scope.o
                0x08005d88                ScopeProDebug_2
 .text.ReturnCLibADC_Frame
                0x08005df4       0x50 build/scope.o
                0x08005df4                ReturnCLibADC_Frame
 .text.Return_state_frame
                0x08005e44       0xa0 build/scope.o
                0x08005e44                Return_state_frame
 .text.Return_OldFrame_state
                0x08005ee4       0xc4 build/scope.o
                0x08005ee4                Return_OldFrame_state
 .text.Return_OldFrame_data
                0x08005fa8      0x110 build/scope.o
                0x08005fa8                Return_OldFrame_data
 .text.generate_errorCode
                0x080060b8      0x244 build/security.o
                0x080060b8                generate_errorCode
 .text.ClearError
                0x080062fc       0x1c build/security.o
                0x080062fc                ClearError
 .text.Stroke_protection
                0x08006318       0x68 build/security.o
                0x08006318                Stroke_protection
 .text.motor_fault_check
                0x08006380       0x80 build/security.o
                0x08006380                motor_fault_check
 .text.user_param_protected
                0x08006400       0x34 build/security.o
                0x08006400                user_param_protected
 .text.MTPro    0x08006434        0x2 build/spi_MEncoder.o
                0x08006434                MTPro
 *fill*         0x08006436        0x2 
 .text.Pll_phase
                0x08006438      0x228 build/spi_MEncoder.o
                0x08006438                Pll_phase
 .text.GetElectricAngle
                0x08006660      0x12c build/spi_MEncoder.o
                0x08006660                GetElectricAngle
 .text.sim_ElectricAngle
                0x0800678c      0x220 build/spi_MEncoder.o
                0x0800678c                sim_ElectricAngle
 .text.Encode_Single_to_Multi_R
                0x080069ac       0x74 build/spi_MEncoder.o
                0x080069ac                Encode_Single_to_Multi_R
 .text.Math_Trig_Functions_512
                0x08006a20       0xbc build/stm32_math_sin.o
                0x08006a20                Math_Trig_Functions_512
 .text.Math_Sin_EN360
                0x08006adc       0x24 build/stm32_math_sin.o
                0x08006adc                Math_Sin_EN360
 .text.Math_Cos_EN360
                0x08006b00       0x24 build/stm32_math_sin.o
                0x08006b00                Math_Cos_EN360
 .text.CheckSum
                0x08006b24       0x22 build/uart.o
 .text.uart_sum
                0x08006b46       0x22 build/uart.o
 .text.UART_PushFrame
                0x08006b68       0xa8 build/uart.o
                0x08006b68                UART_PushFrame
 .text.MX_USART1_UART_Init
                0x08006c10       0xbc build/uart.o
                0x08006c10                MX_USART1_UART_Init
 .text.UART_PushFrame_Old
                0x08006ccc       0x94 build/uart.o
                0x08006ccc                UART_PushFrame_Old
 .text.UART_ParseFrame
                0x08006d60      0x604 build/uart.o
                0x08006d60                UART_ParseFrame
 .text.UART_CheckReceive
                0x08007364       0xc8 build/uart.o
                0x08007364                UART_CheckReceive
 .text.Rx_Send_Modbus
                0x0800742c       0x7c build/uart.o
                0x0800742c                Rx_Send_Modbus
 .text.ModBusCRC16
                0x080074a8       0x38 build/uart.o
                0x080074a8                ModBusCRC16
 .text.ModBusCRC16Send
                0x080074e0       0x3e build/uart.o
                0x080074e0                ModBusCRC16Send
 *fill*         0x0800751e        0x2 
 .text.Rx_Pro_Modbus
                0x08007520      0x490 build/uart.o
                0x08007520                Rx_Pro_Modbus
 .text.UART_CheckReceive_1
                0x080079b0      0x154 build/uart.o
                0x080079b0                UART_CheckReceive_1
 .text.getRunTimeCounterValue
                0x08007b04        0x4 build/app_freertos.o
                0x08007b04                getRunTimeCounterValue
 .text.NMI_Handler
                0x08007b08        0x2 build/stm32g4xx_it.o
                0x08007b08                NMI_Handler
 .text.HardFault_Handler
                0x08007b0a        0x2 build/stm32g4xx_it.o
                0x08007b0a                HardFault_Handler
 .text.MemManage_Handler
                0x08007b0c        0x2 build/stm32g4xx_it.o
                0x08007b0c                MemManage_Handler
 .text.BusFault_Handler
                0x08007b0e        0x2 build/stm32g4xx_it.o
                0x08007b0e                BusFault_Handler
 .text.UsageFault_Handler
                0x08007b10        0x2 build/stm32g4xx_it.o
                0x08007b10                UsageFault_Handler
 .text.DebugMon_Handler
                0x08007b12        0x2 build/stm32g4xx_it.o
                0x08007b12                DebugMon_Handler
 .text.SysTick_Handler
                0x08007b14        0x8 build/stm32g4xx_it.o
                0x08007b14                SysTick_Handler
 .text.DMA1_Channel1_IRQHandler
                0x08007b1c       0x10 build/stm32g4xx_it.o
                0x08007b1c                DMA1_Channel1_IRQHandler
 .text.USART1_IRQHandler
                0x08007b2c       0x10 build/stm32g4xx_it.o
                0x08007b2c                USART1_IRQHandler
 .text.HAL_MspInit
                0x08007b3c       0x38 build/stm32g4xx_hal_msp.o
                0x08007b3c                HAL_MspInit
 .text.HAL_ADC_MspInit
                0x08007b74       0xe0 build/stm32g4xx_hal_msp.o
                0x08007b74                HAL_ADC_MspInit
 .text.HAL_TIM_Base_MspInit
                0x08007c54       0xb0 build/stm32g4xx_hal_msp.o
                0x08007c54                HAL_TIM_Base_MspInit
 .text.HAL_TIM_MspPostInit
                0x08007d04       0xc8 build/stm32g4xx_hal_msp.o
                0x08007d04                HAL_TIM_MspPostInit
 .text.HAL_UART_MspInit
                0x08007dcc      0x110 build/stm32g4xx_hal_msp.o
                0x08007dcc                HAL_UART_MspInit
 .text.HAL_InitTick
                0x08007edc       0x50 build/stm32g4xx_hal.o
                0x08007edc                HAL_InitTick
 .text.HAL_Init
                0x08007f2c       0x1e build/stm32g4xx_hal.o
                0x08007f2c                HAL_Init
 *fill*         0x08007f4a        0x2 
 .text.HAL_IncTick
                0x08007f4c       0x18 build/stm32g4xx_hal.o
                0x08007f4c                HAL_IncTick
 .text.HAL_GetTick
                0x08007f64        0xc build/stm32g4xx_hal.o
                0x08007f64                HAL_GetTick
 .text.RCC_GetSysClockFreqFromPLLSource
                0x08007f70       0x58 build/stm32g4xx_hal_rcc.o
 .text.HAL_RCC_OscConfig
                0x08007fc8      0x4e4 build/stm32g4xx_hal_rcc.o
                0x08007fc8                HAL_RCC_OscConfig
 .text.HAL_RCC_GetSysClockFreq
                0x080084ac       0x88 build/stm32g4xx_hal_rcc.o
                0x080084ac                HAL_RCC_GetSysClockFreq
 .text.HAL_RCC_ClockConfig
                0x08008534      0x1fc build/stm32g4xx_hal_rcc.o
                0x08008534                HAL_RCC_ClockConfig
 .text.HAL_RCC_GetHCLKFreq
                0x08008730        0xc build/stm32g4xx_hal_rcc.o
                0x08008730                HAL_RCC_GetHCLKFreq
 .text.HAL_RCC_GetPCLK1Freq
                0x0800873c       0x24 build/stm32g4xx_hal_rcc.o
                0x0800873c                HAL_RCC_GetPCLK1Freq
 .text.HAL_RCC_GetPCLK2Freq
                0x08008760       0x24 build/stm32g4xx_hal_rcc.o
                0x08008760                HAL_RCC_GetPCLK2Freq
 .text.HAL_RCCEx_PeriphCLKConfig
                0x08008784      0x2e4 build/stm32g4xx_hal_rcc_ex.o
                0x08008784                HAL_RCCEx_PeriphCLKConfig
 .text.FLASH_Program_DoubleWord
                0x08008a68       0x20 build/stm32g4xx_hal_flash.o
 .text.FLASH_Program_Fast
                0x08008a88       0x34 build/stm32g4xx_hal_flash.o
 .text.HAL_FLASH_Unlock
                0x08008abc       0x30 build/stm32g4xx_hal_flash.o
                0x08008abc                HAL_FLASH_Unlock
 .text.HAL_FLASH_Lock
                0x08008aec       0x1c build/stm32g4xx_hal_flash.o
                0x08008aec                HAL_FLASH_Lock
 .text.FLASH_WaitForLastOperation
                0x08008b08       0x60 build/stm32g4xx_hal_flash.o
                0x08008b08                FLASH_WaitForLastOperation
 .text.HAL_FLASH_Program
                0x08008b68       0xb0 build/stm32g4xx_hal_flash.o
                0x08008b68                HAL_FLASH_Program
 .text.FLASH_MassErase
                0x08008c18       0x20 build/stm32g4xx_hal_flash_ex.o
 .text.FLASH_PageErase
                0x08008c38       0x28 build/stm32g4xx_hal_flash_ex.o
                0x08008c38                FLASH_PageErase
 .text.FLASH_FlushCaches
                0x08008c60       0x64 build/stm32g4xx_hal_flash_ex.o
                0x08008c60                FLASH_FlushCaches
 .text.HAL_FLASHEx_Erase
                0x08008cc4       0xec build/stm32g4xx_hal_flash_ex.o
                0x08008cc4                HAL_FLASHEx_Erase
 .text.HAL_GPIO_Init
                0x08008db0      0x1ac build/stm32g4xx_hal_gpio.o
                0x08008db0                HAL_GPIO_Init
 .text.HAL_GPIO_WritePin
                0x08008f5c        0xa build/stm32g4xx_hal_gpio.o
                0x08008f5c                HAL_GPIO_WritePin
 .text.HAL_GPIO_TogglePin
                0x08008f66       0x12 build/stm32g4xx_hal_gpio.o
                0x08008f66                HAL_GPIO_TogglePin
 .text.HAL_EXTI_GenerateSWI
                0x08008f78       0x1c build/stm32g4xx_hal_exti.o
                0x08008f78                HAL_EXTI_GenerateSWI
 .text.DMA_SetConfig
                0x08008f94       0x40 build/stm32g4xx_hal_dma.o
 .text.DMA_CalcDMAMUXChannelBaseAndMask
                0x08008fd4       0x48 build/stm32g4xx_hal_dma.o
 .text.DMA_CalcDMAMUXRequestGenBaseAndMask
                0x0800901c       0x28 build/stm32g4xx_hal_dma.o
 .text.HAL_DMA_Init
                0x08009044       0xdc build/stm32g4xx_hal_dma.o
                0x08009044                HAL_DMA_Init
 .text.HAL_DMA_Start_IT
                0x08009120       0x94 build/stm32g4xx_hal_dma.o
                0x08009120                HAL_DMA_Start_IT
 .text.HAL_DMA_Abort
                0x080091b4       0x6c build/stm32g4xx_hal_dma.o
                0x080091b4                HAL_DMA_Abort
 .text.HAL_DMA_Abort_IT
                0x08009220       0x7e build/stm32g4xx_hal_dma.o
                0x08009220                HAL_DMA_Abort_IT
 .text.HAL_DMA_IRQHandler
                0x0800929e       0xc4 build/stm32g4xx_hal_dma.o
                0x0800929e                HAL_DMA_IRQHandler
 *fill*         0x08009362        0x2 
 .text.HAL_PWREx_ControlVoltageScaling
                0x08009364      0x10c build/stm32g4xx_hal_pwr_ex.o
                0x08009364                HAL_PWREx_ControlVoltageScaling
 .text.HAL_PWREx_DisableUCPDDeadBattery
                0x08009470       0x10 build/stm32g4xx_hal_pwr_ex.o
                0x08009470                HAL_PWREx_DisableUCPDDeadBattery
 .text.HAL_NVIC_SetPriorityGrouping
                0x08009480       0x24 build/stm32g4xx_hal_cortex.o
                0x08009480                HAL_NVIC_SetPriorityGrouping
 .text.HAL_NVIC_SetPriority
                0x080094a4       0x68 build/stm32g4xx_hal_cortex.o
                0x080094a4                HAL_NVIC_SetPriority
 .text.HAL_NVIC_EnableIRQ
                0x0800950c       0x1c build/stm32g4xx_hal_cortex.o
                0x0800950c                HAL_NVIC_EnableIRQ
 .text.HAL_SYSTICK_Config
                0x08009528       0x2c build/stm32g4xx_hal_cortex.o
                0x08009528                HAL_SYSTICK_Config
 .text.TIM_OC1_SetConfig
                0x08009554       0x9c build/stm32g4xx_hal_tim.o
 .text.TIM_OC3_SetConfig
                0x080095f0       0x8c build/stm32g4xx_hal_tim.o
 .text.TIM_OC4_SetConfig
                0x0800967c       0x8c build/stm32g4xx_hal_tim.o
 .text.TIM_OC5_SetConfig
                0x08009708       0x68 build/stm32g4xx_hal_tim.o
 .text.TIM_OC6_SetConfig
                0x08009770       0x6c build/stm32g4xx_hal_tim.o
 .text.TIM_TI1_ConfigInputStage
                0x080097dc       0x26 build/stm32g4xx_hal_tim.o
 .text.TIM_TI2_ConfigInputStage
                0x08009802       0x28 build/stm32g4xx_hal_tim.o
 .text.TIM_ITRx_SetConfig
                0x0800982a       0x14 build/stm32g4xx_hal_tim.o
 .text.HAL_TIM_OC_MspInit
                0x0800983e        0x2 build/stm32g4xx_hal_tim.o
                0x0800983e                HAL_TIM_OC_MspInit
 .text.HAL_TIM_PWM_MspInit
                0x08009840        0x2 build/stm32g4xx_hal_tim.o
                0x08009840                HAL_TIM_PWM_MspInit
 *fill*         0x08009842        0x2 
 .text.TIM_Base_SetConfig
                0x08009844       0xc8 build/stm32g4xx_hal_tim.o
                0x08009844                TIM_Base_SetConfig
 .text.HAL_TIM_Base_Init
                0x0800990c       0x5e build/stm32g4xx_hal_tim.o
                0x0800990c                HAL_TIM_Base_Init
 .text.HAL_TIM_OC_Init
                0x0800996a       0x5e build/stm32g4xx_hal_tim.o
                0x0800996a                HAL_TIM_OC_Init
 .text.HAL_TIM_PWM_Init
                0x080099c8       0x5e build/stm32g4xx_hal_tim.o
                0x080099c8                HAL_TIM_PWM_Init
 *fill*         0x08009a26        0x2 
 .text.TIM_OC2_SetConfig
                0x08009a28       0x8c build/stm32g4xx_hal_tim.o
                0x08009a28                TIM_OC2_SetConfig
 .text.HAL_TIM_OC_ConfigChannel
                0x08009ab4       0x7a build/stm32g4xx_hal_tim.o
                0x08009ab4                HAL_TIM_OC_ConfigChannel
 .text.HAL_TIM_PWM_ConfigChannel
                0x08009b2e      0x13a build/stm32g4xx_hal_tim.o
                0x08009b2e                HAL_TIM_PWM_ConfigChannel
 .text.TIM_ETR_SetConfig
                0x08009c68       0x18 build/stm32g4xx_hal_tim.o
                0x08009c68                TIM_ETR_SetConfig
 .text.HAL_TIM_ConfigClockSource
                0x08009c80      0x120 build/stm32g4xx_hal_tim.o
                0x08009c80                HAL_TIM_ConfigClockSource
 .text.TIM_CCxChannelCmd
                0x08009da0       0x22 build/stm32g4xx_hal_tim.o
                0x08009da0                TIM_CCxChannelCmd
 *fill*         0x08009dc2        0x2 
 .text.HAL_TIM_PWM_Start
                0x08009dc4      0x164 build/stm32g4xx_hal_tim.o
                0x08009dc4                HAL_TIM_PWM_Start
 .text.TIM_CCxNChannelCmd
                0x08009f28       0x22 build/stm32g4xx_hal_tim_ex.o
 *fill*         0x08009f4a        0x2 
 .text.HAL_TIMEx_PWMN_Start
                0x08009f4c       0xfc build/stm32g4xx_hal_tim_ex.o
                0x08009f4c                HAL_TIMEx_PWMN_Start
 .text.HAL_TIMEx_MasterConfigSynchronization
                0x0800a048       0x94 build/stm32g4xx_hal_tim_ex.o
                0x0800a048                HAL_TIMEx_MasterConfigSynchronization
 .text.HAL_TIMEx_ConfigBreakDeadTime
                0x0800a0dc       0xa0 build/stm32g4xx_hal_tim_ex.o
                0x0800a0dc                HAL_TIMEx_ConfigBreakDeadTime
 .text.HAL_ADC_Init
                0x0800a17c      0x248 build/stm32g4xx_hal_adc.o
                0x0800a17c                HAL_ADC_Init
 .text.HAL_ADC_ConfigChannel
                0x0800a3c4      0x4e0 build/stm32g4xx_hal_adc.o
                0x0800a3c4                HAL_ADC_ConfigChannel
 .text.ADC_Enable
                0x0800a8a4       0xdc build/stm32g4xx_hal_adc.o
                0x0800a8a4                ADC_Enable
 .text.HAL_ADC_Start
                0x0800a980       0xf8 build/stm32g4xx_hal_adc.o
                0x0800a980                HAL_ADC_Start
 .text.ADC_Disable
                0x0800aa78       0x98 build/stm32g4xx_hal_adc.o
                0x0800aa78                ADC_Disable
 .text.HAL_ADCEx_Calibration_Start
                0x0800ab10       0xa0 build/stm32g4xx_hal_adc_ex.o
                0x0800ab10                HAL_ADCEx_Calibration_Start
 .text.HAL_ADCEx_Calibration_GetValue
                0x0800abb0       0x16 build/stm32g4xx_hal_adc_ex.o
                0x0800abb0                HAL_ADCEx_Calibration_GetValue
 .text.HAL_ADCEx_Calibration_SetValue
                0x0800abc6       0x82 build/stm32g4xx_hal_adc_ex.o
                0x0800abc6                HAL_ADCEx_Calibration_SetValue
 .text.HAL_ADCEx_InjectedStart
                0x0800ac48       0xf4 build/stm32g4xx_hal_adc_ex.o
                0x0800ac48                HAL_ADCEx_InjectedStart
 .text.HAL_ADCEx_InjectedStart_IT
                0x0800ad3c      0x138 build/stm32g4xx_hal_adc_ex.o
                0x0800ad3c                HAL_ADCEx_InjectedStart_IT
 .text.HAL_ADCEx_InjectedConfigChannel
                0x0800ae74      0x628 build/stm32g4xx_hal_adc_ex.o
                0x0800ae74                HAL_ADCEx_InjectedConfigChannel
 .text.HAL_ADCEx_MultiModeConfigChannel
                0x0800b49c      0x128 build/stm32g4xx_hal_adc_ex.o
                0x0800b49c                HAL_ADCEx_MultiModeConfigChannel
 .text.UART_EndTxTransfer
                0x0800b5c4       0x32 build/stm32g4xx_hal_uart.o
 .text.UART_EndRxTransfer
                0x0800b5f6       0x56 build/stm32g4xx_hal_uart.o
 .text.HAL_UART_TxCpltCallback
                0x0800b64c        0x2 build/stm32g4xx_hal_uart.o
                0x0800b64c                HAL_UART_TxCpltCallback
 .text.UART_EndTransmit_IT
                0x0800b64e       0x24 build/stm32g4xx_hal_uart.o
 .text.HAL_UART_RxCpltCallback
                0x0800b672        0x2 build/stm32g4xx_hal_uart.o
                0x0800b672                HAL_UART_RxCpltCallback
 .text.HAL_UART_RxHalfCpltCallback
                0x0800b674        0x2 build/stm32g4xx_hal_uart.o
                0x0800b674                HAL_UART_RxHalfCpltCallback
 .text.HAL_UART_ErrorCallback
                0x0800b676        0x2 build/stm32g4xx_hal_uart.o
                0x0800b676                HAL_UART_ErrorCallback
 .text.UART_DMAError
                0x0800b678       0x58 build/stm32g4xx_hal_uart.o
 .text.UART_DMAAbortOnError
                0x0800b6d0       0x14 build/stm32g4xx_hal_uart.o
 .text.HAL_UARTEx_RxEventCallback
                0x0800b6e4        0x2 build/stm32g4xx_hal_uart.o
                0x0800b6e4                HAL_UARTEx_RxEventCallback
 *fill*         0x0800b6e6        0x2 
 .text.HAL_UART_IRQHandler
                0x0800b6e8      0x33c build/stm32g4xx_hal_uart.o
                0x0800b6e8                HAL_UART_IRQHandler
 .text.UART_DMARxHalfCplt
                0x0800ba24       0x20 build/stm32g4xx_hal_uart.o
 .text.UART_DMAReceiveCplt
                0x0800ba44       0x94 build/stm32g4xx_hal_uart.o
 .text.UART_SetConfig
                0x0800bad8      0x344 build/stm32g4xx_hal_uart.o
                0x0800bad8                UART_SetConfig
 .text.UART_AdvFeatureConfig
                0x0800be1c       0xca build/stm32g4xx_hal_uart.o
                0x0800be1c                UART_AdvFeatureConfig
 .text.UART_WaitOnFlagUntilTimeout
                0x0800bee6       0x98 build/stm32g4xx_hal_uart.o
                0x0800bee6                UART_WaitOnFlagUntilTimeout
 .text.UART_CheckIdleState
                0x0800bf7e       0xca build/stm32g4xx_hal_uart.o
                0x0800bf7e                UART_CheckIdleState
 .text.UART_Start_Receive_DMA
                0x0800c048       0xb0 build/stm32g4xx_hal_uart.o
                0x0800c048                UART_Start_Receive_DMA
 .text.UARTEx_SetNbDataToProcess
                0x0800c0f8       0x4c build/stm32g4xx_hal_uart_ex.o
 .text.HAL_RS485Ex_Init
                0x0800c144       0x86 build/stm32g4xx_hal_uart_ex.o
                0x0800c144                HAL_RS485Ex_Init
 .text.HAL_UARTEx_WakeupCallback
                0x0800c1ca        0x2 build/stm32g4xx_hal_uart_ex.o
                0x0800c1ca                HAL_UARTEx_WakeupCallback
 .text.HAL_UARTEx_RxFifoFullCallback
                0x0800c1cc        0x2 build/stm32g4xx_hal_uart_ex.o
                0x0800c1cc                HAL_UARTEx_RxFifoFullCallback
 .text.HAL_UARTEx_TxFifoEmptyCallback
                0x0800c1ce        0x2 build/stm32g4xx_hal_uart_ex.o
                0x0800c1ce                HAL_UARTEx_TxFifoEmptyCallback
 .text.HAL_UARTEx_DisableFifoMode
                0x0800c1d0       0x3e build/stm32g4xx_hal_uart_ex.o
                0x0800c1d0                HAL_UARTEx_DisableFifoMode
 .text.HAL_UARTEx_SetTxFifoThreshold
                0x0800c20e       0x4a build/stm32g4xx_hal_uart_ex.o
                0x0800c20e                HAL_UARTEx_SetTxFifoThreshold
 .text.HAL_UARTEx_SetRxFifoThreshold
                0x0800c258       0x4a build/stm32g4xx_hal_uart_ex.o
                0x0800c258                HAL_UARTEx_SetRxFifoThreshold
 .text.HAL_UARTEx_ReceiveToIdle_DMA
                0x0800c2a2       0x54 build/stm32g4xx_hal_uart_ex.o
                0x0800c2a2                HAL_UARTEx_ReceiveToIdle_DMA
 *fill*         0x0800c2f6        0x2 
 .text.SystemInit
                0x0800c2f8       0x1c build/system_stm32g4xx.o
                0x0800c2f8                SystemInit
 .text.vTaskSwitchContext
                0x0800c314       0xb4 build/tasks.o
                0x0800c314                vTaskSwitchContext
 *fill*         0x0800c3c8        0x8 
 .text.SVC_Handler
                0x0800c3d0       0x24 build/port.o
                0x0800c3d0                SVC_Handler
 *fill*         0x0800c3f4        0xc 
 .text.PendSV_Handler
                0x0800c400       0x64 build/port.o
                0x0800c400                PendSV_Handler
 .text.Reset_Handler
                0x0800c464       0x50 build/startup_stm32g431xx.o
                0x0800c464                Reset_Handler
 .text.Default_Handler
                0x0800c4b4        0x2 build/startup_stm32g431xx.o
                0x0800c4b4                RTC_Alarm_IRQHandler
                0x0800c4b4                EXTI2_IRQHandler
                0x0800c4b4                TIM8_TRG_COM_IRQHandler
                0x0800c4b4                TIM8_CC_IRQHandler
                0x0800c4b4                TIM1_CC_IRQHandler
                0x0800c4b4                USB_HP_IRQHandler
                0x0800c4b4                CORDIC_IRQHandler
                0x0800c4b4                I2C3_ER_IRQHandler
                0x0800c4b4                EXTI0_IRQHandler
                0x0800c4b4                I2C2_EV_IRQHandler
                0x0800c4b4                FPU_IRQHandler
                0x0800c4b4                FDCAN1_IT1_IRQHandler
                0x0800c4b4                TIM1_UP_TIM16_IRQHandler
                0x0800c4b4                SPI1_IRQHandler
                0x0800c4b4                TIM6_DAC_IRQHandler
                0x0800c4b4                TIM8_UP_IRQHandler
                0x0800c4b4                DMA2_Channel2_IRQHandler
                0x0800c4b4                USART3_IRQHandler
                0x0800c4b4                TIM4_IRQHandler
                0x0800c4b4                DMA2_Channel1_IRQHandler
                0x0800c4b4                I2C1_EV_IRQHandler
                0x0800c4b4                DMA1_Channel6_IRQHandler
                0x0800c4b4                UART4_IRQHandler
                0x0800c4b4                DMA2_Channel4_IRQHandler
                0x0800c4b4                TIM3_IRQHandler
                0x0800c4b4                RCC_IRQHandler
                0x0800c4b4                Default_Handler
                0x0800c4b4                RTC_TAMP_LSECSS_IRQHandler
                0x0800c4b4                FMAC_IRQHandler
                0x0800c4b4                EXTI15_10_IRQHandler
                0x0800c4b4                TIM7_IRQHandler
                0x0800c4b4                UCPD1_IRQHandler
                0x0800c4b4                I2C3_EV_IRQHandler
                0x0800c4b4                EXTI9_5_IRQHandler
                0x0800c4b4                RTC_WKUP_IRQHandler
                0x0800c4b4                PVD_PVM_IRQHandler
                0x0800c4b4                SPI2_IRQHandler
                0x0800c4b4                DMA2_Channel5_IRQHandler
                0x0800c4b4                CRS_IRQHandler
                0x0800c4b4                DMA1_Channel5_IRQHandler
                0x0800c4b4                USB_LP_IRQHandler
                0x0800c4b4                EXTI4_IRQHandler
                0x0800c4b4                RNG_IRQHandler
                0x0800c4b4                TIM1_TRG_COM_TIM17_IRQHandler
                0x0800c4b4                WWDG_IRQHandler
                0x0800c4b4                LPUART1_IRQHandler
                0x0800c4b4                DMA2_Channel6_IRQHandler
                0x0800c4b4                FDCAN1_IT0_IRQHandler
                0x0800c4b4                TIM2_IRQHandler
                0x0800c4b4                COMP1_2_3_IRQHandler
                0x0800c4b4                EXTI1_IRQHandler
                0x0800c4b4                USART2_IRQHandler
                0x0800c4b4                I2C2_ER_IRQHandler
                0x0800c4b4                DMA1_Channel2_IRQHandler
                0x0800c4b4                TIM8_BRK_IRQHandler
                0x0800c4b4                FLASH_IRQHandler
                0x0800c4b4                SPI3_IRQHandler
                0x0800c4b4                I2C1_ER_IRQHandler
                0x0800c4b4                LPTIM1_IRQHandler
                0x0800c4b4                DMAMUX_OVR_IRQHandler
                0x0800c4b4                USBWakeUp_IRQHandler
                0x0800c4b4                SAI1_IRQHandler
                0x0800c4b4                DMA2_Channel3_IRQHandler
                0x0800c4b4                COMP4_IRQHandler
                0x0800c4b4                TIM1_BRK_TIM15_IRQHandler
 *fill*         0x0800c4b6        0x2 
 .text.__libc_init_array
                0x0800c4b8       0x48 c:/program files (x86)/gnu tools arm embedded/7 2018-q2-update/bin/../lib/gcc/arm-none-eabi/7.3.1/../../../../arm-none-eabi/lib/thumb/v7e-m/fpv4-sp/hard\libc_nano.a(lib_a-init.o)
                0x0800c4b8                __libc_init_array
 .text.memcpy   0x0800c500       0x16 c:/program files (x86)/gnu tools arm embedded/7 2018-q2-update/bin/../lib/gcc/arm-none-eabi/7.3.1/../../../../arm-none-eabi/lib/thumb/v7e-m/fpv4-sp/hard\libc_nano.a(lib_a-memcpy-stub.o)
                0x0800c500                memcpy
 .text.memset   0x0800c516       0x10 c:/program files (x86)/gnu tools arm embedded/7 2018-q2-update/bin/../lib/gcc/arm-none-eabi/7.3.1/../../../../arm-none-eabi/lib/thumb/v7e-m/fpv4-sp/hard\libc_nano.a(lib_a-memset.o)
                0x0800c516                memset
 *fill*         0x0800c526        0x2 
 .text.sqrtl    0x0800c528        0x4 c:/program files (x86)/gnu tools arm embedded/7 2018-q2-update/bin/../lib/gcc/arm-none-eabi/7.3.1/../../../../arm-none-eabi/lib/thumb/v7e-m/fpv4-sp/hard\libm.a(lib_a-sqrtl.o)
                0x0800c528                sqrtl
 .text.asin     0x0800c52c       0xb8 c:/program files (x86)/gnu tools arm embedded/7 2018-q2-update/bin/../lib/gcc/arm-none-eabi/7.3.1/../../../../arm-none-eabi/lib/thumb/v7e-m/fpv4-sp/hard\libm.a(lib_a-w_asin.o)
                0x0800c52c                asin
 .text.log      0x0800c5e4      0x100 c:/program files (x86)/gnu tools arm embedded/7 2018-q2-update/bin/../lib/gcc/arm-none-eabi/7.3.1/../../../../arm-none-eabi/lib/thumb/v7e-m/fpv4-sp/hard\libm.a(lib_a-w_log.o)
                0x0800c5e4                log
 .text.sqrt     0x0800c6e4       0xb8 c:/program files (x86)/gnu tools arm embedded/7 2018-q2-update/bin/../lib/gcc/arm-none-eabi/7.3.1/../../../../arm-none-eabi/lib/thumb/v7e-m/fpv4-sp/hard\libm.a(lib_a-w_sqrt.o)
                0x0800c6e4                sqrt
 *fill*         0x0800c79c        0x4 
 .text.__ieee754_asin
                0x0800c7a0      0x48c c:/program files (x86)/gnu tools arm embedded/7 2018-q2-update/bin/../lib/gcc/arm-none-eabi/7.3.1/../../../../arm-none-eabi/lib/thumb/v7e-m/fpv4-sp/hard\libm.a(lib_a-e_asin.o)
                0x0800c7a0                __ieee754_asin
 *fill*         0x0800cc2c        0x4 
 .text.__ieee754_log
                0x0800cc30      0x3b4 c:/program files (x86)/gnu tools arm embedded/7 2018-q2-update/bin/../lib/gcc/arm-none-eabi/7.3.1/../../../../arm-none-eabi/lib/thumb/v7e-m/fpv4-sp/hard\libm.a(lib_a-e_log.o)
                0x0800cc30                __ieee754_log
 .text.__ieee754_sqrt
                0x0800cfe4      0x194 c:/program files (x86)/gnu tools arm embedded/7 2018-q2-update/bin/../lib/gcc/arm-none-eabi/7.3.1/../../../../arm-none-eabi/lib/thumb/v7e-m/fpv4-sp/hard\libm.a(lib_a-e_sqrt.o)
                0x0800cfe4                __ieee754_sqrt
 .text.fabs     0x0800d178       0x14 c:/program files (x86)/gnu tools arm embedded/7 2018-q2-update/bin/../lib/gcc/arm-none-eabi/7.3.1/../../../../arm-none-eabi/lib/thumb/v7e-m/fpv4-sp/hard\libm.a(lib_a-s_fabs.o)
                0x0800d178                fabs
 .text.matherr  0x0800d18c        0x4 c:/program files (x86)/gnu tools arm embedded/7 2018-q2-update/bin/../lib/gcc/arm-none-eabi/7.3.1/../../../../arm-none-eabi/lib/thumb/v7e-m/fpv4-sp/hard\libm.a(lib_a-s_matherr.o)
                0x0800d18c                matherr
 .text.nan      0x0800d190       0x10 c:/program files (x86)/gnu tools arm embedded/7 2018-q2-update/bin/../lib/gcc/arm-none-eabi/7.3.1/../../../../arm-none-eabi/lib/thumb/v7e-m/fpv4-sp/hard\libm.a(lib_a-s_nan.o)
                0x0800d190                nan
 .text.__errno  0x0800d1a0        0xc c:/program files (x86)/gnu tools arm embedded/7 2018-q2-update/bin/../lib/gcc/arm-none-eabi/7.3.1/../../../../arm-none-eabi/lib/thumb/v7e-m/fpv4-sp/hard\libc_nano.a(lib_a-errno.o)
                0x0800d1a0                __errno
 *(.glue_7)
 .glue_7        0x0800d1ac        0x0 linker stubs
 *(.glue_7t)
 .glue_7t       0x0800d1ac        0x0 linker stubs
 *(.eh_frame)
 .eh_frame      0x0800d1ac        0x0 c:/program files (x86)/gnu tools arm embedded/7 2018-q2-update/bin/../lib/gcc/arm-none-eabi/7.3.1/thumb/v7e-m/fpv4-sp/hard/crtbegin.o
 *(.init)
 .init          0x0800d1ac        0x4 c:/program files (x86)/gnu tools arm embedded/7 2018-q2-update/bin/../lib/gcc/arm-none-eabi/7.3.1/thumb/v7e-m/fpv4-sp/hard/crti.o
                0x0800d1ac                _init
 .init          0x0800d1b0        0x8 c:/program files (x86)/gnu tools arm embedded/7 2018-q2-update/bin/../lib/gcc/arm-none-eabi/7.3.1/thumb/v7e-m/fpv4-sp/hard/crtn.o
 *(.fini)
 .fini          0x0800d1b8        0x4 c:/program files (x86)/gnu tools arm embedded/7 2018-q2-update/bin/../lib/gcc/arm-none-eabi/7.3.1/thumb/v7e-m/fpv4-sp/hard/crti.o
                0x0800d1b8                _fini
 .fini          0x0800d1bc        0x8 c:/program files (x86)/gnu tools arm embedded/7 2018-q2-update/bin/../lib/gcc/arm-none-eabi/7.3.1/thumb/v7e-m/fpv4-sp/hard/crtn.o
                0x0800d1c4                . = ALIGN (0x4)
                0x0800d1c4                _etext = .

.vfp11_veneer   0x0800d1c4        0x0
 .vfp11_veneer  0x0800d1c4        0x0 linker stubs

.v4_bx          0x0800d1c4        0x0
 .v4_bx         0x0800d1c4        0x0 linker stubs

.iplt           0x0800d1c4        0x0
 .iplt          0x0800d1c4        0x0 c:/program files (x86)/gnu tools arm embedded/7 2018-q2-update/bin/../lib/gcc/arm-none-eabi/7.3.1/thumb/v7e-m/fpv4-sp/hard/crtbegin.o

.rodata         0x0800d1c4      0x454
                0x0800d1c4                . = ALIGN (0x4)
 *(.rodata)
 *(.rodata*)
 .rodata.hSin_Cos_Table_512
                0x0800d1c4      0x400 build/stm32_math_sin.o
                0x0800d1c4                hSin_Cos_Table_512
 .rodata.UARTPrescTable
                0x0800d5c4       0x18 build/stm32g4xx_hal_uart.o
                0x0800d5c4                UARTPrescTable
 .rodata.denominator.9623
                0x0800d5dc        0x8 build/stm32g4xx_hal_uart_ex.o
 .rodata.numerator.9622
                0x0800d5e4        0x8 build/stm32g4xx_hal_uart_ex.o
 .rodata.AHBPrescTable
                0x0800d5ec       0x10 build/system_stm32g4xx.o
                0x0800d5ec                AHBPrescTable
 .rodata.APBPrescTable
                0x0800d5fc        0x8 build/system_stm32g4xx.o
                0x0800d5fc                APBPrescTable
 .rodata.asin.str1.4
                0x0800d604        0x5 c:/program files (x86)/gnu tools arm embedded/7 2018-q2-update/bin/../lib/gcc/arm-none-eabi/7.3.1/../../../../arm-none-eabi/lib/thumb/v7e-m/fpv4-sp/hard\libm.a(lib_a-w_asin.o)
                                  0x9 (size before relaxing)
 *fill*         0x0800d609        0x3 
 .rodata.log.str1.4
                0x0800d60c        0x4 c:/program files (x86)/gnu tools arm embedded/7 2018-q2-update/bin/../lib/gcc/arm-none-eabi/7.3.1/../../../../arm-none-eabi/lib/thumb/v7e-m/fpv4-sp/hard\libm.a(lib_a-w_log.o)
                                  0x5 (size before relaxing)
 .rodata.sqrt.str1.4
                0x0800d610        0x8 c:/program files (x86)/gnu tools arm embedded/7 2018-q2-update/bin/../lib/gcc/arm-none-eabi/7.3.1/../../../../arm-none-eabi/lib/thumb/v7e-m/fpv4-sp/hard\libm.a(lib_a-w_sqrt.o)
                                  0x5 (size before relaxing)
                0x0800d618                . = ALIGN (0x4)

.ARM.extab
 *(.ARM.extab* .gnu.linkonce.armextab.*)

.ARM            0x0800d618        0x8
                0x0800d618                __exidx_start = .
 *(.ARM.exidx*)
 .ARM.exidx     0x0800d618        0x8 c:/program files (x86)/gnu tools arm embedded/7 2018-q2-update/bin/../lib/gcc/arm-none-eabi/7.3.1/thumb/v7e-m/fpv4-sp/hard\libgcc.a(_udivmoddi4.o)
                0x0800d620                __exidx_end = .

.rel.dyn        0x0800d620        0x0
 .rel.iplt      0x0800d620        0x0 c:/program files (x86)/gnu tools arm embedded/7 2018-q2-update/bin/../lib/gcc/arm-none-eabi/7.3.1/thumb/v7e-m/fpv4-sp/hard/crtbegin.o

.preinit_array  0x0800d620        0x0
                0x0800d620                PROVIDE (__preinit_array_start = .)
 *(.preinit_array*)
                0x0800d620                PROVIDE (__preinit_array_end = .)

.init_array     0x0800d620        0x4
                0x0800d620                PROVIDE (__init_array_start = .)
 *(SORT_BY_NAME(.init_array.*))
 *(.init_array*)
 .init_array    0x0800d620        0x4 c:/program files (x86)/gnu tools arm embedded/7 2018-q2-update/bin/../lib/gcc/arm-none-eabi/7.3.1/thumb/v7e-m/fpv4-sp/hard/crtbegin.o
                0x0800d624                PROVIDE (__init_array_end = .)

.fini_array     0x0800d624        0x4
                [!provide]                PROVIDE (__fini_array_start = .)
 *(SORT_BY_NAME(.fini_array.*))
 *(.fini_array*)
 .fini_array    0x0800d624        0x4 c:/program files (x86)/gnu tools arm embedded/7 2018-q2-update/bin/../lib/gcc/arm-none-eabi/7.3.1/thumb/v7e-m/fpv4-sp/hard/crtbegin.o
                [!provide]                PROVIDE (__fini_array_end = .)
                0x0800d628                _sidata = LOADADDR (.data)

.data           0x20000000      0xa58 load address 0x0800d628
                0x20000000                . = ALIGN (0x4)
                0x20000000                _sdata = .
 *(.data)
 *(.data*)
 .data.g_Rt_Map
                0x20000000       0x8e build/adc.o
                0x20000000                g_Rt_Map
 *fill*         0x2000008e        0x2 
 .data.g_CmdMap_Default
                0x20000090      0x400 build/global.o
                0x20000090                g_CmdMap_Default
 .data.g_CmdMap_User_bWR
                0x20000490      0x100 build/global.o
                0x20000490                g_CmdMap_User_bWR
 .data.g_CmdMap_bWR
                0x20000590      0x200 build/global.o
                0x20000590                g_CmdMap_bWR
 .data.g_UserCmdMap_Default
                0x20000790      0x200 build/global.o
                0x20000790                g_UserCmdMap_Default
 .data.g_pAcc_ref_base_mmPS2
                0x20000990        0x4 build/global.o
                0x20000990                g_pAcc_ref_base_mmPS2
 .data.g_pCur_ref_base_mA
                0x20000994        0x4 build/global.o
                0x20000994                g_pCur_ref_base_mA
 .data.g_pForce_ref_base_mg
                0x20000998        0x4 build/global.o
                0x20000998                g_pForce_ref_base_mg
 .data.g_pMU_0mm_offset
                0x2000099c        0x4 build/global.o
                0x2000099c                g_pMU_0mm_offset
 .data.g_pMU_value_offset
                0x200009a0        0x4 build/global.o
                0x200009a0                g_pMU_value_offset
 .data.g_pPos_ref_base_um
                0x200009a4        0x4 build/global.o
                0x200009a4                g_pPos_ref_base_um
 .data.g_pVel_ref_base_PPS
                0x200009a8        0x4 build/global.o
                0x200009a8                g_pVel_ref_base_PPS
 .data.g_pVel_ref_base_umPS
                0x200009ac        0x4 build/global.o
                0x200009ac                g_pVel_ref_base_umPS
 .data.Test_dirt
                0x200009b0        0x4 build/pid.o
                0x200009b0                Test_dirt
 .data.phase_current_rev_gain_
                0x200009b4        0x4 build/pid.o
                0x200009b4                phase_current_rev_gain_
 .data.shunt_conductance
                0x200009b8        0x4 build/pid.o
                0x200009b8                shunt_conductance
 .data.flag_posReg_strengthen
                0x200009bc        0x1 build/profile_joint.o
                0x200009bc                flag_posReg_strengthen
 *fill*         0x200009bd        0x3 
 .data.g_high_fre_pulse
                0x200009c0        0x4 build/pwm.o
                0x200009c0                g_high_fre_pulse
 .data.uwTickFreq
                0x200009c4        0x4 build/stm32g4xx_hal.o
                0x200009c4                uwTickFreq
 .data.uwTickPrio
                0x200009c8        0x4 build/stm32g4xx_hal.o
                0x200009c8                uwTickPrio
 .data.pFlash   0x200009cc       0x20 build/stm32g4xx_hal_flash.o
                0x200009cc                pFlash
 .data.SystemCoreClock
                0x200009ec        0x4 build/system_stm32g4xx.o
                0x200009ec                SystemCoreClock
 .data._impure_ptr
                0x200009f0        0x4 c:/program files (x86)/gnu tools arm embedded/7 2018-q2-update/bin/../lib/gcc/arm-none-eabi/7.3.1/../../../../arm-none-eabi/lib/thumb/v7e-m/fpv4-sp/hard\libc_nano.a(lib_a-impure.o)
                0x200009f0                _impure_ptr
 .data.impure_data
                0x200009f4       0x60 c:/program files (x86)/gnu tools arm embedded/7 2018-q2-update/bin/../lib/gcc/arm-none-eabi/7.3.1/../../../../arm-none-eabi/lib/thumb/v7e-m/fpv4-sp/hard\libc_nano.a(lib_a-impure.o)
 .data.__fdlib_version
                0x20000a54        0x1 c:/program files (x86)/gnu tools arm embedded/7 2018-q2-update/bin/../lib/gcc/arm-none-eabi/7.3.1/../../../../arm-none-eabi/lib/thumb/v7e-m/fpv4-sp/hard\libm.a(lib_a-s_lib_ver.o)
                0x20000a54                __fdlib_version
                0x20000a58                . = ALIGN (0x4)
 *fill*         0x20000a55        0x3 
                0x20000a58                _edata = .

.igot.plt       0x20000a58        0x0 load address 0x0800e080
 .igot.plt      0x20000a58        0x0 c:/program files (x86)/gnu tools arm embedded/7 2018-q2-update/bin/../lib/gcc/arm-none-eabi/7.3.1/thumb/v7e-m/fpv4-sp/hard/crtbegin.o
                0x20000a58                . = ALIGN (0x4)

.bss            0x20000a58     0x1da4 load address 0x0800e080
                0x20000a58                _sbss = .
                0x20000a58                __bss_start__ = _sbss
 *(.bss)
 .bss           0x20000a58       0x1c c:/program files (x86)/gnu tools arm embedded/7 2018-q2-update/bin/../lib/gcc/arm-none-eabi/7.3.1/thumb/v7e-m/fpv4-sp/hard/crtbegin.o
 *(.bss*)
 .bss.s_Count_Rec
                0x20000a74        0x4 build/main.o
 .bss.MU_Value_base_0
                0x20000a78        0x4 build/adc.o
                0x20000a78                MU_Value_base_0
 .bss.MU_Value_error_cnt
                0x20000a7c        0x2 build/adc.o
                0x20000a7c                MU_Value_error_cnt
 *fill*         0x20000a7e        0x2 
 .bss.force_Array
                0x20000a80        0x2 build/adc.o
                0x20000a80                force_Array
 *fill*         0x20000a82        0x2 
 .bss.force_Sum
                0x20000a84        0x4 build/adc.o
                0x20000a84                force_Sum
 .bss.index_force_Array
                0x20000a88        0x2 build/adc.o
                0x20000a88                index_force_Array
 .bss.index_pos_array
                0x20000a8a        0x2 build/adc.o
                0x20000a8a                index_pos_array
 .bss.pos_array
                0x20000a8c      0x100 build/adc.o
                0x20000a8c                pos_array
 .bss.pos_filterd
                0x20000b8c        0x2 build/adc.o
                0x20000b8c                pos_filterd
 *fill*         0x20000b8e        0x2 
 .bss.pos_sum   0x20000b90        0x4 build/adc.o
                0x20000b90                pos_sum
 .bss.pos_valid
                0x20000b94        0x2 build/adc.o
                0x20000b94                pos_valid
 .bss.EN_0      0x20000b96        0x2 build/global.o
                0x20000b96                EN_0
 .bss.EN_120    0x20000b98        0x2 build/global.o
                0x20000b98                EN_120
 .bss.EN_150    0x20000b9a        0x2 build/global.o
                0x20000b9a                EN_150
 .bss.EN_180    0x20000b9c        0x2 build/global.o
                0x20000b9c                EN_180
 .bss.EN_210    0x20000b9e        0x2 build/global.o
                0x20000b9e                EN_210
 .bss.EN_240    0x20000ba0        0x2 build/global.o
                0x20000ba0                EN_240
 .bss.EN_270    0x20000ba2        0x2 build/global.o
                0x20000ba2                EN_270
 .bss.EN_30     0x20000ba4        0x2 build/global.o
                0x20000ba4                EN_30
 .bss.EN_300    0x20000ba6        0x2 build/global.o
                0x20000ba6                EN_300
 .bss.EN_330    0x20000ba8        0x2 build/global.o
                0x20000ba8                EN_330
 .bss.EN_360    0x20000baa        0x2 build/global.o
                0x20000baa                EN_360
 .bss.EN_45     0x20000bac        0x2 build/global.o
                0x20000bac                EN_45
 .bss.EN_60     0x20000bae        0x2 build/global.o
                0x20000bae                EN_60
 .bss.EN_90     0x20000bb0        0x2 build/global.o
                0x20000bb0                EN_90
 *fill*         0x20000bb2        0x2 
 .bss.Encode_PPR
                0x20000bb4        0x4 build/global.o
                0x20000bb4                Encode_PPR
 .bss.Encode_PP_Half_R
                0x20000bb8        0x4 build/global.o
                0x20000bb8                Encode_PP_Half_R
 .bss.Flag_1ms  0x20000bbc        0x1 build/global.o
                0x20000bbc                Flag_1ms
 .bss.Flag_50ms
                0x20000bbd        0x1 build/global.o
                0x20000bbd                Flag_50ms
 .bss.Flag_contact
                0x20000bbe        0x1 build/global.o
                0x20000bbe                Flag_contact
 .bss.Flag_error_MU_SPI
                0x20000bbf        0x1 build/global.o
                0x20000bbf                Flag_error_MU_SPI
 .bss.Flag_error_current_clib
                0x20000bc0        0x1 build/global.o
                0x20000bc0                Flag_error_current_clib
 .bss.Flag_error_read_flash
                0x20000bc1        0x1 build/global.o
                0x20000bc1                Flag_error_read_flash
 .bss.Flag_grip_F_OK
                0x20000bc2        0x1 build/global.o
                0x20000bc2                Flag_grip_F_OK
 .bss.Flag_grip_P_OK
                0x20000bc3        0x1 build/global.o
                0x20000bc3                Flag_grip_P_OK
 .bss.Flag_rellease_P_OK
                0x20000bc4        0x1 build/global.o
                0x20000bc4                Flag_rellease_P_OK
 *fill*         0x20000bc5        0x1 
 .bss.Gripper_Move
                0x20000bc6        0x2 build/global.o
                0x20000bc6                Gripper_Move
 .bss.L_Slop_Array
                0x20000bc8      0x2fc build/global.o
                0x20000bc8                L_Slop_Array
 .bss.Motor_forbidden
                0x20000ec4        0x1 build/global.o
                0x20000ec4                Motor_forbidden
 *fill*         0x20000ec5        0x3 
 .bss.Spd_ratio
                0x20000ec8        0x8 build/global.o
                0x20000ec8                Spd_ratio
 .bss.flag_processing_Jtest
                0x20000ed0        0x1 build/global.o
                0x20000ed0                flag_processing_Jtest
 *fill*         0x20000ed1        0x1 
 .bss.force_act
                0x20000ed2        0x2 build/global.o
                0x20000ed2                force_act
 .bss.force_set
                0x20000ed4        0x2 build/global.o
                0x20000ed4                force_set
 *fill*         0x20000ed6        0x2 
 .bss.g_CmdMap  0x20000ed8      0x600 build/global.o
                0x20000ed8                g_CmdMap
 .bss.g_ElectricAngle
                0x200014d8        0x4 build/global.o
                0x200014d8                g_ElectricAngle
 .bss.g_ElectricAngle_15bit
                0x200014dc        0x4 build/global.o
                0x200014dc                g_ElectricAngle_15bit
 .bss.g_ElectricAngle_15bit_Raw
                0x200014e0        0x4 build/global.o
                0x200014e0                g_ElectricAngle_15bit_Raw
 .bss.g_ElectricAngle_act
                0x200014e4        0x4 build/global.o
                0x200014e4                g_ElectricAngle_act
 .bss.g_ElectricAngle_sim
                0x200014e8        0x4 build/global.o
                0x200014e8                g_ElectricAngle_sim
 .bss.g_MechanicsAngle_15bit
                0x200014ec        0x4 build/global.o
                0x200014ec                g_MechanicsAngle_15bit
 .bss.g_MechanicsAngle_15bit_last
                0x200014f0        0x4 build/global.o
                0x200014f0                g_MechanicsAngle_15bit_last
 .bss.g_Sector_test
                0x200014f4        0x2 build/global.o
                0x200014f4                g_Sector_test
 .bss.g_SysStatus
                0x200014f6        0x2 build/global.o
                0x200014f6                g_SysStatus
 .bss.g_ThreeLoopParaBefLock
                0x200014f8       0x20 build/global.o
                0x200014f8                g_ThreeLoopParaBefLock
 .bss.g_Timer1CCR
                0x20001518        0x4 build/global.o
                0x20001518                g_Timer1CCR
 .bss.g_Vel_Max_PosPU_pSec
                0x2000151c        0x4 build/global.o
                0x2000151c                g_Vel_Max_PosPU_pSec
 .bss.g_bEnableHB
                0x20001520        0x2 build/global.o
                0x20001520                g_bEnableHB
 *fill*         0x20001522        0x2 
 .bss.g_servo_cmd_period
                0x20001524        0x4 build/global.o
                0x20001524                g_servo_cmd_period
 .bss.g_servo_cmd_period_cnt
                0x20001528        0x4 build/global.o
                0x20001528                g_servo_cmd_period_cnt
 .bss.pos_nm_MU150
                0x2000152c        0x4 build/global.o
                0x2000152c                pos_nm_MU150
 .bss.rod_pos_Muti_Encoder
                0x20001530        0x4 build/global.o
                0x20001530                rod_pos_Muti_Encoder
 .bss.s_count_50ms
                0x20001534        0x2 build/global.o
                0x20001534                s_count_50ms
 .bss.state_Jtest
                0x20001536        0x2 build/global.o
                0x20001536                state_Jtest
 .bss.status_Mode_POSITION_FORCE
                0x20001538        0x1 build/global.o
                0x20001538                status_Mode_POSITION_FORCE
 .bss.Flag_MU_read
                0x20001539        0x1 build/icmu.o
                0x20001539                Flag_MU_read
 *fill*         0x2000153a        0x2 
 .bss.Flag_error_read_eeprom
                0x2000153c        0x4 build/icmu.o
 .bss.MU_Value  0x20001540        0x4 build/icmu.o
                0x20001540                MU_Value
 .bss.read_cnt.11949
                0x20001544        0x4 build/icmu.o
 .bss.spi1_reg_buf
                0x20001548        0x4 build/icmu.o
                0x20001548                spi1_reg_buf
 .bss.g_current_array
                0x2000154c       0x10 build/limit_pos_detection.o
                0x2000154c                g_current_array
 .bss.g_posNotChange
                0x2000155c        0x1 build/limit_pos_detection.o
                0x2000155c                g_posNotChange
 *fill*         0x2000155d        0x3 
 .bss.g_pos_act_array
                0x20001560       0x10 build/limit_pos_detection.o
                0x20001560                g_pos_act_array
 .bss.g_pos_act_average
                0x20001570        0x2 build/limit_pos_detection.o
                0x20001570                g_pos_act_average
 .bss.g_reachLowerLimit
                0x20001572        0x1 build/limit_pos_detection.o
                0x20001572                g_reachLowerLimit
 .bss.g_reachUpperLimit
                0x20001573        0x1 build/limit_pos_detection.o
                0x20001573                g_reachUpperLimit
 .bss.repeat_cnt.11855
                0x20001574        0x4 build/limit_pos_detection.o
 .bss.time_after_power_on.11854
                0x20001578        0x4 build/limit_pos_detection.o
 .bss.Flag_Set_OpenLen
                0x2000157c        0x1 build/pid.o
                0x2000157c                Flag_Set_OpenLen
 .bss.Grriper_Run
                0x2000157d        0x1 build/pid.o
                0x2000157d                Grriper_Run
 .bss.Grriper_Run_last
                0x2000157e        0x1 build/pid.o
                0x2000157e                Grriper_Run_last
 *fill*         0x2000157f        0x1 
 .bss.I_phase   0x20001580      0x4b0 build/pid.o
                0x20001580                I_phase
 .bss.Para_Identificaion
                0x20001a30        0x4 build/pid.o
                0x20001a30                Para_Identificaion
 .bss.PlusPosition_flag.12079
                0x20001a34        0x1 build/pid.o
 .bss.PosAtDead_Flag
                0x20001a35        0x1 build/pid.o
                0x20001a35                PosAtDead_Flag
 .bss.PosAtDead_Flag_Last
                0x20001a36        0x1 build/pid.o
                0x20001a36                PosAtDead_Flag_Last
 *fill*         0x20001a37        0x1 
 .bss.T_t       0x20001a38        0x8 build/pid.o
                0x20001a38                T_t
 .bss.T_t_1     0x20001a40        0x8 build/pid.o
                0x20001a40                T_t_1
 .bss.Test_perm
                0x20001a48        0x1 build/pid.o
                0x20001a48                Test_perm
 *fill*         0x20001a49        0x1 
 .bss.delay_cnt.11974
                0x20001a4a        0x2 build/pid.o
 .bss.g_IA      0x20001a4c        0x2 build/pid.o
                0x20001a4c                g_IA
 .bss.g_IA_Raw  0x20001a4e        0x2 build/pid.o
                0x20001a4e                g_IA_Raw
 .bss.g_IB      0x20001a50        0x2 build/pid.o
                0x20001a50                g_IB
 .bss.g_IB_Raw  0x20001a52        0x2 build/pid.o
                0x20001a52                g_IB_Raw
 .bss.g_IC      0x20001a54        0x2 build/pid.o
                0x20001a54                g_IC
 .bss.g_IC_Raw  0x20001a56        0x2 build/pid.o
                0x20001a56                g_IC_Raw
 .bss.g_Id      0x20001a58        0x4 build/pid.o
                0x20001a58                g_Id
 .bss.g_Iq      0x20001a5c        0x4 build/pid.o
                0x20001a5c                g_Iq
 .bss.g_Sector  0x20001a60        0x4 build/pid.o
                0x20001a60                g_Sector
 .bss.g_V_Alpha
                0x20001a64        0x4 build/pid.o
                0x20001a64                g_V_Alpha
 .bss.g_V_Beta  0x20001a68        0x4 build/pid.o
                0x20001a68                g_V_Beta
 .bss.g_Vd      0x20001a6c        0x4 build/pid.o
                0x20001a6c                g_Vd
 .bss.g_Vq      0x20001a70        0x4 build/pid.o
                0x20001a70                g_Vq
 .bss.index_I_phase
                0x20001a74        0x4 build/pid.o
                0x20001a74                index_I_phase
 .bss.last_alpha
                0x20001a78        0x4 build/pid.o
                0x20001a78                last_alpha
 .bss.last_beta
                0x20001a7c        0x4 build/pid.o
                0x20001a7c                last_beta
 .bss.motor_para_identification_count_Tms
                0x20001a80        0x4 build/pid.o
                0x20001a80                motor_para_identification_count_Tms
 .bss.pos_error_to_target
                0x20001a84        0x4 build/pid.o
                0x20001a84                pos_error_to_target
 .bss.s_Disable_Delay
                0x20001a88        0x4 build/pid.o
                0x20001a88                s_Disable_Delay
 .bss.s_Enable_Delay.12013
                0x20001a8c        0x4 build/pid.o
 .bss.s_count.12012
                0x20001a90        0x4 build/pid.o
 .bss.s_count.12080
                0x20001a94        0x4 build/pid.o
 .bss.s_test_speed_t_count.11969
                0x20001a98        0x4 build/pid.o
 .bss.sin_wave_t_us
                0x20001a9c        0x4 build/pid.o
                0x20001a9c                sin_wave_t_us
 .bss.test.11957
                0x20001aa0        0x2 build/pid.o
 *fill*         0x20001aa2        0x2 
 .bss.A_ref     0x20001aa4        0x4 build/profile_joint.o
                0x20001aa4                A_ref
 .bss.Flag_Profile_Enable
                0x20001aa8        0x4 build/profile_joint.o
                0x20001aa8                Flag_Profile_Enable
 .bss.Flag_Profile_Enable_last
                0x20001aac        0x4 build/profile_joint.o
                0x20001aac                Flag_Profile_Enable_last
 .bss.Profile_frozen_tar_pos
                0x20001ab0        0x4 build/profile_joint.o
                0x20001ab0                Profile_frozen_tar_pos
 .bss.Profile_mode_last
                0x20001ab4        0x4 build/profile_joint.o
                0x20001ab4                Profile_mode_last
 .bss.Profile_moving
                0x20001ab8        0x4 build/profile_joint.o
                0x20001ab8                Profile_moving
 .bss.Profile_v_set
                0x20001abc        0x4 build/profile_joint.o
                0x20001abc                Profile_v_set
 .bss.S_max_2_stop
                0x20001ac0        0x4 build/profile_joint.o
                0x20001ac0                S_max_2_stop
 .bss.S_samll_stroke
                0x20001ac4        0x4 build/profile_joint.o
                0x20001ac4                S_samll_stroke
 .bss.S_th1     0x20001ac8        0x4 build/profile_joint.o
                0x20001ac8                S_th1
 .bss.S_th2     0x20001acc        0x4 build/profile_joint.o
                0x20001acc                S_th2
 .bss.S_v0_2_max
                0x20001ad0        0x4 build/profile_joint.o
                0x20001ad0                S_v0_2_max
 .bss.V_ref     0x20001ad4        0x4 build/profile_joint.o
                0x20001ad4                V_ref
 .bss.acc_1_sections
                0x20001ad8        0x4 build/profile_joint.o
                0x20001ad8                acc_1_sections
 .bss.acc_ref_umPs2
                0x20001adc        0x4 build/profile_joint.o
                0x20001adc                acc_ref_umPs2
 .bss.acc_set_f_umPs2
                0x20001ae0        0x4 build/profile_joint.o
                0x20001ae0                acc_set_f_umPs2
 .bss.dir_f     0x20001ae4        0x4 build/profile_joint.o
                0x20001ae4                dir_f
 .bss.dis_DaHua
                0x20001ae8        0x4 build/profile_joint.o
                0x20001ae8                dis_DaHua
 .bss.flag_profile_3_sections
                0x20001aec        0x1 build/profile_joint.o
                0x20001aec                flag_profile_3_sections
 .bss.flag_profile_start_reverse
                0x20001aed        0x1 build/profile_joint.o
                0x20001aed                flag_profile_start_reverse
 *fill*         0x20001aee        0x2 
 .bss.g_flag_1  0x20001af0        0x4 build/profile_joint.o
                0x20001af0                g_flag_1
 .bss.g_pos_ini
                0x20001af4        0x4 build/profile_joint.o
                0x20001af4                g_pos_ini
 .bss.g_pos_tag
                0x20001af8        0x4 build/profile_joint.o
                0x20001af8                g_pos_tag
 .bss.g_pos_tag_dlt_abs_f
                0x20001afc        0x4 build/profile_joint.o
                0x20001afc                g_pos_tag_dlt_abs_f
 .bss.g_pos_tag_dlt_f
                0x20001b00        0x4 build/profile_joint.o
                0x20001b00                g_pos_tag_dlt_f
 .bss.g_pos_tag_old
                0x20001b04        0x4 build/profile_joint.o
                0x20001b04                g_pos_tag_old
 .bss.ini_count.11947
                0x20001b08        0x2 build/profile_joint.o
 *fill*         0x20001b0a        0x2 
 .bss.p1_f      0x20001b0c        0x4 build/profile_joint.o
                0x20001b0c                p1_f
 .bss.p2_f      0x20001b10        0x4 build/profile_joint.o
                0x20001b10                p2_f
 .bss.p3_f      0x20001b14        0x4 build/profile_joint.o
                0x20001b14                p3_f
 .bss.pos_act_um
                0x20001b18        0x4 build/profile_joint.o
                0x20001b18                pos_act_um
 .bss.pos_interpolation_A_um
                0x20001b1c        0x4 build/profile_joint.o
                0x20001b1c                pos_interpolation_A_um
 .bss.pos_interpolation_B_um
                0x20001b20        0x4 build/profile_joint.o
                0x20001b20                pos_interpolation_B_um
 .bss.pos_ref_um
                0x20001b24        0x4 build/profile_joint.o
                0x20001b24                pos_ref_um
 .bss.profile_flag
                0x20001b28        0x4 build/profile_joint.o
                0x20001b28                profile_flag
 .bss.t1_f      0x20001b2c        0x4 build/profile_joint.o
                0x20001b2c                t1_f
 .bss.t1_tmp_f  0x20001b30        0x4 build/profile_joint.o
                0x20001b30                t1_tmp_f
 .bss.t2_f      0x20001b34        0x4 build/profile_joint.o
                0x20001b34                t2_f
 .bss.t3_f      0x20001b38        0x4 build/profile_joint.o
                0x20001b38                t3_f
 .bss.tCnt_f    0x20001b3c        0x4 build/profile_joint.o
                0x20001b3c                tCnt_f
 .bss.t_at_P_Dec_f
                0x20001b40        0x4 build/profile_joint.o
                0x20001b40                t_at_P_Dec_f
 .bss.time_interpolation_s
                0x20001b44        0x4 build/profile_joint.o
                0x20001b44                time_interpolation_s
 .bss.v0        0x20001b48        0x4 build/profile_joint.o
                0x20001b48                v0
 .bss.v0_abs    0x20001b4c        0x4 build/profile_joint.o
                0x20001b4c                v0_abs
 .bss.vel_interpolation_umPs
                0x20001b50        0x4 build/profile_joint.o
                0x20001b50                vel_interpolation_umPs
 .bss.vel_max_f_umPs
                0x20001b54        0x4 build/profile_joint.o
                0x20001b54                vel_max_f_umPs
 .bss.vel_ref_umPs
                0x20001b58        0x4 build/profile_joint.o
                0x20001b58                vel_ref_umPs
 .bss.vel_tmp_f
                0x20001b5c        0x4 build/profile_joint.o
                0x20001b5c                vel_tmp_f
 .bss.vp_abs    0x20001b60        0x4 build/profile_joint.o
                0x20001b60                vp_abs
 .bss.flag_rev_modbus
                0x20001b64        0x1 build/scope.o
                0x20001b64                flag_rev_modbus
 *fill*         0x20001b65        0x3 
 .bss.g_TxBuf_Pos
                0x20001b68        0x4 build/scope.o
                0x20001b68                g_TxBuf_Pos
 .bss.g_UserDefined_TxBuf
                0x20001b6c       0x50 build/scope.o
                0x20001b6c                g_UserDefined_TxBuf
 .bss.modbus_rly_delay_ms
                0x20001bbc        0x2 build/scope.o
                0x20001bbc                modbus_rly_delay_ms
 *fill*         0x20001bbe        0x2 
 .bss.count_over_AlerrTemperature.11848
                0x20001bc0        0x4 build/security.o
 .bss.count_over_current
                0x20001bc4        0x2 build/security.o
                0x20001bc4                count_over_current
 .bss.count_over_temperature
                0x20001bc6        0x2 build/security.o
                0x20001bc6                count_over_temperature
 .bss.over_current_staff_event_cnt
                0x20001bc8        0x4 build/security.o
 .bss.power_on_time
                0x20001bcc        0x4 build/security.o
                0x20001bcc                power_on_time
 .bss.s_count.11846
                0x20001bd0        0x4 build/security.o
 .bss.s_count.11870
                0x20001bd4        0x4 build/security.o
 .bss.temperture_hystersis.11847
                0x20001bd8        0x4 build/security.o
 .bss.cnt.11971
                0x20001bdc        0x4 build/spi_MEncoder.o
 .bss.cnt_temp.11984
                0x20001be0        0x4 build/spi_MEncoder.o
 .bss.count1.11978
                0x20001be4        0x4 build/spi_MEncoder.o
 .bss.estimated_SPD_filterd
                0x20001be8        0x4 build/spi_MEncoder.o
                0x20001be8                estimated_SPD_filterd
 .bss.estimated_phase_integ_int
                0x20001bec        0x4 build/spi_MEncoder.o
                0x20001bec                estimated_phase_integ_int
 .bss.flag_first_exe
                0x20001bf0        0x4 build/spi_MEncoder.o
                0x20001bf0                flag_first_exe
 .bss.g_Encode_offset
                0x20001bf4        0x4 build/spi_MEncoder.o
                0x20001bf4                g_Encode_offset
 .bss.g_Encode_offset_EN
                0x20001bf8        0x4 build/spi_MEncoder.o
                0x20001bf8                g_Encode_offset_EN
 .bss.g_measured_phase
                0x20001bfc        0x4 build/spi_MEncoder.o
                0x20001bfc                g_measured_phase
 .bss.pll_estimated_phase
                0x20001c00        0x4 build/spi_MEncoder.o
                0x20001c00                pll_estimated_phase
 .bss.pll_estimated_spd
                0x20001c04        0x4 build/spi_MEncoder.o
                0x20001c04                pll_estimated_spd
 .bss.pll_pid_integ
                0x20001c08        0x4 build/spi_MEncoder.o
                0x20001c08                pll_pid_integ
 .bss.pll_pid_integ_int
                0x20001c0c        0x4 build/spi_MEncoder.o
                0x20001c0c                pll_pid_integ_int
 .bss.single_value_last_raw.11994
                0x20001c10        0x4 build/spi_MEncoder.o
 .bss.sys_mot_test_last.11983
                0x20001c14        0x2 build/spi_MEncoder.o
 *fill*         0x20001c16        0x2 
 .bss.temp_spd  0x20001c18       0x60 build/spi_MEncoder.o
                0x20001c18                temp_spd
 .bss.temp_spd_filed
                0x20001c78       0x60 build/spi_MEncoder.o
                0x20001c78                temp_spd_filed
 .bss.temp_spd_index
                0x20001cd8        0x4 build/spi_MEncoder.o
                0x20001cd8                temp_spd_index
 .bss.flag_is_writable
                0x20001cdc        0x1 build/uart.o
                0x20001cdc                flag_is_writable
 *fill*         0x20001cdd        0x1 
 .bss.g_UART_RXlen
                0x20001cde        0x2 build/uart.o
                0x20001cde                g_UART_RXlen
 .bss.g_UART_Rx_Modbus
                0x20001ce0       0x80 build/uart.o
                0x20001ce0                g_UART_Rx_Modbus
 .bss.g_UART_Tx_Modbus
                0x20001d60       0x80 build/uart.o
                0x20001d60                g_UART_Tx_Modbus
 .bss.g_UART_Tx_Modbus_len
                0x20001de0        0x1 build/uart.o
                0x20001de0                g_UART_Tx_Modbus_len
 .bss.g_bUARTPushingFrames
                0x20001de1        0x1 build/uart.o
                0x20001de1                g_bUARTPushingFrames
 .bss.g_fast_debug
                0x20001de2        0x1 build/uart.o
                0x20001de2                g_fast_debug
 .bss.g_flag_monitor_from_host
                0x20001de3        0x1 build/uart.o
                0x20001de3                g_flag_monitor_from_host
 .bss.g_index_Modbus
                0x20001de4        0x2 build/uart.o
                0x20001de4                g_index_Modbus
 *fill*         0x20001de6        0x2 
 .bss.last_usr_mode
                0x20001de8        0x4 build/uart.o
 .bss.uart_recv_buf
                0x20001dec       0x88 build/uart.o
 .bss.HAL_RCC_ADC12_CLK_ENABLED
                0x20001e74        0x4 build/stm32g4xx_hal_msp.o
 .bss.pxCurrentTCB
                0x20001e78        0x4 build/tasks.o
                0x20001e78                pxCurrentTCB
 .bss.pxReadyTasksLists
                0x20001e7c       0x8c build/tasks.o
 .bss.ulTaskSwitchedInTime
                0x20001f08        0x4 build/tasks.o
 .bss.uxSchedulerSuspended
                0x20001f0c        0x4 build/tasks.o
 .bss.uxTopReadyPriority
                0x20001f10        0x4 build/tasks.o
 .bss.xYieldPending
                0x20001f14        0x4 build/tasks.o
 *(COMMON)
 COMMON         0x20001f18       0xd8 build/adc.o
                0x20001f18                hadc2
                0x20001f84                hadc1
 COMMON         0x20001ff0       0x78 build/global.o
                0x20001ff0                gSpd_Kp
                0x20001ff4                pos_p_vel_float
                0x20001ff8                g_ZeroCur_MotorA
                0x20001ffc                gSpd_Ki
                0x20002000                gSpd_ds
                0x20002004                Motor_pause_flag
                0x20002005                Motor_emergercy_stop
                0x20002008                gPos_Ki
                0x2000200c                g_ZeroCur_MotorC
                0x20002010                g_ZeroCur_MotorB
                0x20002014                gPos_ds
                0x20002018                vlaue_icmu_offset_overturn
                0x2000201c                waveGen
                0x20002050                gCur_Kp
                0x20002054                range_icmu_vlaue_need_addMax
                0x20002058                gCur_Ki
                0x2000205c                range_icmu_vlaue_at_stroke
                0x20002060                Flag_error_MU_value_instable
                0x20002064                gPos_Kp
 COMMON         0x20002068      0x124 build/icmu.o
                0x20002068                hspi1
                0x200020cc                hdma_spi1_rx
                0x2000212c                hdma_spi1_tx
 *fill*         0x2000218c        0x4 
 COMMON         0x20002190      0x23c build/pid.o
                0x20002190                g_X
                0x20002194                delta_alpha
                0x20002198                speed2
                0x2000219c                pid_last_hall_ture_value1
                0x200021a0                g_Iq_filter
                0x200021a4                g_Z
                0x200021a8                I_Beta
                0x200021ac                pid_hall_ture_value1
                0x200021b0                I_Alpha
                0x200021b8                pid_force
                0x20002200                g_Y
                0x20002204                time4_capture_ch1
                0x20002208                pid_ID
                0x20002250                integre_observer_ElectricAngle
                0x20002254                speed3
                0x20002258                g_Id_filter
                0x2000225c                pid_hall_sample_time_point
                0x20002284                observer_speed
                0x20002288                pid_pos
                0x200022d0                delata_beta
                0x200022d8                hall_total_time
                0x200022e0                L
                0x200022e4                temp_L
                0x200022e8                pid_pll
                0x20002330                pid_spd
                0x20002378                pid_IQ
                0x200023c0                anlge_reg
                0x200023c4                speed1
                0x200023c8                observer_ElectricAngle
 COMMON         0x200023cc       0x58 build/pwm.o
                0x200023cc                hall_b
                0x200023d0                hall_a
                0x200023d4                htim1
                0x20002420                hall_c
 COMMON         0x20002424      0x3d4 build/uart.o
                0x20002424                struct_hFrame
                0x20002524                hdma_usart1_tx
                0x20002584                hdma_usart1_rx
                0x200025e4                huart1
                0x20002678                g_UART_TxBuf
                0x200026f8                uart1_dma_rx_arry
                0x20002778                g_UART_RxBuf
 COMMON         0x200027f8        0x4 build/stm32g4xx_hal.o
                0x200027f8                uwTick
                0x200027fc                . = ALIGN (0x4)
                0x200027fc                _ebss = .
                0x200027fc                __bss_end__ = _ebss

._user_heap_stack
                0x200027fc      0x404 load address 0x0800e080
                0x20002800                . = ALIGN (0x8)
 *fill*         0x200027fc        0x4 
                0x20002800                PROVIDE (end = .)
                [!provide]                PROVIDE (_end = .)
                0x20002800                . = (. + _Min_Heap_Size)
                0x20002c00                . = (. + _Min_Stack_Size)
 *fill*         0x20002800      0x400 
                0x20002c00                . = ALIGN (0x8)

/DISCARD/
 libc.a(*)
 libm.a(*)
 libgcc.a(*)

.ARM.attributes
                0x00000000       0x30
 *(.ARM.attributes)
 .ARM.attributes
                0x00000000       0x22 c:/program files (x86)/gnu tools arm embedded/7 2018-q2-update/bin/../lib/gcc/arm-none-eabi/7.3.1/thumb/v7e-m/fpv4-sp/hard/crti.o
 .ARM.attributes
                0x00000022       0x34 c:/program files (x86)/gnu tools arm embedded/7 2018-q2-update/bin/../lib/gcc/arm-none-eabi/7.3.1/thumb/v7e-m/fpv4-sp/hard/crtbegin.o
 .ARM.attributes
                0x00000056       0x39 build/main.o
 .ARM.attributes
                0x0000008f       0x39 build/adc.o
 .ARM.attributes
                0x000000c8       0x39 build/calibration.o
 .ARM.attributes
                0x00000101       0x39 build/flash.o
 .ARM.attributes
                0x0000013a       0x39 build/global.o
 .ARM.attributes
                0x00000173       0x39 build/icmu.o
 .ARM.attributes
                0x000001ac       0x39 build/led.o
 .ARM.attributes
                0x000001e5       0x39 build/limit_pos_detection.o
 .ARM.attributes
                0x0000021e       0x39 build/nvic.o
 .ARM.attributes
                0x00000257       0x39 build/parameter_identification.o
 .ARM.attributes
                0x00000290       0x39 build/performance_test.o
 .ARM.attributes
                0x000002c9       0x39 build/pid.o
 .ARM.attributes
                0x00000302       0x39 build/profile_joint.o
 .ARM.attributes
                0x0000033b       0x39 build/pwm.o
 .ARM.attributes
                0x00000374       0x39 build/scope.o
 .ARM.attributes
                0x000003ad       0x39 build/security.o
 .ARM.attributes
                0x000003e6       0x39 build/spi_MEncoder.o
 .ARM.attributes
                0x0000041f       0x39 build/stm32_math_sin.o
 .ARM.attributes
                0x00000458       0x39 build/uart.o
 .ARM.attributes
                0x00000491       0x39 build/app_freertos.o
 .ARM.attributes
                0x000004ca       0x39 build/stm32g4xx_it.o
 .ARM.attributes
                0x00000503       0x39 build/stm32g4xx_hal_msp.o
 .ARM.attributes
                0x0000053c       0x39 build/stm32g4xx_hal.o
 .ARM.attributes
                0x00000575       0x39 build/stm32g4xx_hal_rcc.o
 .ARM.attributes
                0x000005ae       0x39 build/stm32g4xx_hal_rcc_ex.o
 .ARM.attributes
                0x000005e7       0x39 build/stm32g4xx_hal_flash.o
 .ARM.attributes
                0x00000620       0x39 build/stm32g4xx_hal_flash_ex.o
 .ARM.attributes
                0x00000659       0x39 build/stm32g4xx_hal_gpio.o
 .ARM.attributes
                0x00000692       0x39 build/stm32g4xx_hal_exti.o
 .ARM.attributes
                0x000006cb       0x39 build/stm32g4xx_hal_dma.o
 .ARM.attributes
                0x00000704       0x39 build/stm32g4xx_hal_pwr_ex.o
 .ARM.attributes
                0x0000073d       0x39 build/stm32g4xx_hal_cortex.o
 .ARM.attributes
                0x00000776       0x39 build/stm32g4xx_hal_tim.o
 .ARM.attributes
                0x000007af       0x39 build/stm32g4xx_hal_tim_ex.o
 .ARM.attributes
                0x000007e8       0x39 build/stm32g4xx_hal_adc.o
 .ARM.attributes
                0x00000821       0x39 build/stm32g4xx_hal_adc_ex.o
 .ARM.attributes
                0x0000085a       0x39 build/stm32g4xx_hal_uart.o
 .ARM.attributes
                0x00000893       0x39 build/stm32g4xx_hal_uart_ex.o
 .ARM.attributes
                0x000008cc       0x39 build/system_stm32g4xx.o
 .ARM.attributes
                0x00000905       0x39 build/tasks.o
 .ARM.attributes
                0x0000093e       0x39 build/port.o
 .ARM.attributes
                0x00000977       0x21 build/startup_stm32g431xx.o
 .ARM.attributes
                0x00000998       0x25 build/stm32_math.o
 .ARM.attributes
                0x000009bd       0x34 c:/program files (x86)/gnu tools arm embedded/7 2018-q2-update/bin/../lib/gcc/arm-none-eabi/7.3.1/../../../../arm-none-eabi/lib/thumb/v7e-m/fpv4-sp/hard\libc_nano.a(lib_a-impure.o)
 .ARM.attributes
                0x000009f1       0x34 c:/program files (x86)/gnu tools arm embedded/7 2018-q2-update/bin/../lib/gcc/arm-none-eabi/7.3.1/../../../../arm-none-eabi/lib/thumb/v7e-m/fpv4-sp/hard\libc_nano.a(lib_a-init.o)
 .ARM.attributes
                0x00000a25       0x34 c:/program files (x86)/gnu tools arm embedded/7 2018-q2-update/bin/../lib/gcc/arm-none-eabi/7.3.1/../../../../arm-none-eabi/lib/thumb/v7e-m/fpv4-sp/hard\libc_nano.a(lib_a-memcpy-stub.o)
 .ARM.attributes
                0x00000a59       0x34 c:/program files (x86)/gnu tools arm embedded/7 2018-q2-update/bin/../lib/gcc/arm-none-eabi/7.3.1/../../../../arm-none-eabi/lib/thumb/v7e-m/fpv4-sp/hard\libc_nano.a(lib_a-memset.o)
 .ARM.attributes
                0x00000a8d       0x34 c:/program files (x86)/gnu tools arm embedded/7 2018-q2-update/bin/../lib/gcc/arm-none-eabi/7.3.1/../../../../arm-none-eabi/lib/thumb/v7e-m/fpv4-sp/hard\libm.a(lib_a-sqrtl.o)
 .ARM.attributes
                0x00000ac1       0x34 c:/program files (x86)/gnu tools arm embedded/7 2018-q2-update/bin/../lib/gcc/arm-none-eabi/7.3.1/../../../../arm-none-eabi/lib/thumb/v7e-m/fpv4-sp/hard\libm.a(lib_a-w_asin.o)
 .ARM.attributes
                0x00000af5       0x34 c:/program files (x86)/gnu tools arm embedded/7 2018-q2-update/bin/../lib/gcc/arm-none-eabi/7.3.1/../../../../arm-none-eabi/lib/thumb/v7e-m/fpv4-sp/hard\libm.a(lib_a-w_log.o)
 .ARM.attributes